Mar 24, 2026 22:29:32.121 [281473323299040] INFO - Plex Media Server v1.43.0.10492-121068a07 - Docker Docker Container (LinuxServer.io) aarch64 - build: linux-aarch64 debian - GMT 01:00
Mar 24, 2026 22:29:32.121 [281473323299040] INFO - Linux version: 6.17.8-orbstack-00308-g8f9c941121b1, language: en-US
Mar 24, 2026 22:29:32.121 [281473323299040] INFO - Processor: 8-core Apple Swift
Mar 24, 2026 22:29:32.121 [281473323299040] INFO - Compiler is - Clang 11.0.1 (https://plex.tv 9b997da8e5b47bdb4a9425b3a3b290be393b4b1f)
Mar 24, 2026 22:29:32.121 [281473323299040] INFO - /usr/lib/plexmediaserver/Plex Media Server
Mar 24, 2026 22:29:32.122 [281473421389856] DEBUG - BPQ: [Idle] -> [Starting]
Mar 24, 2026 22:29:32.123 [281473421389856] DEBUG - FeatureManager: Using cached data for features list
Mar 24, 2026 22:29:32.125 [281473421389856] DEBUG - MyPlex: mapping state set to 'Unknown'.
Mar 24, 2026 22:29:32.126 [281473421389856] DEBUG - Relay: read 1 cached entries from hosts file
Mar 24, 2026 22:29:32.126 [281473421389856] DEBUG - Opening 20 database sessions to library (com.plexapp.plugins.library), SQLite 3.39.4, threadsafe=1
Mar 24, 2026 22:29:32.128 [281473421389856] INFO - SQLITE3:0xffffa349f5b0, 283, recovered 50 frames from WAL file /config/Library/Application Support/Plex Media Server/Plug-in Support/Databases/com.plexapp.plugins.library.db-wal
Mar 24, 2026 22:29:32.226 [281473421389856] DEBUG - MyPlex: using cached data for request for https://plex.tv/api/v2/server/users/features
Mar 24, 2026 22:29:32.246 [281473421389856] DEBUG - [CERT] Subject name is /CN=*.16c329135f6e41b3a1024017a16a7d6a.plex.direct
Mar 24, 2026 22:29:32.246 [281473421389856] DEBUG - [CERT] Installed certificate with fingerprint df:db:36:d7:26:28:22:21:95:5d:95:38:0f:91:52:0c:50:81:60:5b.
Mar 24, 2026 22:29:32.246 [281473421389856] DEBUG - [CERT/OCSP] no URL available
Mar 24, 2026 22:29:32.246 [281473421389856] WARN - [CERT/OCSP] getCertInfo failed; skipping stapling
Mar 24, 2026 22:29:32.246 [281473421389856] DEBUG - HttpServer: Listening on IPv6 as well as IPv4.
Mar 24, 2026 22:29:32.246 [281473421389856] DEBUG - HttpServer: Listening on port 32400.
Mar 24, 2026 22:29:32.246 [281473421389856] DEBUG - HttpServer: Listening on port 32401.
Mar 24, 2026 22:29:32.246 [281473421389856] DEBUG - Running server...
Mar 24, 2026 22:29:32.247 [281473421389856] INFO - Running migrations. (EPG 0)
Mar 24, 2026 22:29:32.247 [281473305534688] DEBUG - HttpServer: Set up a thread pool with 2 threads.
Mar 24, 2026 22:29:32.247 [281473421389856] DEBUG - Captured session 0.
Mar 24, 2026 22:29:32.247 [281473421389856] DEBUG - Captured session 1.
Mar 24, 2026 22:29:32.247 [281473421389856] DEBUG - Captured session 2.
Mar 24, 2026 22:29:32.247 [281473421389856] DEBUG - Captured session 3.
Mar 24, 2026 22:29:32.247 [281473421389856] DEBUG - Captured session 4.
Mar 24, 2026 22:29:32.247 [281473421389856] DEBUG - Captured session 5.
Mar 24, 2026 22:29:32.247 [281473421389856] DEBUG - Captured session 6.
Mar 24, 2026 22:29:32.247 [281473421389856] DEBUG - Captured session 7.
Mar 24, 2026 22:29:32.247 [281473421389856] DEBUG - Captured session 8.
Mar 24, 2026 22:29:32.247 [281473421389856] DEBUG - Captured session 9.
Mar 24, 2026 22:29:32.247 [281473421389856] DEBUG - Captured session 10.
Mar 24, 2026 22:29:32.247 [281473421389856] DEBUG - Captured session 11.
Mar 24, 2026 22:29:32.247 [281473421389856] DEBUG - Captured session 12.
Mar 24, 2026 22:29:32.247 [281473421389856] DEBUG - Captured session 13.
Mar 24, 2026 22:29:32.247 [281473421389856] DEBUG - Captured session 14.
Mar 24, 2026 22:29:32.247 [281473421389856] DEBUG - Captured session 15.
Mar 24, 2026 22:29:32.247 [281473421389856] DEBUG - Captured session 16.
Mar 24, 2026 22:29:32.247 [281473421389856] DEBUG - Captured session 17.
Mar 24, 2026 22:29:32.247 [281473421389856] DEBUG - Captured session 18.
Mar 24, 2026 22:29:32.247 [281473421389856] DEBUG - Captured session 19.
Mar 24, 2026 22:29:32.250 [281473421389856] DEBUG - ChangestampAllocator: initialized to 15
Mar 24, 2026 22:29:32.250 [281473421389856] DEBUG - Opening 2 database sessions to library (com.plexapp.plugins.library.blobs), SQLite 3.39.4, threadsafe=1
Mar 24, 2026 22:29:32.255 [281473421389856] INFO - Running migrations. (EPG 0)
Mar 24, 2026 22:29:32.255 [281473421389856] DEBUG - Captured session 0.
Mar 24, 2026 22:29:32.255 [281473421389856] DEBUG - Captured session 1.
Mar 24, 2026 22:29:32.285 [281473318519008] DEBUG - Grabber: Cleaning up orphaned grabs.
Mar 24, 2026 22:29:32.286 [281473318519008] DEBUG - Grabber: Cleaned up 0 decrepit directories in 0.0 sec.
Mar 24, 2026 22:29:32.286 [281473421389856] DEBUG - Media Provider: Registering provider com.plexapp.plugins.library
Mar 24, 2026 22:29:32.286 [281473421389856] DEBUG - Auth: Refreshing tokens inside the token-based authentication filter.
Mar 24, 2026 22:29:32.286 [281473421389856] DEBUG - MyPlex: using cached data for request for https://plex.tv/api/v2/server/access_tokens?auth_token=xxxxxxxxxxxxxxxxxxxx
Mar 24, 2026 22:29:32.287 [281473421389856] DEBUG - MyPlex: updating with 8 access tokens
Mar 24, 2026 22:29:32.287 [281473421389856] DEBUG - MyPlex: using cached data for request for https://plex.tv/api/v2/server/users?auth_token=xxxxxxxxxxxxxxxxxxxx
Mar 24, 2026 22:29:32.287 [281473421389856] DEBUG - MyPlex: using cached data for request for https://plex.tv/api/v2/server/users/subscriptions?auth_token=xxxxxxxxxxxxxxxxxxxx
Mar 24, 2026 22:29:32.287 [281473421389856] DEBUG - MyPlex: using cached data for request for https://plex.tv/api/v2/server/users/services?auth_token=xxxxxxxxxxxxxxxxxxxx
Mar 24, 2026 22:29:32.288 [281473318519008] DEBUG - Auth: Refreshing tokens inside the token-based authentication filter.
Mar 24, 2026 22:29:32.288 [281473318519008] DEBUG - [HCl#1] HTTP requesting GET https://plex.tv/api/v2/server/access_tokens?auth_token=xxxxxxxxxxxxxxxxxxxx
Mar 24, 2026 22:29:32.288 [281473421389856] DEBUG - Opening 1 database sessions to library (), SQLite 3.39.4, threadsafe=1
Mar 24, 2026 22:29:32.290 [281473277989088] DEBUG - File "/usr/lib/plexmediaserver/Resources/Plug-ins-121068a07" changed: -1 => 2026-03-21 15:32:41 (1774103561).
Mar 24, 2026 22:29:32.290 [281473277989088] DEBUG - File "/config/Library/Application Support/Plex Media Server/Plug-ins" changed: -1 => 2026-03-24 20:26:39 (1774380399).
Mar 24, 2026 22:29:32.290 [281473277989088] DEBUG - Scanning for plug-ins in "/usr/lib/plexmediaserver/Resources/Plug-ins-121068a07"
Mar 24, 2026 22:29:32.298 [281473277989088] DEBUG - Scanning for plug-ins in "/config/Library/Application Support/Plex Media Server/Plug-ins"
Mar 24, 2026 22:29:32.298 [281473277989088] DEBUG - PluginRepository::setStartState: 1, startingSystem
Mar 24, 2026 22:29:32.298 [281473277989088] DEBUG - Starting plug-in /usr/lib/plexmediaserver/Resources/Plug-ins-121068a07/System.bundle.
Mar 24, 2026 22:29:32.298 [281473277989088] DEBUG - [com.plexapp.system] Setting plug-in to always running (daemon mode).
Mar 24, 2026 22:29:32.299 [281473277989088] DEBUG - Starting file watcher for com.plexapp.system
Mar 24, 2026 22:29:32.299 [281473277989088] DEBUG - Plugin: setting environment variable: 'PYTHONHOME=/usr/lib/plexmediaserver/Resources/Python'
Mar 24, 2026 22:29:32.299 [281473277989088] DEBUG - Plugin: setting environment variable: 'PYTHONPATH=/usr/lib/plexmediaserver/Resources/Python/python27.zip:/usr/lib/plexmediaserver/Resources/Python/lib/python2.7/site-packages'
Mar 24, 2026 22:29:32.299 [281473277989088] DEBUG - Spawned plug-in com.plexapp.system with PID 207
Mar 24, 2026 22:29:32.299 [281473277989088] DEBUG - [com.plexapp.system] Sending command: GET /:/prefixes
Mar 24, 2026 22:29:32.603 [281473310884064] DEBUG - Request: didn't get any data from [::1]:47910: End of file
Mar 24, 2026 22:29:32.920 [281473282207968] DEBUG - [HttpClient/HCl#1] HTTP/1.1 (0.6s) 200 response from GET https://plex.tv/api/v2/server/access_tokens?auth_token=xxxxxxxxxxxxxxxxxxxx
Mar 24, 2026 22:29:33.007 [281473318519008] DEBUG - MyPlex: updating with 8 access tokens
Mar 24, 2026 22:29:33.008 [281473318519008] DEBUG - [HCl#2] HTTP requesting GET https://plex.tv/api/v2/server/users?auth_token=xxxxxxxxxxxxxxxxxxxx
Mar 24, 2026 22:29:33.293 [281473282207968] DEBUG - [HttpClient/HCl#2] HTTP/1.1 (0.3s) 200 response from GET https://plex.tv/api/v2/server/users?auth_token=xxxxxxxxxxxxxxxxxxxx (reused)
Mar 24, 2026 22:29:33.414 [281473273770208] DEBUG - [HCl#3] HTTP requesting GET https://plex.tv/api/v2/server/users/subscriptions?auth_token=xxxxxxxxxxxxxxxxxxxx
Mar 24, 2026 22:29:33.546 [281473282207968] DEBUG - [HttpClient/HCl#3] HTTP/1.1 (0.1s) 200 response from GET https://plex.tv/api/v2/server/users/subscriptions?auth_token=xxxxxxxxxxxxxxxxxxxx (reused)
Mar 24, 2026 22:29:33.589 [281473273770208] DEBUG - MyPlex: using cached data for request for https://plex.tv/api/v2/server/users/services?auth_token=xxxxxxxxxxxxxxxxxxxx
Mar 24, 2026 22:29:33.873 [281473269551328] DEBUG - Request: [127.0.0.1:58266 (Loopback)] GET /:/plugins/com.plexapp.system/messaging/function/X0J1bmRsZVNlcnZpY2U6QWxsU2VydmljZXM_/Y2VyZWFsMQoxCmxpc3QKMApyMAo_/Y2VyZWFsMQoxCmRpY3QKMApyMAo_ (3 live) #3 GZIP Token ()
Mar 24, 2026 22:29:33.877 [281473267441888] DEBUG - Request: [127.0.0.1:58270 (Loopback)] GET / (4 live) #4 GZIP Token ()
Mar 24, 2026 22:29:33.878 [281473308774624] DEBUG - Completed: [127.0.0.1:58270] 503 GET / (4 live) #4 GZIP 2ms 436 bytes
Mar 24, 2026 22:29:33.879 [281473310884064] DEBUG - Completed: [127.0.0.1:58266] 503 GET /:/plugins/com.plexapp.system/messaging/function/X0J1bmRsZVNlcnZpY2U6QWxsU2VydmljZXM_/Y2VyZWFsMQoxCmxpc3QKMApyMAo_/Y2VyZWFsMQoxCmRpY3QKMApyMAo_ (3 live) #3 GZIP 13ms 436 bytes
Mar 24, 2026 22:29:34.120 [281473318519008] DEBUG - [JobRunner] Job running: /usr/lib/plexmediaserver/CrashUploader "--directory=/config/Library/Application Support/Plex Media Server/Crash Reports/1.43.0.10492-121068a07" --version=1.43.0.10492-121068a07 --platform=Linux --platformVersion=6.17.8-orbstack-00308-g8f9c941121b1 --serverUuid=0b7ef4be55a6ce2cbd71deb676303551923b4830 --userId=oscaarpelagio@gmail.com --sentryUrl=https://o17675.ingest.sentry.io/api/1233455/ --sentryKey=xxxxxxxxxxxxxxxxxxxxxxxxxxxxxxxx --vendor=Docker --model=aarch64 "--device=Docker Container (LinuxServer.io)"
Mar 24, 2026 22:29:34.121 [281473318519008] DEBUG - [JobRunner] Jobs: Starting child process with pid 243
Mar 24, 2026 22:29:34.222 [281473321099488] DEBUG - Jobs: '/usr/lib/plexmediaserver/CrashUploader' exit code for process 243 is 0 (success)
Mar 24, 2026 22:29:34.585 [281473277989088] DEBUG - Reading 486 bytes in the body, code is 200
Mar 24, 2026 22:29:34.585 [281473277989088] DEBUG - [com.plexapp.system] Plug-in running on port 39623.
Mar 24, 2026 22:29:34.585 [281473277989088] DEBUG -  * Plug-in handles prefix: /system
Mar 24, 2026 22:29:34.585 [281473277989088] DEBUG -  * Plug-in handles prefix: /player
Mar 24, 2026 22:29:34.585 [281473277989088] DEBUG - Read configuration for [com.plexapp.system], had 2 prefixes
Mar 24, 2026 22:29:34.586 [281473277989088] DEBUG - Done with 1 synchronous plug-in starts, starting the rest in parallel.
Mar 24, 2026 22:29:34.586 [281473277989088] DEBUG - PluginRepository::setStartState: 2, startingPlugins
Mar 24, 2026 22:29:34.586 [281473277989088] DEBUG - Updating the list of agents known by the system.
Mar 24, 2026 22:29:34.586 [281473277989088] DEBUG - [com.plexapp.system] Sending command over HTTP (GET): /system/agents
Mar 24, 2026 22:29:34.586 [281473277989088] DEBUG - [HCl#4] HTTP requesting GET http://127.0.0.1:39623/system/agents
Mar 24, 2026 22:29:34.597 [281473421389856] DEBUG - Image transcode cache directory: "/config/Library/Application Support/Plex Media Server/Cache/PhotoTranscoder"
Mar 24, 2026 22:29:34.597 [281473421389856] DEBUG - Transcoder: Cleaning old transcode directories.
Mar 24, 2026 22:29:34.607 [281473421389856] DEBUG - MyPlex: using cached data for request for https://plex.tv/api/v2/server/access_tokens?auth_token=xxxxxxxxxxxxxxxxxxxx
Mar 24, 2026 22:29:34.608 [281473421389856] DEBUG - MyPlex: updating with 8 access tokens
Mar 24, 2026 22:29:34.612 [281473267441888] DEBUG - Request: [127.0.0.1:58284 (Loopback)] GET /servers (3 live) #5 GZIP Token ()
Mar 24, 2026 22:29:34.612 [281473308774624] DEBUG - Completed: [127.0.0.1:58284] 503 GET /servers (3 live) #5 GZIP 0ms 436 bytes
Mar 24, 2026 22:29:34.613 [281473421389856] DEBUG - MyPlex: using cached data for request for https://plex.tv/api/v2/server/users?auth_token=xxxxxxxxxxxxxxxxxxxx
Mar 24, 2026 22:29:34.613 [281473421389856] DEBUG - MyPlex: using cached data for request for https://plex.tv/api/v2/server/users/subscriptions?auth_token=xxxxxxxxxxxxxxxxxxxx
Mar 24, 2026 22:29:34.613 [281473421389856] DEBUG - MyPlex: using cached data for request for https://plex.tv/api/v2/server/users/services?auth_token=xxxxxxxxxxxxxxxxxxxx
Mar 24, 2026 22:29:34.616 [281473421389856] DEBUG - MyPlex: using cached data for request for https://plex.tv/api/v2/user?includeSubscriptions=1&includeProviders=1
Mar 24, 2026 22:29:34.623 [281473421389856] DEBUG - MyPlex: username is oscaarp, login is oscaarpelagio@gmail.com, home is 0, no pin
Mar 24, 2026 22:29:34.625 [281473421389856] DEBUG - MyPlex: start public ip check and mapping - current mapped state: 'Unknown'.
Mar 24, 2026 22:29:34.625 [281473421389856] DEBUG - MyPlex: mapping state set to 'Not Mapped'.
Mar 24, 2026 22:29:34.625 [281473421389856] DEBUG - PublicAddressManager: Starting.
Mar 24, 2026 22:29:34.625 [281473421389856] DEBUG - PublicAddressManager: Obtaining public address and mapping port.
Mar 24, 2026 22:29:34.625 [281473271660768] DEBUG - PublicAddressManager: Obtaining public IP.
Mar 24, 2026 22:29:34.625 [281473271660768] DEBUG - [HCl#5] HTTP requesting GET https://v4.plex.tv/pms/:/ip
Mar 24, 2026 22:29:34.627 [281473421389856] DEBUG - NetworkInterface: Starting watch thread.
Mar 24, 2026 22:29:34.627 [281473421389856] DEBUG - Network change.
Mar 24, 2026 22:29:34.627 [281473421389856] DEBUG - NetworkInterface: Notified of network changed (force=0)
Mar 24, 2026 22:29:34.627 [281473259004128] DEBUG - NetworkInterface: Watching for changes on the interfaces.
Mar 24, 2026 22:29:34.628 [281473421389856] DEBUG - Detected primary interface: 192.168.147.2
Mar 24, 2026 22:29:34.628 [281473421389856] DEBUG - Network interfaces:
Mar 24, 2026 22:29:34.628 [281473421389856] DEBUG -  * 1 lo (127.0.0.1) (00-00-00-00-00-00) (loopback: 1)
Mar 24, 2026 22:29:34.628 [281473421389856] DEBUG -  * 5 eth0 (192.168.147.2) (B6-D3-59-75-9E-E5) (loopback: 0)
Mar 24, 2026 22:29:34.628 [281473421389856] DEBUG -  * 1 lo (::1) (00-00-00-00-00-00) (loopback: 1)
Mar 24, 2026 22:29:34.628 [281473421389856] DEBUG - Creating NetworkServices singleton.
Mar 24, 2026 22:29:34.628 [281473421389856] DEBUG - NetworkServices: Initializing...
Mar 24, 2026 22:29:34.628 [281473421389856] DEBUG - NetworkService: Creating new service.
Mar 24, 2026 22:29:34.628 [281473421389856] DEBUG - NetworkService: Got notification of changed network (first change: 1)
Mar 24, 2026 22:29:34.628 [281473421389856] DEBUG - NetworkService: Quick dispatch of network change.
Mar 24, 2026 22:29:34.628 [281473421389856] DEBUG - NetworkService: Creating new service.
Mar 24, 2026 22:29:34.628 [281473421389856] DEBUG - NetworkService: Got notification of changed network (first change: 1)
Mar 24, 2026 22:29:34.628 [281473421389856] DEBUG - NetworkService: Quick dispatch of network change.
Mar 24, 2026 22:29:34.628 [281473421389856] DEBUG - NetworkService: Creating new service.
Mar 24, 2026 22:29:34.628 [281473421389856] DEBUG - NetworkService: Got notification of changed network (first change: 1)
Mar 24, 2026 22:29:34.628 [281473421389856] DEBUG - NetworkService: Quick dispatch of network change.
Mar 24, 2026 22:29:34.628 [281473421389856] DEBUG - NetworkService: Creating new service.
Mar 24, 2026 22:29:34.628 [281473256894688] DEBUG - Network change for advertiser.
Mar 24, 2026 22:29:34.628 [281473256894688] DEBUG - NetworkService: Setting up multicast listener on 0.0.0.0:32414
Mar 24, 2026 22:29:34.628 [281473254785248] DEBUG - NAT: UPnP, attempting port mapping.
Mar 24, 2026 22:29:34.628 [281473421389856] DEBUG - NetworkService: Got notification of changed network (first change: 1)
Mar 24, 2026 22:29:34.628 [281473421389856] DEBUG - NetworkService: Quick dispatch of network change.
Mar 24, 2026 22:29:34.628 [281473421389856] DEBUG - NetworkService: Creating new service.
Mar 24, 2026 22:29:34.628 [281473421389856] DEBUG - NetworkService: Got notification of changed network (first change: 1)
Mar 24, 2026 22:29:34.628 [281473421389856] DEBUG - NetworkService: Quick dispatch of network change.
Mar 24, 2026 22:29:34.628 [281473421389856] DEBUG - NetworkService: Creating new service.
Mar 24, 2026 22:29:34.628 [281473421389856] DEBUG - NetworkService: Got notification of changed network (first change: 1)
Mar 24, 2026 22:29:34.628 [281473421389856] DEBUG - NetworkService: Quick dispatch of network change.
Mar 24, 2026 22:29:34.631 [281473421389856] DEBUG - Waiting for server condition to be signaled.
Mar 24, 2026 22:29:34.631 [281473250566368] DEBUG - [DatabaseFixups] Running fix-ups.
Mar 24, 2026 22:29:34.631 [281473250566368] DEBUG - [DatabaseFixups/31DatabaseFixupsCleanupRetroGames] Executing fixup
Mar 24, 2026 22:29:34.631 [281473246347488] DEBUG - [HCl#6] HTTP requesting GET https://plex.tv/api/v2/release_channels?X-Plex-Token=xxxxxxxxxxxxxxxxxxxx
Mar 24, 2026 22:29:34.631 [281473250566368] DEBUG - [DatabaseFixups/31DatabaseFixupsCleanupRetroGames] Fixup completed
Mar 24, 2026 22:29:34.631 [281473250566368] DEBUG - [DatabaseFixups/39DatabaseFixupsEnsureLibrarySectionUuids] Executing fixup
Mar 24, 2026 22:29:34.631 [281473250566368] DEBUG - [DatabaseFixups/39DatabaseFixupsEnsureLibrarySectionUuids] Fixup completed
Mar 24, 2026 22:29:34.631 [281473250566368] DEBUG - [DatabaseFixups/38DatabaseFixupsEnsureMetadataItemHashes] Executing fixup
Mar 24, 2026 22:29:34.631 [281473250566368] DEBUG - [DatabaseFixups/38DatabaseFixupsEnsureMetadataItemHashes] Fixup completed
Mar 24, 2026 22:29:34.631 [281473250566368] DEBUG - [DatabaseFixups/39DatabaseFixupsSetDefaultAccountLanguage] Executing fixup
Mar 24, 2026 22:29:34.631 [281473250566368] DEBUG - [DatabaseFixups/39DatabaseFixupsSetDefaultAccountLanguage] Fixup completed
Mar 24, 2026 22:29:34.631 [281473250566368] DEBUG - [DatabaseFixups/52DatabaseFixupsCreateDefaultMediaProcessingTargetTags] Executing fixup
Mar 24, 2026 22:29:34.632 [281473250566368] DEBUG - [DatabaseFixups/52DatabaseFixupsCreateDefaultMediaProcessingTargetTags] Fixup completed
Mar 24, 2026 22:29:34.632 [281473250566368] DEBUG - [DatabaseFixups/43DatabaseFixupsUpdateAutomaticLibraryFolders] Executing fixup
Mar 24, 2026 22:29:34.632 [281473250566368] DEBUG - [DatabaseFixups/43DatabaseFixupsUpdateAutomaticLibraryFolders] Fixup completed
Mar 24, 2026 22:29:34.632 [281473250566368] DEBUG - [DatabaseFixups/29DatabaseFixupsSyncCollections] Executing fixup
Mar 24, 2026 22:29:34.632 [281473250566368] DEBUG - [DatabaseFixups/29DatabaseFixupsSyncCollections] Collections: Found 0 collections tags in section 1.
Mar 24, 2026 22:29:34.632 [281473250566368] DEBUG - [DatabaseFixups/29DatabaseFixupsSyncCollections] Collections: We had 0 collections in the library already.
Mar 24, 2026 22:29:34.632 [281473250566368] DEBUG - [DatabaseFixups/29DatabaseFixupsSyncCollections] Collections: Synced tags in section 1 in 0ms.
Mar 24, 2026 22:29:34.633 [281473240019168] DEBUG - DVR: Starting up.
Mar 24, 2026 22:29:34.634 [281473252675808] DEBUG - [HCl#7] HTTP requesting GET https://plex.tv/api/v2/user/privacy?X-Plex-Token=xxxxxxxxxxxxxxxxxxxx
Mar 24, 2026 22:29:34.634 [281473248456928] DEBUG - [ChildProcessMonitor] Plex Tuner Service starting.
Mar 24, 2026 22:29:34.634 [281473248456928] DEBUG - [ChildProcessMonitor/JobRunner] Job running: "/usr/lib/plexmediaserver/Plex Tuner Service" /usr/lib/plexmediaserver/Resources/Tuner/Private /usr/lib/plexmediaserver/Resources/Tuner/Shared 1.43.0.10492-121068a07 32600
Mar 24, 2026 22:29:34.635 [281473248456928] DEBUG - [ChildProcessMonitor/JobRunner] Jobs: Starting child process with pid 284
Mar 24, 2026 22:29:34.639 [281473256894688] DEBUG - Network change for advertiser.
Mar 24, 2026 22:29:34.639 [281473256894688] DEBUG - NetworkService: Setting up multicast listener on 0.0.0.0:32410
Mar 24, 2026 22:29:34.640 [281473256894688] DEBUG - Network change for advertiser.
Mar 24, 2026 22:29:34.640 [281473256894688] DEBUG - NetworkService: Setting up multicast listener on 0.0.0.0:32412
Mar 24, 2026 22:29:34.640 [281473256894688] DEBUG - NetworkService: Network change for browser (polled=0), closing 0 browse sockets.
Mar 24, 2026 22:29:34.640 [281473256894688] DEBUG - NetworkService: Setting up multicast listener on 0.0.0.0:32413
Mar 24, 2026 22:29:34.640 [281473256894688] DEBUG - NetworkService: Browsing on interface 127.0.0.1 on broadcast address 127.255.255.255 (index: 0)
Mar 24, 2026 22:29:34.640 [281473256894688] DEBUG - NetworkService: Browsing on interface 192.168.147.2 on broadcast address 192.168.147.255 (index: 1)
Mar 24, 2026 22:29:34.640 [281473256894688] DEBUG - NetworkService: Network change for browser (polled=1), closing 0 browse sockets.
Mar 24, 2026 22:29:34.640 [281473256894688] DEBUG - NetworkService: Browsing on interface 127.0.0.1 on broadcast address 127.255.255.255 (index: 0)
Mar 24, 2026 22:29:34.640 [281473256894688] DEBUG - NetworkService: Browsing on interface 192.168.147.2 on broadcast address 192.168.147.255 (index: 1)
Mar 24, 2026 22:29:34.640 [281473256894688] DEBUG - NetworkService: Network change for browser (polled=0), closing 0 browse sockets.
Mar 24, 2026 22:29:34.640 [281473256894688] DEBUG - NetworkService: Setting up multicast listener on 0.0.0.0:1901
Mar 24, 2026 22:29:34.640 [281473256894688] DEBUG - NetworkService: Browsing on interface 192.168.147.2 on broadcast address 239.255.255.250 (index: 0)
Mar 24, 2026 22:29:34.647 [281473250566368] DEBUG - [DatabaseFixups/29DatabaseFixupsSyncCollections] Collections: Refreshed attributes for 0 collections in section 1 in 14ms.
Mar 24, 2026 22:29:34.647 [281473250566368] DEBUG - [DatabaseFixups/29DatabaseFixupsSyncCollections] Collection: Refreshed visibility in section 1 in 0ms.
Mar 24, 2026 22:29:34.647 [281473250566368] DEBUG - [DatabaseFixups/29DatabaseFixupsSyncCollections] Fixup completed
Mar 24, 2026 22:29:34.647 [281473250566368] DEBUG - [DatabaseFixups/31DatabaseFixupsCleanupActivities] Executing fixup
Mar 24, 2026 22:29:34.656 [281473263223008] DEBUG - [HCl#8] HTTP requesting GET https://plex.tv/api/v2/user?includeSubscriptions=1&includeProviders=1
Mar 24, 2026 22:29:34.657 [281473235800288] DEBUG - [HCl#9] HTTP requesting GET https://plex.tv/api/v2/features?X-Plex-Token=xxxxxxxxxxxxxxxxxxxx
Mar 24, 2026 22:29:34.659 [281473318519008] DEBUG - PublicAddressManager: Obtaining public address and mapping port.
Mar 24, 2026 22:29:34.684 [281473240019168] DEBUG - Activity: registered new activity 44cc0fcb-fc96-405f-bd73-fb0f1b11f8c7 - "Processing subscriptions"
Mar 24, 2026 22:29:34.688 [281473250566368] DEBUG - [DatabaseFixups/31DatabaseFixupsCleanupActivities] Fixup completed
Mar 24, 2026 22:29:34.689 [281473250566368] DEBUG - [DatabaseFixups/35DatabaseFixupsConsolidatePeopleTags] Executing fixup
Mar 24, 2026 22:29:34.689 [281473250566368] DEBUG - [DatabaseFixups/35DatabaseFixupsConsolidatePeopleTags] Fixup completed
Mar 24, 2026 22:29:34.689 [281473250566368] DEBUG - [DatabaseFixups/54DatabaseFixupsGarbageCollectTransientMetadataRelations] Executing fixup
Mar 24, 2026 22:29:34.689 [281473250566368] DEBUG - [DatabaseFixups/54DatabaseFixupsGarbageCollectTransientMetadataRelations] Fixup completed
Mar 24, 2026 22:29:34.689 [281473250566368] DEBUG - [DatabaseFixups/48DatabaseFixupsResetCorruptedMetadataItemClusters] Executing fixup
Mar 24, 2026 22:29:34.689 [281473250566368] DEBUG - [DatabaseFixups/48DatabaseFixupsResetCorruptedMetadataItemClusters] Fixup completed
Mar 24, 2026 22:29:34.689 [281473250566368] DEBUG - [DatabaseFixups] Running database fix-ups completed in 0.1 seconds.
Mar 24, 2026 22:29:34.744 [281473282207968] DEBUG - [HttpClient/HCl#4] HTTP/1.1 (0.2s) 200 response from GET http://127.0.0.1:39623/system/agents
Mar 24, 2026 22:29:34.745 [281473277989088] DEBUG - [com.plexapp.system] HTTP reply status 200, with 8986 bytes of content.
Mar 24, 2026 22:29:34.746 [281473277989088] DEBUG - The system knows about 12 agents.
Mar 24, 2026 22:29:34.746 [281473277989088] DEBUG - Waiting for 16 plug-ins to finish starting.
Mar 24, 2026 22:29:34.747 [281473261113568] DEBUG - Starting plug-in /usr/lib/plexmediaserver/Resources/Plug-ins-121068a07/Fanart-TV.bundle.
Mar 24, 2026 22:29:34.747 [281473261113568] DEBUG - Perfect cache hit, we don't need to start [com.plexapp.agents.fanarttv] yet.
Mar 24, 2026 22:29:34.749 [281473231581408] DEBUG - Starting plug-in /usr/lib/plexmediaserver/Resources/Plug-ins-121068a07/Framework.bundle.
Mar 24, 2026 22:29:34.751 [281473231581408] DEBUG - Starting plug-in /usr/lib/plexmediaserver/Resources/Plug-ins-121068a07/HTbackdrops.bundle.
Mar 24, 2026 22:29:34.751 [281473261113568] DEBUG - Starting plug-in /usr/lib/plexmediaserver/Resources/Plug-ins-121068a07/LastFM.bundle.
Mar 24, 2026 22:29:34.752 [281473261113568] DEBUG - Perfect cache hit, we don't need to start [com.plexapp.agents.lastfm] yet.
Mar 24, 2026 22:29:34.752 [281473261113568] DEBUG - Starting plug-in /usr/lib/plexmediaserver/Resources/Plug-ins-121068a07/LocalMedia.bundle.
Mar 24, 2026 22:29:34.755 [281473261113568] DEBUG - Perfect cache hit, we don't need to start [com.plexapp.agents.localmedia] yet.
Mar 24, 2026 22:29:34.756 [281473233690848] DEBUG - Starting plug-in /usr/lib/plexmediaserver/Resources/Plug-ins-121068a07/LyricFind.bundle.
Mar 24, 2026 22:29:34.756 [281473261113568] DEBUG - Starting plug-in /usr/lib/plexmediaserver/Resources/Plug-ins-121068a07/Media-Flags.bundle.
Mar 24, 2026 22:29:34.757 [281473261113568] DEBUG - Starting plug-in /usr/lib/plexmediaserver/Resources/Plug-ins-121068a07/MoviePosterDB.bundle.
Mar 24, 2026 22:29:34.759 [281473233690848] DEBUG - Perfect cache hit, we don't need to start [com.plexapp.agents.lyricfind] yet.
Mar 24, 2026 22:29:34.760 [281473233690848] DEBUG - Starting plug-in /usr/lib/plexmediaserver/Resources/Plug-ins-121068a07/Musicbrainz.bundle.
Mar 24, 2026 22:29:34.760 [281473261113568] DEBUG - Perfect cache hit, we don't need to start [com.plexapp.agents.movieposterdb] yet.
Mar 24, 2026 22:29:34.760 [281473261113568] DEBUG - Starting plug-in /usr/lib/plexmediaserver/Resources/Plug-ins-121068a07/PersonalMedia.bundle.
Mar 24, 2026 22:29:34.761 [281473231581408] DEBUG - Perfect cache hit, we don't need to start [com.plexapp.agents.htbackdrops] yet.
Mar 24, 2026 22:29:34.761 [281473261113568] DEBUG - Perfect cache hit, we don't need to start [com.plexapp.agents.none] yet.
Mar 24, 2026 22:29:34.761 [281473261113568] DEBUG - Starting plug-in /usr/lib/plexmediaserver/Resources/Plug-ins-121068a07/PlexMovie.bundle.
Mar 24, 2026 22:29:34.761 [281473233690848] DEBUG - Perfect cache hit, we don't need to start [org.musicbrainz.agents.music] yet.
Mar 24, 2026 22:29:34.761 [281473233690848] DEBUG - Starting plug-in /usr/lib/plexmediaserver/Resources/Plug-ins-121068a07/PlexThemeMusic.bundle.
Mar 24, 2026 22:29:34.762 [281473261113568] DEBUG - Perfect cache hit, we don't need to start [com.plexapp.agents.imdb] yet.
Mar 24, 2026 22:29:34.762 [281473261113568] DEBUG - Starting plug-in /usr/lib/plexmediaserver/Resources/Plug-ins-121068a07/Scanners.bundle.
Mar 24, 2026 22:29:34.762 [281473231581408] DEBUG - Starting plug-in /usr/lib/plexmediaserver/Resources/Plug-ins-121068a07/TheMovieDB.bundle.
Mar 24, 2026 22:29:34.762 [281473261113568] DEBUG - Starting plug-in /usr/lib/plexmediaserver/Resources/Plug-ins-121068a07/TheTVDBv4.bundle.
Mar 24, 2026 22:29:34.764 [281473261113568] DEBUG - Perfect cache hit, we don't need to start [com.plexapp.agents.thetvdb] yet.
Mar 24, 2026 22:29:34.764 [281473261113568] DEBUG - Starting plug-in /usr/lib/plexmediaserver/Resources/Plug-ins-121068a07/WebClient.bundle.
Mar 24, 2026 22:29:34.764 [281473231581408] DEBUG - Perfect cache hit, we don't need to start [com.plexapp.agents.themoviedb] yet.
Mar 24, 2026 22:29:34.767 [281473233690848] DEBUG - Perfect cache hit, we don't need to start [com.plexapp.agents.plexthememusic] yet.
Mar 24, 2026 22:29:34.768 [281473277989088] DEBUG - Starting scheduled updates, every 3600 seconds
Mar 24, 2026 22:29:34.769 [281473277989088] INFO - LibraryUpdateManager path watching is disabled
Mar 24, 2026 22:29:34.769 [281473277989088] DEBUG - Done waiting for all plug-ins to start.
Mar 24, 2026 22:29:34.769 [281473277989088] DEBUG - PluginRepository::setStartState: 3, complete
Mar 24, 2026 22:29:34.769 [281473218924768] DEBUG - Downloading document http://127.0.0.1:32400/:/plugins/com.plexapp.agents.imdb/prefs
Mar 24, 2026 22:29:34.770 [281473218924768] DEBUG - Translator: Found locale af
Mar 24, 2026 22:29:34.770 [281473218924768] DEBUG - Translator: Found locale ar
Mar 24, 2026 22:29:34.770 [281473218924768] DEBUG - Translator: Found locale cs_CZ
Mar 24, 2026 22:29:34.770 [281473218924768] DEBUG - Translator: Found locale da
Mar 24, 2026 22:29:34.770 [281473218924768] DEBUG - Translator: Found locale de
Mar 24, 2026 22:29:34.770 [281473218924768] DEBUG - Translator: Found locale en
Mar 24, 2026 22:29:34.770 [281473218924768] DEBUG - Translator: Found locale es
Mar 24, 2026 22:29:34.770 [281473218924768] DEBUG - Translator: Found locale et_EE
Mar 24, 2026 22:29:34.770 [281473218924768] DEBUG - Translator: Found locale fi
Mar 24, 2026 22:29:34.770 [281473218924768] DEBUG - Translator: Found locale fr
Mar 24, 2026 22:29:34.770 [281473218924768] DEBUG - Translator: Found locale he
Mar 24, 2026 22:29:34.770 [281473218924768] DEBUG - Translator: Found locale hr_HR
Mar 24, 2026 22:29:34.770 [281473218924768] DEBUG - Translator: Found locale hu
Mar 24, 2026 22:29:34.770 [281473218924768] DEBUG - Translator: Found locale hu_HU
Mar 24, 2026 22:29:34.770 [281473218924768] DEBUG - Translator: Found locale it
Mar 24, 2026 22:29:34.770 [281473218924768] DEBUG - Translator: Found locale ja_JP
Mar 24, 2026 22:29:34.770 [281473218924768] DEBUG - Translator: Found locale ko
Mar 24, 2026 22:29:34.770 [281473218924768] DEBUG - Translator: Found locale lt
Mar 24, 2026 22:29:34.770 [281473218924768] DEBUG - Translator: Found locale nl
Mar 24, 2026 22:29:34.770 [281473218924768] DEBUG - Translator: Found locale nl_BE
Mar 24, 2026 22:29:34.770 [281473218924768] DEBUG - Translator: Found locale no
Mar 24, 2026 22:29:34.770 [281473218924768] DEBUG - Translator: Found locale pl
Mar 24, 2026 22:29:34.770 [281473218924768] DEBUG - Translator: Found locale pt
Mar 24, 2026 22:29:34.770 [281473218924768] DEBUG - Translator: Found locale pt_BR
Mar 24, 2026 22:29:34.770 [281473218924768] DEBUG - Translator: Found locale ro
Mar 24, 2026 22:29:34.770 [281473218924768] DEBUG - Translator: Found locale ru
Mar 24, 2026 22:29:34.770 [281473218924768] DEBUG - Translator: Found locale sk
Mar 24, 2026 22:29:34.770 [281473218924768] DEBUG - Translator: Found locale sl
Mar 24, 2026 22:29:34.770 [281473218924768] DEBUG - Translator: Found locale sr
Mar 24, 2026 22:29:34.770 [281473218924768] DEBUG - Translator: Found locale sv
Mar 24, 2026 22:29:34.770 [281473218924768] DEBUG - Translator: Found locale uk
Mar 24, 2026 22:29:34.770 [281473218924768] DEBUG - Translator: Found locale zh_CN
Mar 24, 2026 22:29:34.786 [281473218924768] DEBUG - [Req#b] Starting file watcher for com.plexapp.agents.imdb
Mar 24, 2026 22:29:34.786 [281473218924768] DEBUG - [Req#b] Plugin: setting environment variable: 'PYTHONHOME=/usr/lib/plexmediaserver/Resources/Python'
Mar 24, 2026 22:29:34.786 [281473218924768] DEBUG - [Req#b] Plugin: setting environment variable: 'PYTHONPATH=/usr/lib/plexmediaserver/Resources/Python/python27.zip:/usr/lib/plexmediaserver/Resources/Python/lib/python2.7/site-packages'
Mar 24, 2026 22:29:34.786 [281473218924768] DEBUG - [Req#b] Spawned plug-in com.plexapp.agents.imdb with PID 309
Mar 24, 2026 22:29:34.786 [281473218924768] DEBUG - [Req#b] [com.plexapp.agents.imdb] Sending command: GET /:/prefixes
Mar 24, 2026 22:29:34.813 [281473282207968] DEBUG - [HttpClient/HCl#6] HTTP/1.1 (0.2s) 200 response from GET https://plex.tv/api/v2/release_channels?X-Plex-Token=xxxxxxxxxxxxxxxxxxxx (reused)
Mar 24, 2026 22:29:35.143 [281473282207968] DEBUG - [HttpClient/HCl#7] HTTP/1.1 (0.5s) 200 response from GET https://plex.tv/api/v2/user/privacy?X-Plex-Token=xxxxxxxxxxxxxxxxxxxx
Mar 24, 2026 22:29:35.393 [281473282207968] DEBUG - [HttpClient/HCl#5] HTTP/1.1 (0.8s) 200 response from GET https://v4.plex.tv/pms/:/ip
Mar 24, 2026 22:29:35.393 [281473282207968] DEBUG - [HttpClient/HCl#8] HTTP/1.1 (0.7s) 200 response from GET https://plex.tv/api/v2/user?includeSubscriptions=1&includeProviders=1
Mar 24, 2026 22:29:35.393 [281473282207968] DEBUG - [HttpClient/HCl#9] HTTP/1.1 (0.7s) 200 response from GET https://plex.tv/api/v2/features?X-Plex-Token=xxxxxxxxxxxxxxxxxxxx
Mar 24, 2026 22:29:35.399 [281473271660768] DEBUG - PublicAddressManager: Got public IP from v4.plex.tv: 79.117.226.16
Mar 24, 2026 22:29:35.402 [281473273770208] DEBUG - MyPlex: username is oscaarp, login is oscaarpelagio@gmail.com, home is 0, no pin
Mar 24, 2026 22:29:35.404 [281473263223008] DEBUG - [HCl#a] HTTP requesting GET https://plex.tv/api/v2/geoip
Mar 24, 2026 22:29:35.414 [281473235800288] DEBUG - [HCl#b] HTTP requesting GET https://plex.tv/api/v2/server/users/features
Mar 24, 2026 22:29:35.572 [281473282207968] DEBUG - [HttpClient/HCl#b] HTTP/1.1 (0.2s) 200 response from GET https://plex.tv/api/v2/server/users/features (reused)
Mar 24, 2026 22:29:35.618 [281473282207968] DEBUG - [HttpClient/HCl#a] HTTP/1.1 (0.2s) 200 response from GET https://plex.tv/api/v2/geoip (reused)
Mar 24, 2026 22:29:35.636 [281473237909728] DEBUG - [HCl#d] HTTP requesting GET https://plex.tv/api/v2/server/webhooks?X-Plex-Token=xxxxxxxxxxxxxxxxxxxx
Mar 24, 2026 22:29:35.642 [281473263223008] DEBUG - [HCl#e] HTTP requesting GET https://plex.tv/api/v2/user/privacy?X-Plex-Token=xxxxxxxxxxxxxxxxxxxx
Mar 24, 2026 22:29:35.642 [281473310884064] DEBUG - [EventSourceClient/pubsub/139.162.158.105:443] Resolving 139.162.158.105 port 443
Mar 24, 2026 22:29:35.643 [281473310884064] DEBUG - [EventSourceClient/pubsub/139.162.158.105:443] Resolved 139.162.158.105 to 139.162.158.105:443
Mar 24, 2026 22:29:35.765 [281473308774624] DEBUG - [EventSourceClient/pubsub/139.162.158.105:443] Connected in 122 ms.
Mar 24, 2026 22:29:35.765 [281473308774624] DEBUG - [EventSourceClient/pubsub/139.162.158.105:443] Wrote data, reading reply.
Mar 24, 2026 22:29:35.778 [281473282207968] DEBUG - [HttpClient/HCl#e] HTTP/1.1 (0.1s) 200 response from GET https://plex.tv/api/v2/user/privacy?X-Plex-Token=xxxxxxxxxxxxxxxxxxxx (reused)
Mar 24, 2026 22:29:35.786 [281473282207968] DEBUG - [HttpClient/HCl#d] HTTP/1.1 (0.1s) 200 response from GET https://plex.tv/api/v2/server/webhooks?X-Plex-Token=xxxxxxxxxxxxxxxxxxxx (reused)
Mar 24, 2026 22:29:35.827 [281473263223008] DEBUG - [HCl#f] HTTP requesting GET https://plex.tv/api/v2/release_channels?X-Plex-Token=xxxxxxxxxxxxxxxxxxxx
Mar 24, 2026 22:29:35.868 [281473269551328] DEBUG - Request: [127.0.0.1:58298 (Loopback)] GET /system/messaging/clear_events/com.plexapp.agents.imdb (2 live) #9 GZIP Signed-in Token (oscaarp)
Mar 24, 2026 22:29:35.869 [281473269551328] DEBUG - [Req#9] [com.plexapp.system] Sending command over HTTP (GET): /system/messaging/clear_events/com.plexapp.agents.imdb
Mar 24, 2026 22:29:35.869 [281473269551328] DEBUG - [Req#9/HCl#10] HTTP requesting GET http://127.0.0.1:39623/system/messaging/clear_events/com.plexapp.agents.imdb
Mar 24, 2026 22:29:35.910 [281473282207968] DEBUG - [HttpClient/HCl#10] HTTP/1.1 (0.0s) 200 response from GET http://127.0.0.1:39623/system/messaging/clear_events/com.plexapp.agents.imdb
Mar 24, 2026 22:29:35.911 [281473269551328] DEBUG - [Req#9] [com.plexapp.system] HTTP reply status 200, with 0 bytes of content.
Mar 24, 2026 22:29:35.911 [281473308774624] DEBUG - Completed: [127.0.0.1:58298] 200 GET /system/messaging/clear_events/com.plexapp.agents.imdb (3 live) #9 GZIP 42ms 280 bytes
Mar 24, 2026 22:29:35.959 [281473267441888] DEBUG - Request: [127.0.0.1:58300 (Loopback)] GET /:/plugins/com.plexapp.system/resourceHashes (3 live) #e GZIP Signed-in Token (oscaarp)
Mar 24, 2026 22:29:35.960 [281473267441888] DEBUG - [Req#e] [com.plexapp.system] Sending command over HTTP (GET): /:/plugins/com.plexapp.system/resourceHashes
Mar 24, 2026 22:29:35.961 [281473267441888] DEBUG - [Req#e/HCl#11] HTTP requesting GET http://127.0.0.1:39623/:/plugins/com.plexapp.system/resourceHashes
Mar 24, 2026 22:29:36.005 [281473282207968] DEBUG - [HttpClient/HCl#11] HTTP/1.1 (0.0s) 404 response from GET http://127.0.0.1:39623/:/plugins/com.plexapp.system/resourceHashes
Mar 24, 2026 22:29:36.005 [281473267441888] DEBUG - [Req#e] [com.plexapp.system] HTTP reply status 404, with 0 bytes of content.
Mar 24, 2026 22:29:36.006 [281473310884064] DEBUG - Completed: [127.0.0.1:58300] 404 GET /:/plugins/com.plexapp.system/resourceHashes (3 live) #e GZIP 46ms 261 bytes
Mar 24, 2026 22:29:36.022 [281473269551328] DEBUG - Request: [127.0.0.1:58312 (Loopback)] GET /:/plugins/com.plexapp.system/messaging/function/X0J1bmRsZVNlcnZpY2U6QWxsU2VydmljZXM_/Y2VyZWFsMQoxCmxpc3QKMApyMAo_/Y2VyZWFsMQoxCmRpY3QKMApyMAo_ (3 live) #10 GZIP Signed-in Token (oscaarp)
Mar 24, 2026 22:29:36.023 [281473269551328] DEBUG - [Req#10] [com.plexapp.system] Sending command over HTTP (GET): /:/plugins/com.plexapp.system/messaging/function/X0J1bmRsZVNlcnZpY2U6QWxsU2VydmljZXM_/Y2VyZWFsMQoxCmxpc3QKMApyMAo_/Y2VyZWFsMQoxCmRpY3QKMApyMAo_
Mar 24, 2026 22:29:36.023 [281473269551328] DEBUG - [Req#10/HCl#12] HTTP requesting GET http://127.0.0.1:39623/:/plugins/com.plexapp.system/messaging/function/X0J1bmRsZVNlcnZpY2U6QWxsU2VydmljZXM_/Y2VyZWFsMQoxCmxpc3QKMApyMAo_/Y2VyZWFsMQoxCmRpY3QKMApyMAo_
Mar 24, 2026 22:29:36.024 [281473267441888] DEBUG - Request: [127.0.0.1:58324 (Loopback)] GET / (5 live) #11 GZIP Signed-in Token (oscaarp)
Mar 24, 2026 22:29:36.029 [281473282207968] DEBUG - [HttpClient/HCl#12] HTTP/1.1 (0.0s) 200 response from GET http://127.0.0.1:39623/:/plugins/com.plexapp.system/messaging/function/X0J1bmRsZVNlcnZpY2U6QWxsU2VydmljZXM_/Y2VyZWFsMQoxCmxpc3QKMApyMAo_/Y2VyZWFsMQoxCmRpY3QKMApyMAo_
Mar 24, 2026 22:29:36.031 [281473269551328] DEBUG - [Req#10] [com.plexapp.system] HTTP reply status 200, with 516 bytes of content.
Mar 24, 2026 22:29:36.032 [281473310884064] DEBUG - Completed: [127.0.0.1:58324] 200 GET / (5 live) #11 GZIP 7ms 4107 bytes
Mar 24, 2026 22:29:36.032 [281473310884064] DEBUG - Completed: [127.0.0.1:58312] 200 GET /:/plugins/com.plexapp.system/messaging/function/X0J1bmRsZVNlcnZpY2U6QWxsU2VydmljZXM_/Y2VyZWFsMQoxCmxpc3QKMApyMAo_/Y2VyZWFsMQoxCmRpY3QKMApyMAo_ (5 live) #10 GZIP 9ms 746 bytes
Mar 24, 2026 22:29:36.042 [281473282207968] DEBUG - [HttpClient/HCl#f] HTTP/1.1 (0.2s) 200 response from GET https://plex.tv/api/v2/release_channels?X-Plex-Token=xxxxxxxxxxxxxxxxxxxx (reused)
Mar 24, 2026 22:29:36.056 [281473263223008] DEBUG - [HCl#13] HTTP requesting GET https://plex.tv/api/v2/features?X-Plex-Token=xxxxxxxxxxxxxxxxxxxx
Mar 24, 2026 22:29:36.175 [281473308774624] DEBUG - [EventSourceClient/pubsub/139.162.158.105:443] Read HTTP reply header.
Mar 24, 2026 22:29:36.176 [281473308774624] DEBUG - [EventSourceClient/pubsub/139.162.158.105:443] MyPlex: We appear to have regained Internet connectivity.
Mar 24, 2026 22:29:36.194 [281473308774624] DEBUG - [EventSourceClient/pubsub/139.162.158.105:443] PublicAddressManager: Obtaining public address and mapping port.
Mar 24, 2026 22:29:36.194 [281473308774624] DEBUG - [EventSourceClient/pubsub/139.162.158.105:443] MyPlex: async reachability check - current mapped state: 'Not Mapped'.
Mar 24, 2026 22:29:36.194 [281473308774624] WARN - [EventSourceClient/pubsub/139.162.158.105:443] MyPlex: attempted a reachability check but we're not yet mapped.
Mar 24, 2026 22:29:36.194 [281473308774624] DEBUG - [EventSourceClient/pubsub/139.162.158.105:443] Successfully connected to 139.162.158.105.
Mar 24, 2026 22:29:36.255 [281473282207968] DEBUG - [HttpClient/HCl#13] HTTP/1.1 (0.2s) 200 response from GET https://plex.tv/api/v2/features?X-Plex-Token=xxxxxxxxxxxxxxxxxxxx (reused)
Mar 24, 2026 22:29:36.260 [281473263223008] DEBUG - [HCl#14] HTTP requesting GET https://plex.tv/api/v2/server/users/features
Mar 24, 2026 22:29:36.440 [281473282207968] DEBUG - [HttpClient/HCl#14] HTTP/1.1 (0.2s) 200 response from GET https://plex.tv/api/v2/server/users/features (reused)
Mar 24, 2026 22:29:36.444 [281473263223008] DEBUG - CERT: Certificate will not expire soon; we'll check again in a week.
Mar 24, 2026 22:29:36.444 [281473212596448] DEBUG - MyPlex: sendMapping resetting state - previous mapping state: 'Not Mapped'.
Mar 24, 2026 22:29:36.444 [281473212596448] DEBUG - MyPlex: mapping state set to 'Unknown'.
Mar 24, 2026 22:29:36.445 [281473263223008] DEBUG - MyPlex: Updating device connections (from timer: 0)
Mar 24, 2026 22:29:36.445 [281473212596448] DEBUG - MyPlex: Sending Server Info to myPlex (user=oscaarpelagio@gmail.com, ip=, port=0)
Mar 24, 2026 22:29:36.445 [281473212596448] DEBUG - [HCl#15] HTTP requesting POST https://plex.tv/servers.xml?auth_token=xxxxxxxxxxxxxxxxxxxx
Mar 24, 2026 22:29:36.445 [281473263223008] DEBUG - [HCl#16] HTTP requesting PUT https://plex.tv/devices/0b7ef4be55a6ce2cbd71deb676303551923b4830?Connection[][uri]=http://192.168.1.129:32400&Connection[][uri]=http://192.168.147.2:32400&httpsEnabled=1&httpsRequired=0&dnsRebindingProtection=0&X-Plex-Token=xxxxxxxxxxxxxxxxxxxx
Mar 24, 2026 22:29:36.588 [281473282207968] DEBUG - [HttpClient/HCl#16] HTTP/1.1 (0.1s) 200 response from PUT https://plex.tv/devices/0b7ef4be55a6ce2cbd71deb676303551923b4830?Connection[][uri]=http://192.168.1.129:32400&Connection[][uri]=http://192.168.147.2:32400&httpsEnabled=1&httpsRequired=0&dnsRebindingProtection=0&X-Plex-Token=xxxxxxxxxxxxxxxxxxxx (reused)
Mar 24, 2026 22:29:36.595 [281473267441888] DEBUG - Request: [127.0.0.1:58336 (Loopback)] GET /:/plugins/com.plexapp.system/messaging/function/X0FnZW50U2VydmljZTpVcGRhdGVJbmZv/Y2VyZWFsMQoxCmxpc3QKMApyMAo_/Y2VyZWFsMQo3CmRpY3QKbGlzdApkaWN0Cmxpc3QKbGlzdApsaXN0Cmxpc3QKMgpzMjMKY29tLnBsZXhhcHAuYWdlbnRzLmltZGJzMTAKaWRlbnRpZmllcnIxCnMxMAphZ2VudF9pbmZvMQpyMgoxMApyMwpzMTEKbWVkaWFfdHlwZXNyNApzMTIKYWNjZXB0c19mcm9tbnMxNApmYWxsYmFja19hZ2VudHI1CnMxNApjb250cmlidXRlc190b3I2CnM5Cmxhbmd1YWdlc2IxczIwCnBlcnNpc3Rfc3RvcmVkX2ZpbGVzaTAKczcKdmVyc2lvbmIxczE2CnByaW1hcnlfcHJvdmlkZXJiMXM1CnByZWZzczE5ClBsZXggTW92aWUgKExlZ2FjeSlzNApuYW1lMQpzNQpNb3ZpZTEKczI5CmNvbS5wbGV4YXBwLmFnZW50cy5sb2NhbG1lZGlhMQpzMjkKY29tLnBsZXhhcHAuYWdlbnRzLnRoZW1vdmllZGIzMwpzMgplbnMyCnN2czIKZnJzMgplc3MyCm5sczIKZGVzMgppdHMyCmRhczIKYXJzMgpjYXMyCnpoczIKY3NzMgpldHMyCmZpczIKZWxzMgpoZXMyCmhpczIKaHVzMgppZHMyCmphczIKa29zMgpsdnMyCm5vczIKZmFzMgpwbHMyCnB0czIKcm9zMgpydXMyCnNrczIKdGhzMgp0cnMyCnVrczIKdmlyMAo_ (4 live) #12 GZIP Signed-in Token (oscaarp)
Mar 24, 2026 22:29:36.596 [281473267441888] DEBUG - [Req#12] [com.plexapp.system] Sending command over HTTP (GET): /:/plugins/com.plexapp.system/messaging/function/X0FnZW50U2VydmljZTpVcGRhdGVJbmZv/Y2VyZWFsMQoxCmxpc3QKMApyMAo_/Y2VyZWFsMQo3CmRpY3QKbGlzdApkaWN0Cmxpc3QKbGlzdApsaXN0Cmxpc3QKMgpzMjMKY29tLnBsZXhhcHAuYWdlbnRzLmltZGJzMTAKaWRlbnRpZmllcnIxCnMxMAphZ2VudF9pbmZvMQpyMgoxMApyMwpzMTEKbWVkaWFfdHlwZXNyNApzMTIKYWNjZXB0c19mcm9tbnMxNApmYWxsYmFja19hZ2VudHI1CnMxNApjb250cmlidXRlc190b3I2CnM5Cmxhbmd1YWdlc2IxczIwCnBlcnNpc3Rfc3RvcmVkX2ZpbGVzaTAKczcKdmVyc2lvbmIxczE2CnByaW1hcnlfcHJvdmlkZXJiMXM1CnByZWZzczE5ClBsZXggTW92aWUgKExlZ2FjeSlzNApuYW1lMQpzNQpNb3ZpZTEKczI5CmNvbS5wbGV4YXBwLmFnZW50cy5sb2NhbG1lZGlhMQpzMjkKY29tLnBsZXhhcHAuYWdlbnRzLnRoZW1vdmllZGIzMwpzMgplbnMyCnN2czIKZnJzMgplc3MyCm5sczIKZGVzMgppdHMyCmRhczIKYXJzMgpjYXMyCnpoczIKY3NzMgpldHMyCmZpczIKZWxzMgpoZXMyCmhpczIKaHVzMgppZHMyCmphczIKa29zMgpsdnMyCm5vczIKZmFzMgpwbHMyCnB0czIKcm9zMgpydXMyCnNrczIKdGhzMgp0cnMyCnVrczIKdmlyMAo_
Mar 24, 2026 22:29:36.597 [281473267441888] DEBUG - [Req#12/HCl#17] HTTP requesting GET http://127.0.0.1:39623/:/plugins/com.plexapp.system/messaging/function/X0FnZW50U2VydmljZTpVcGRhdGVJbmZv/Y2VyZWFsMQoxCmxpc3QKMApyMAo_/Y2VyZWFsMQo3CmRpY3QKbGlzdApkaWN0Cmxpc3QKbGlzdApsaXN0Cmxpc3QKMgpzMjMKY29tLnBsZXhhcHAuYWdlbnRzLmltZGJzMTAKaWRlbnRpZmllcnIxCnMxMAphZ2VudF9pbmZvMQpyMgoxMApyMwpzMTEKbWVkaWFfdHlwZXNyNApzMTIKYWNjZXB0c19mcm9tbnMxNApmYWxsYmFja19hZ2VudHI1CnMxNApjb250cmlidXRlc190b3I2CnM5Cmxhbmd1YWdlc2IxczIwCnBlcnNpc3Rfc3RvcmVkX2ZpbGVzaTAKczcKdmVyc2lvbmIxczE2CnByaW1hcnlfcHJvdmlkZXJiMXM1CnByZWZzczE5ClBsZXggTW92aWUgKExlZ2FjeSlzNApuYW1lMQpzNQpNb3ZpZTEKczI5CmNvbS5wbGV4YXBwLmFnZW50cy5sb2NhbG1lZGlhMQpzMjkKY29tLnBsZXhhcHAuYWdlbnRzLnRoZW1vdmllZGIzMwpzMgplbnMyCnN2czIKZnJzMgplc3MyCm5sczIKZGVzMgppdHMyCmRhczIKYXJzMgpjYXMyCnpoczIKY3NzMgpldHMyCmZpczIKZWxzMgpoZXMyCmhpczIKaHVzMgppZHMyCmphczIKa29zMgpsdnMyCm5vczIKZmFzMgpwbHMyCnB0czIKcm9zMgpydXMyCnNrczIKdGhzMgp0cnMyCnVrczIKdmlyMAo_
Mar 24, 2026 22:29:36.604 [281473282207968] DEBUG - [HttpClient/HCl#15] HTTP/1.1 (0.2s) 422 response from POST https://plex.tv/servers.xml?auth_token=xxxxxxxxxxxxxxxxxxxx (reused)
Mar 24, 2026 22:29:36.604 [281473212596448] DEBUG - MyPlex: Published Mapping State response was 422
Mar 24, 2026 22:29:36.604 [281473212596448] DEBUG - MyPlex: Got response for 0b7ef4be55a6ce2cbd71deb676303551923b4830 ~ registered :0
Mar 24, 2026 22:29:36.604 [281473212596448] DEBUG - MyPlex: updating mapped state - current state: 'Not Mapped'
Mar 24, 2026 22:29:36.604 [281473212596448] DEBUG - MyPlex: mapping state set to 'Not Mapped'.
Mar 24, 2026 22:29:36.618 [281473282207968] DEBUG - [HttpClient/HCl#17] HTTP/1.1 (0.0s) 200 response from GET http://127.0.0.1:39623/:/plugins/com.plexapp.system/messaging/function/X0FnZW50U2VydmljZTpVcGRhdGVJbmZv/Y2VyZWFsMQoxCmxpc3QKMApyMAo_/Y2VyZWFsMQo3CmRpY3QKbGlzdApkaWN0Cmxpc3QKbGlzdApsaXN0Cmxpc3QKMgpzMjMKY29tLnBsZXhhcHAuYWdlbnRzLmltZGJzMTAKaWRlbnRpZmllcnIxCnMxMAphZ2VudF9pbmZvMQpyMgoxMApyMwpzMTEKbWVkaWFfdHlwZXNyNApzMTIKYWNjZXB0c19mcm9tbnMxNApmYWxsYmFja19hZ2VudHI1CnMxNApjb250cmlidXRlc190b3I2CnM5Cmxhbmd1YWdlc2IxczIwCnBlcnNpc3Rfc3RvcmVkX2ZpbGVzaTAKczcKdmVyc2lvbmIxczE2CnByaW1hcnlfcHJvdmlkZXJiMXM1CnByZWZzczE5ClBsZXggTW92aWUgKExlZ2FjeSlzNApuYW1lMQpzNQpNb3ZpZTEKczI5CmNvbS5wbGV4YXBwLmFnZW50cy5sb2NhbG1lZGlhMQpzMjkKY29tLnBsZXhhcHAuYWdlbnRzLnRoZW1vdmllZGIzMwpzMgplbnMyCnN2czIKZnJzMgplc3MyCm5sczIKZGVzMgppdHMyCmRhczIKYXJzMgpjYXMyCnpoczIKY3NzMgpldHMyCmZpczIKZWxzMgpoZXMyCmhpczIKaHVzMgppZHMyCmphczIKa29zMgpsdnMyCm5vczIKZmFzMgpwbHMyCnB0czIKcm9zMgpydXMyCnNrczIKdGhzMgp0cnMyCnVrczIKdmlyMAo_
Mar 24, 2026 22:29:36.618 [281473267441888] DEBUG - [Req#12] [com.plexapp.system] HTTP reply status 200, with 16 bytes of content.
Mar 24, 2026 22:29:36.619 [281473310884064] DEBUG - Completed: [127.0.0.1:58336] 200 GET /:/plugins/com.plexapp.system/messaging/function/X0FnZW50U2VydmljZTpVcGRhdGVJbmZv/Y2VyZWFsMQoxCmxpc3QKMApyMAo_/Y2VyZWFsMQo3CmRpY3QKbGlzdApkaWN0Cmxpc3QKbGlzdApsaXN0Cmxpc3QKMgpzMjMKY29tLnBsZXhhcHAuYWdlbnRzLmltZGJzMTAKaWRlbnRpZmllcnIxCnMxMAphZ2VudF9pbmZvMQpyMgoxMApyMwpzMTEKbWVkaWFfdHlwZXNyNApzMTIKYWNjZXB0c19mcm9tbnMxNApmYWxsYmFja19hZ2VudHI1CnMxNApjb250cmlidXRlc190b3I2CnM5Cmxhbmd1YWdlc2IxczIwCnBlcnNpc3Rfc3RvcmVkX2ZpbGVzaTAKczcKdmVyc2lvbmIxczE2CnByaW1hcnlfcHJvdmlkZXJiMXM1CnByZWZzczE5ClBsZXggTW92aWUgKExlZ2FjeSlzNApuYW1lMQpzNQpNb3ZpZTEKczI5CmNvbS5wbGV4YXBwLmFnZW50cy5sb2NhbG1lZGlhMQpzMjkKY29tLnBsZXhhcHAuYWdlbnRzLnRoZW1vdmllZGIzMwpzMgplbnMyCnN2czIKZnJzMgplc3MyCm5sczIKZGVzMgppdHMyCmRhczIKYXJzMgpjYXMyCnpoczIKY3NzMgpldHMyCmZpczIKZWxzMgpoZXMyCmhpczIKaHVzMgppZHMyCmphczIKa29zMgpsdnMyCm5vczIKZmFzMgpwbHMyCnB0czIKcm9zMgpydXMyCnNrczIKdGhzMgp0cnMyCnVrczIKdmlyMAo_ (4 live) #12 GZIP 23ms 415 bytes
Mar 24, 2026 22:29:36.624 [281473218924768] DEBUG - [Req#b] Reading 148 bytes in the body, code is 200
Mar 24, 2026 22:29:36.624 [281473218924768] DEBUG - [Req#b] [com.plexapp.agents.imdb] Plug-in running on port 35527.
Mar 24, 2026 22:29:36.624 [281473218924768] DEBUG - [Req#b] Read configuration for [com.plexapp.agents.imdb], had 0 prefixes
Mar 24, 2026 22:29:36.626 [281473218924768] DEBUG - [Req#b] [com.plexapp.agents.imdb] Sending command over HTTP (GET): /:/plugins/com.plexapp.agents.imdb/prefs
Mar 24, 2026 22:29:36.626 [281473218924768] DEBUG - [Req#b/HCl#18] HTTP requesting GET http://127.0.0.1:35527/:/plugins/com.plexapp.agents.imdb/prefs
Mar 24, 2026 22:29:36.644 [281473282207968] DEBUG - [HttpClient/HCl#18] HTTP/1.1 (0.0s) 200 response from GET http://127.0.0.1:35527/:/plugins/com.plexapp.agents.imdb/prefs
Mar 24, 2026 22:29:36.644 [281473218924768] DEBUG - [Req#b] [com.plexapp.agents.imdb] HTTP reply status 200, with 2224 bytes of content.
Mar 24, 2026 22:29:36.644 [281473218924768] DEBUG - Caching document http://127.0.0.1:32400/:/plugins/com.plexapp.agents.imdb/prefs as 9180bc3efa102f5c110e29e0e4ef199ed3b1404d
Mar 24, 2026 22:29:36.645 [281473218924768] DEBUG - IVA: Downloading trailer lists.
Mar 24, 2026 22:29:36.717 [281473218924768] DEBUG - IVA: Downloaded 47 trailers for source 1.
Mar 24, 2026 22:29:36.737 [281473218924768] DEBUG - IVA: Downloaded 28 trailers for source 2.
Mar 24, 2026 22:29:38.620 [281473229471968] DEBUG - [MediaProviderManager] Refreshing media providers
Mar 24, 2026 22:29:38.621 [281473229471968] DEBUG - [MediaProviderManager/Response::fetch/HCl#1d] HTTP requesting GET https://plex.tv/media/providers
Mar 24, 2026 22:29:38.832 [281473282207968] DEBUG - [HttpClient/HCl#1d] HTTP/1.1 (0.2s) 200 response from GET https://plex.tv/media/providers (reused)
Mar 24, 2026 22:29:38.833 [281473229471968] DEBUG - [MediaProviderManager] discovered cloud provider (Movies & Shows)
Mar 24, 2026 22:29:38.833 [281473229471968] DEBUG - [MediaProviderManager] discovered cloud provider (Metadata)
Mar 24, 2026 22:29:38.833 [281473229471968] DEBUG - [MediaProviderManager] loading cloud provider details (Metadata) (alive: 0)
Mar 24, 2026 22:29:38.833 [281473252675808] DEBUG - [MediaProviderManager/HCl#20] HTTP requesting GET https://vod.provider.plex.tv?includePreferences=1
Mar 24, 2026 22:29:38.904 [281473229471968] DEBUG - [MediaProviderManager] loading cloud provider details (Movies & Shows) (alive: 0)
Mar 24, 2026 22:29:38.904 [281473229471968] DEBUG - [MediaProviderManager/HCl#21] HTTP requesting GET https://vod.provider.plex.tv?includePreferences=1
Mar 24, 2026 22:29:38.908 [281473282207968] DEBUG - [HttpClient/HCl#20] HTTP/2.0 (0.1s) 200 response from GET https://vod.provider.plex.tv?includePreferences=1
Mar 24, 2026 22:29:38.920 [281473282207968] DEBUG - [HttpClient/HCl#21] HTTP/2.0 (0.0s) 200 response from GET https://vod.provider.plex.tv?includePreferences=1 (reused)
Mar 24, 2026 22:29:38.921 [281473229471968] DEBUG - [MediaProviderManager] we had 0 cloud providers online, we now have 2
Mar 24, 2026 22:29:38.921 [281473229471968] DEBUG - [MediaProviderManager] cloud provider (Metadata) is online and available
Mar 24, 2026 22:29:38.921 [281473229471968] DEBUG - [MediaProviderManager] cloud provider (Movies & Shows) is online and available
Mar 24, 2026 22:29:38.922 [281473229471968] DEBUG - [MediaProviderManager/MetadataAgentManager] Found media provider for agent provider 'tv.plex.agents.movie' with source URI 'provider://tv.plex.provider.metadata'
Mar 24, 2026 22:29:38.923 [281473229471968] DEBUG - [MediaProviderManager/MetadataAgentManager] Found media provider for agent provider 'tv.plex.agents.series' with source URI 'provider://tv.plex.provider.metadata'
Mar 24, 2026 22:29:38.923 [281473229471968] DEBUG - [MediaProviderManager/MetadataAgentManager] Found media provider for agent provider 'tv.plex.agents.music' with source URI 'provider://tv.plex.provider.metadata'
Mar 24, 2026 22:29:38.923 [281473229471968] DEBUG - [MediaProviderManager/MetadataAgentManager] Found media provider for agent provider 'org.musicbrainz.agents.music' with source URI 'provider://tv.plex.provider.metadata'
Mar 24, 2026 22:29:38.923 [281473229471968] DEBUG - [MediaProviderManager] Media provider refresh complete
Mar 24, 2026 22:29:39.637 [281473256894688] DEBUG - [NSB] NetworkServiceBrowser: SERVER arrived: 127.0.0.1 (film-dealers)
Mar 24, 2026 22:29:39.637 [281473256894688] DEBUG - [NSB] Notifying the system bundle an update to server /system/notify/serverUpdated?host=127.0.0.1
Mar 24, 2026 22:29:39.637 [281473256894688] DEBUG - [NSB] [com.plexapp.system] Sending command over HTTP (GET): /system/notify/serverUpdated?host=127.0.0.1
Mar 24, 2026 22:29:39.638 [281473256894688] DEBUG - [NSB/HCl#22] HTTP requesting GET http://127.0.0.1:39623/system/notify/serverUpdated?host=127.0.0.1
Mar 24, 2026 22:29:39.667 [281473269551328] DEBUG - Request: [127.0.0.1:58344 (Loopback)] GET /servers (3 live) #1b GZIP Signed-in Token (oscaarp)
Mar 24, 2026 22:29:39.670 [281473310884064] DEBUG - Completed: [127.0.0.1:58344] 200 GET /servers (3 live) #1b GZIP 3ms 495 bytes
Mar 24, 2026 22:29:39.680 [281473282207968] DEBUG - [HttpClient/HCl#22] HTTP/1.1 (0.0s) 200 response from GET http://127.0.0.1:39623/system/notify/serverUpdated?host=127.0.0.1
Mar 24, 2026 22:29:39.680 [281473256894688] DEBUG - [NSB] [com.plexapp.system] HTTP reply status 200, with 0 bytes of content.
Mar 24, 2026 22:29:40.621 [281473218924768] DEBUG - [PubsubServerManager/process/HCl#23] HTTP requesting GET https://plex.tv/services/pubsub/servers
Mar 24, 2026 22:29:40.759 [281473282207968] DEBUG - [HttpClient/HCl#23] HTTP/1.1 (0.1s) 200 response from GET https://plex.tv/services/pubsub/servers (reused)
Mar 24, 2026 22:29:41.698 [281473218924768] DEBUG - [PubsubServerManager/process] Time to connect to 172.104.245.240 was 89 ms.
Mar 24, 2026 22:29:41.698 [281473218924768] DEBUG - [PubsubServerManager/process] Time to connect to 139.162.158.105 was 122 ms.
Mar 24, 2026 22:29:41.698 [281473218924768] DEBUG - [PubsubServerManager/process] Time to connect to pubsub06.pop.lhr.plex.bz was 124 ms.
Mar 24, 2026 22:29:41.698 [281473218924768] DEBUG - [PubsubServerManager/process] Time to connect to 45.79.211.188 was 362 ms.
Mar 24, 2026 22:29:41.698 [281473218924768] DEBUG - [PubsubServerManager/process] Time to connect to 172.105.99.32 was 362 ms.
Mar 24, 2026 22:29:41.698 [281473218924768] DEBUG - [PubsubServerManager/process] Time to connect to 97.107.133.152 was 392 ms.
Mar 24, 2026 22:29:41.698 [281473218924768] DEBUG - [PubsubServerManager/process] Time to connect to 45.33.119.35 was 435 ms.
Mar 24, 2026 22:29:41.698 [281473218924768] DEBUG - [PubsubServerManager/process] Time to connect to 45.56.91.127 was 567 ms.
Mar 24, 2026 22:29:41.698 [281473218924768] DEBUG - [PubsubServerManager/process] Time to connect to 139.162.57.189 was 903 ms.
Mar 24, 2026 22:29:41.698 [281473218924768] DEBUG - [PubsubServerManager/process] Time to connect to 172.105.203.197 was 913 ms.
Mar 24, 2026 22:29:41.698 [281473218924768] DEBUG - [PubsubServerManager/process] Another server (172.104.245.240) beat the current one (139.162.158.105).
Mar 24, 2026 22:29:41.699 [281473218924768] DEBUG - [PubsubServerManager/process] Updating best host to 172.104.245.240.
Mar 24, 2026 22:29:41.700 [281473218924768] DEBUG - [PubsubServerManager/process] Updating best ping time for 172.104.245.240 to 89 ms.
Mar 24, 2026 22:29:41.700 [281473308774624] DEBUG - [EventSourceClient/pubsub/139.162.158.105:443] Stopping.
Mar 24, 2026 22:29:41.701 [281473308774624] DEBUG - [EventSourceClient/pubsub/139.162.158.105:443] Failure: 125 - Operation canceled.
Mar 24, 2026 22:29:41.701 [281473308774624] DEBUG - [EventSourceClient/pubsub/172.104.245.240:443] Resolving 172.104.245.240 port 443
Mar 24, 2026 22:29:41.701 [281473308774624] DEBUG - [EventSourceClient/pubsub/172.104.245.240:443] Resolved 172.104.245.240 to 172.104.245.240:443
Mar 24, 2026 22:29:41.805 [281473308774624] DEBUG - [EventSourceClient/pubsub/172.104.245.240:443] Connected in 103 ms.
Mar 24, 2026 22:29:41.805 [281473310884064] DEBUG - [EventSourceClient/pubsub/172.104.245.240:443] Wrote data, reading reply.
Mar 24, 2026 22:29:42.218 [281473310884064] DEBUG - [EventSourceClient/pubsub/172.104.245.240:443] Read HTTP reply header.
Mar 24, 2026 22:29:42.218 [281473310884064] DEBUG - [EventSourceClient/pubsub/172.104.245.240:443] MyPlex: We appear to have regained Internet connectivity.
Mar 24, 2026 22:29:42.223 [281473310884064] DEBUG - [EventSourceClient/pubsub/172.104.245.240:443] PublicAddressManager: Obtaining public address and mapping port.
Mar 24, 2026 22:29:42.223 [281473310884064] DEBUG - [EventSourceClient/pubsub/172.104.245.240:443] MyPlex: async reachability check - current mapped state: 'Not Mapped'.
Mar 24, 2026 22:29:42.224 [281473310884064] WARN - [EventSourceClient/pubsub/172.104.245.240:443] MyPlex: attempted a reachability check but we're not yet mapped.
Mar 24, 2026 22:29:42.224 [281473310884064] DEBUG - [EventSourceClient/pubsub/172.104.245.240:443] Successfully connected to 172.104.245.240.
Mar 24, 2026 22:29:42.291 [281473250566368] DEBUG - DVR:Device: Discovering and refreshing all devices.
Mar 24, 2026 22:29:42.291 [281473250566368] DEBUG - Grabber: HDHomerun discovered 0 compatible devices.
Mar 24, 2026 22:29:42.292 [281473250566368] DEBUG - [HCl#24] HTTP requesting POST http://127.0.0.1:32600/devices/discover
Mar 24, 2026 22:29:44.690 [281473221034208] DEBUG - Grabber: Cleaning up orphaned grabs.
Mar 24, 2026 22:29:44.690 [281473221034208] DEBUG - Grabber: Cleaned up 0 decrepit directories in 0.0 sec.
Mar 24, 2026 22:29:44.691 [281473221034208] DEBUG - Activity: registered new activity 32dce969-44a1-4949-a850-f0601f62e869 - "Processing subscriptions"
Mar 24, 2026 22:29:44.691 [281473221034208] DEBUG - Subscription: Scheduling subscriptions.
Mar 24, 2026 22:29:44.692 [281473221034208] DEBUG - Subscription: Initialized 0 schedulers.
Mar 24, 2026 22:29:44.692 [281473221034208] DEBUG - Subscription: Starting with 0 grabs, scheduled 0 active ones preemptively.
Mar 24, 2026 22:29:44.692 [281473221034208] DEBUG - Subscription: Scheduled all subscriptions in 0 ms.
Mar 24, 2026 22:29:44.692 [281473221034208] DEBUG - Activity: Ended activity 32dce969-44a1-4949-a850-f0601f62e869.
Mar 24, 2026 22:29:44.692 [281473221034208] DEBUG - Subscription: There are 0 active grabs at the end.
Mar 24, 2026 22:29:44.692 [281473221034208] DEBUG - Activity: Ended activity 44cc0fcb-fc96-405f-bd73-fb0f1b11f8c7.
Mar 24, 2026 22:29:44.692 [281473221034208] DEBUG - Subscription: Refreshed all content in 3 ms.
Mar 24, 2026 22:29:44.780 [281473282207968] DEBUG - [HttpClient/HCl#24] HTTP/1.1 (2.5s) 200 response from POST http://127.0.0.1:32600/devices/discover
Mar 24, 2026 22:29:45.625 [281473225253088] DEBUG - [HCl#25] HTTP requesting GET https://plex.tv/api/resources.xml?includeHttps=1&includeRelay=1&auth_token=xxxxxxxxxxxxxxxxxxxx
Mar 24, 2026 22:29:45.890 [281473282207968] DEBUG - [HttpClient/HCl#25] HTTP/1.1 (0.3s) 200 response from GET https://plex.tv/api/resources.xml?includeHttps=1&includeRelay=1&auth_token=xxxxxxxxxxxxxxxxxxxx (reused)
Mar 24, 2026 22:29:45.892 [281473225253088] DEBUG - Media Server: Tested all servers in 0.0 seconds.
Mar 24, 2026 22:29:46.652 [281473254785248] DEBUG - NAT: UPnP, didn't find usable IGD.
Mar 24, 2026 22:29:46.652 [281473254785248] DEBUG - NAT: PMP, attempting mapping.
Mar 24, 2026 22:29:46.905 [281473254785248] WARN - NAT: PMP, got an error: Not Supported by gateway.
Mar 24, 2026 22:29:46.905 [281473254785248] DEBUG - NAT: UPnP, attempting port mapping.
Mar 24, 2026 22:29:47.420 [281473271660768] DEBUG - NAT: UPnP, getPublicIP didn't find usable IGD.
Mar 24, 2026 22:29:47.673 [281473271660768] WARN - NAT: PMP, got an error: Not Supported by gateway.
Mar 24, 2026 22:29:47.674 [281473271660768] DEBUG - MyPlex: sendMapping resetting state - previous mapping state: 'Not Mapped'.
Mar 24, 2026 22:29:47.674 [281473271660768] DEBUG - MyPlex: mapping state set to 'Unknown'.
Mar 24, 2026 22:29:47.676 [281473271660768] DEBUG - MyPlex: Sending Server Info to myPlex (user=oscaarpelagio@gmail.com, ip=79.117.226.16, port=0)
Mar 24, 2026 22:29:47.677 [281473271660768] DEBUG - [HCl#26] HTTP requesting POST https://plex.tv/servers.xml?auth_token=xxxxxxxxxxxxxxxxxxxx
Mar 24, 2026 22:29:47.828 [281473282207968] DEBUG - [HttpClient/HCl#26] HTTP/1.1 (0.2s) 422 response from POST https://plex.tv/servers.xml?auth_token=xxxxxxxxxxxxxxxxxxxx (reused)
Mar 24, 2026 22:29:47.829 [281473271660768] DEBUG - MyPlex: Published Mapping State response was 422
Mar 24, 2026 22:29:47.829 [281473271660768] DEBUG - MyPlex: Got response for 0b7ef4be55a6ce2cbd71deb676303551923b4830 ~ registered :0
Mar 24, 2026 22:29:47.829 [281473271660768] DEBUG - MyPlex: updating mapped state - current state: 'Not Mapped'
Mar 24, 2026 22:29:47.829 [281473271660768] DEBUG - MyPlex: mapping state set to 'Not Mapped'.
Mar 24, 2026 22:29:47.830 [281473271660768] DEBUG - MyPlex: Updating device connections (from timer: 0)
Mar 24, 2026 22:29:47.830 [281473271660768] DEBUG - [HCl#27] HTTP requesting PUT https://plex.tv/devices/0b7ef4be55a6ce2cbd71deb676303551923b4830?Connection[][uri]=http://192.168.1.129:32400&Connection[][uri]=http://192.168.147.2:32400&httpsEnabled=1&httpsRequired=0&dnsRebindingProtection=0&natLoopbackSupported=0&X-Plex-Token=xxxxxxxxxxxxxxxxxxxx
Mar 24, 2026 22:29:47.981 [281473282207968] DEBUG - [HttpClient/HCl#27] HTTP/1.1 (0.2s) 200 response from PUT https://plex.tv/devices/0b7ef4be55a6ce2cbd71deb676303551923b4830?Connection[][uri]=http://192.168.1.129:32400&Connection[][uri]=http://192.168.147.2:32400&httpsEnabled=1&httpsRequired=0&dnsRebindingProtection=0&natLoopbackSupported=0&X-Plex-Token=xxxxxxxxxxxxxxxxxxxx (reused)
Mar 24, 2026 22:29:58.924 [281473254785248] DEBUG - NAT: UPnP, didn't find usable IGD.
Mar 24, 2026 22:29:58.924 [281473254785248] DEBUG - PublicAddressManager: Mapping failed.
Mar 24, 2026 22:29:58.935 [281473254785248] DEBUG - MyPlex: mapping state set to 'Mapped - Not Published'.
Mar 24, 2026 22:29:58.935 [281473254785248] DEBUG - MyPlex: sendMapping resetting state - previous mapping state: 'Mapped - Not Published'.
Mar 24, 2026 22:29:58.935 [281473254785248] DEBUG - MyPlex: mapping state set to 'Unknown'.
Mar 24, 2026 22:29:58.939 [281473254785248] DEBUG - MyPlex: Sending Server Info to myPlex (user=oscaarpelagio@gmail.com, ip=79.117.226.16, port=0)
Mar 24, 2026 22:29:58.939 [281473254785248] DEBUG - [HCl#28] HTTP requesting POST https://plex.tv/servers.xml?auth_token=xxxxxxxxxxxxxxxxxxxx
Mar 24, 2026 22:29:59.510 [281473282207968] DEBUG - [HttpClient/HCl#28] HTTP/1.1 (0.6s) 422 response from POST https://plex.tv/servers.xml?auth_token=xxxxxxxxxxxxxxxxxxxx
Mar 24, 2026 22:29:59.510 [281473254785248] DEBUG - MyPlex: Published Mapping State response was 422
Mar 24, 2026 22:29:59.510 [281473254785248] DEBUG - MyPlex: Got response for 0b7ef4be55a6ce2cbd71deb676303551923b4830 ~ registered :0
Mar 24, 2026 22:29:59.510 [281473254785248] DEBUG - MyPlex: updating mapped state - current state: 'Mapped - Not Published'
Mar 24, 2026 22:29:59.510 [281473254785248] DEBUG - MyPlex: mapping state set to 'Mapped - Publishing'.
Mar 24, 2026 22:29:59.510 [281473254785248] DEBUG - MyPlex: async reachability check - current mapped state: 'Mapped - Publishing'.
Mar 24, 2026 22:29:59.510 [281473254785248] DEBUG - MyPlex: Requesting reachability check.
Mar 24, 2026 22:29:59.510 [281473254785248] DEBUG - [HCl#29] HTTP requesting PUT https://plex.tv/api/servers/0b7ef4be55a6ce2cbd71deb676303551923b4830/connectivity?X-Plex-Token=xxxxxxxxxxxxxxxxxxxx&asyncIdentifier=bfd41273-6b88-4e17-ba05-4b38e52851ce
Mar 24, 2026 22:29:59.644 [281473282207968] DEBUG - [HttpClient/HCl#29] HTTP/1.1 (0.1s) 200 response from PUT https://plex.tv/api/servers/0b7ef4be55a6ce2cbd71deb676303551923b4830/connectivity?X-Plex-Token=xxxxxxxxxxxxxxxxxxxx&asyncIdentifier=bfd41273-6b88-4e17-ba05-4b38e52851ce (reused)
Mar 24, 2026 22:29:59.655 [281473254785248] DEBUG - MyPlex: Last published value didn't change, we're done.
Mar 24, 2026 22:29:59.749 [281473308774624] DEBUG - [EventSourceClient/pubsub/172.104.245.240:443] EventSource: Got event [data] '<Message address="" port="0" asyncIdentifier="bfd41273-6b88-4e17-ba05-4b38e52851ce" connectivity="0" command="notifyConnectivity"/>'
Mar 24, 2026 22:29:59.750 [281473308774624] DEBUG - [EventSourceClient/pubsub/172.104.245.240:443] PubSub: Got notified of reachability for async identifier bfd41273-6b88-4e17-ba05-4b38e52851ce: 0 for :0 (responded in 104 ms)
Mar 24, 2026 22:29:59.750 [281473308774624] DEBUG - [EventSourceClient/pubsub/172.104.245.240:443] MyPlex: reachability check - current mapping state: 'Mapped - Publishing'.
Mar 24, 2026 22:29:59.750 [281473308774624] DEBUG - [EventSourceClient/pubsub/172.104.245.240:443] MyPlex: mapping state set to 'Mapped - Not Published (Not Reachable)'.
Mar 24, 2026 22:30:02.267 [281473227362528] DEBUG - [HCl#2a] HTTP requesting GET https://plex.tv/api/v2/shared_sources/owned?machineIdentifier=0b7ef4be55a6ce2cbd71deb676303551923b4830
Mar 24, 2026 22:30:02.656 [281473282207968] DEBUG - [HttpClient/HCl#2a] HTTP/1.1 (0.4s) 200 response from GET https://plex.tv/api/v2/shared_sources/owned?machineIdentifier=0b7ef4be55a6ce2cbd71deb676303551923b4830 (reused)
Mar 24, 2026 22:30:02.658 [281473227362528] DEBUG - [HCl#2b] HTTP requesting GET https://plex.tv/api/v2/server/access_tokens?auth_token=xxxxxxxxxxxxxxxxxxxx
Mar 24, 2026 22:30:03.336 [281473282207968] DEBUG - [HttpClient/HCl#2b] HTTP/1.1 (0.7s) 200 response from GET https://plex.tv/api/v2/server/access_tokens?auth_token=xxxxxxxxxxxxxxxxxxxx (reused)
Mar 24, 2026 22:30:03.338 [281473227362528] DEBUG - MyPlex: updating with 8 access tokens
Mar 24, 2026 22:30:03.338 [281473227362528] DEBUG - [HCl#2c] HTTP requesting GET https://plex.tv/api/v2/server/users?auth_token=xxxxxxxxxxxxxxxxxxxx
Mar 24, 2026 22:30:03.705 [281473282207968] DEBUG - [HttpClient/HCl#2c] HTTP/1.1 (0.4s) 200 response from GET https://plex.tv/api/v2/server/users?auth_token=xxxxxxxxxxxxxxxxxxxx (reused)
Mar 24, 2026 22:30:03.707 [281473318519008] DEBUG - [HCl#2d] HTTP requesting GET https://plex.tv/api/v2/server/users/subscriptions?auth_token=xxxxxxxxxxxxxxxxxxxx
Mar 24, 2026 22:30:03.888 [281473282207968] DEBUG - [HttpClient/HCl#2d] HTTP/1.1 (0.2s) 200 response from GET https://plex.tv/api/v2/server/users/subscriptions?auth_token=xxxxxxxxxxxxxxxxxxxx (reused)
Mar 24, 2026 22:30:03.891 [281473318519008] DEBUG - MyPlex: using cached data for request for https://plex.tv/api/v2/server/users/services?auth_token=xxxxxxxxxxxxxxxxxxxx
Mar 24, 2026 22:30:06.343 [281473244238048] DEBUG - [MediaProviderManager] Refreshing media providers
Mar 24, 2026 22:30:06.344 [281473244238048] DEBUG - [MediaProviderManager/Response::fetch/HCl#2e] HTTP requesting GET https://plex.tv/media/providers
Mar 24, 2026 22:30:06.493 [281473282207968] DEBUG - [HttpClient/HCl#2e] HTTP/1.1 (0.1s) 200 response from GET https://plex.tv/media/providers (reused)
Mar 24, 2026 22:30:06.493 [281473244238048] DEBUG - [MediaProviderManager] discovered cloud provider (Movies & Shows)
Mar 24, 2026 22:30:06.493 [281473244238048] DEBUG - [MediaProviderManager] discovered cloud provider (Metadata)
Mar 24, 2026 22:30:06.493 [281473244238048] DEBUG - [MediaProviderManager] loading cloud provider details (Metadata) (alive: 1)
Mar 24, 2026 22:30:06.493 [281473244238048] DEBUG - [MediaProviderManager] loading cloud provider details (Movies & Shows) (alive: 1)
Mar 24, 2026 22:30:06.493 [281473244238048] DEBUG - [MediaProviderManager] we had 2 cloud providers online, we now have 2
Mar 24, 2026 22:30:06.493 [281473244238048] DEBUG - [MediaProviderManager] cloud provider (Metadata) is online and available
Mar 24, 2026 22:30:06.494 [281473244238048] DEBUG - [MediaProviderManager] cloud provider (Movies & Shows) is online and available
Mar 24, 2026 22:30:06.494 [281473244238048] DEBUG - [MediaProviderManager] Media provider refresh complete
Mar 24, 2026 22:30:31.628 [281473221034208] DEBUG - [ViewStateSync] Starting
Mar 24, 2026 22:30:31.629 [281473221034208] DEBUG - [ViewStateSync] Fetching user tokens
Mar 24, 2026 22:30:31.630 [281473221034208] DEBUG - [ViewStateSync/HCl#2f] HTTP requesting GET https://plex.tv/api/v2/server/users/services?auth_token=xxxxxxxxxxxxxxxxxxxx
Mar 24, 2026 22:30:32.202 [281473282207968] DEBUG - [HttpClient/HCl#2f] HTTP/1.1 (0.6s) 200 response from GET https://plex.tv/api/v2/server/users/services?auth_token=xxxxxxxxxxxxxxxxxxxx
Mar 24, 2026 22:30:32.208 [281473318519008] DEBUG - [ViewStateSync] No user tokens found; stopping
Mar 24, 2026 22:31:32.123 [281473318519008] DEBUG - BPQ: [Starting] -> [Processing]
Mar 24, 2026 22:31:32.131 [281473318519008] DEBUG - BPQ: generating queue items from 0 generator(s)
Mar 24, 2026 22:31:32.131 [281473318519008] DEBUG - BPQ: generated 0 item(s) for queue
Mar 24, 2026 22:31:32.131 [281473318519008] DEBUG - BPQ: [Processing] -> [Idle]
Mar 24, 2026 22:31:34.597 [281473269551328] DEBUG - Request: [127.0.0.1:60722 (Loopback)] GET /servers (1 live) #1f GZIP Signed-in Token (oscaarp)
Mar 24, 2026 22:31:34.604 [281473308774624] DEBUG - Completed: [127.0.0.1:60722] 200 GET /servers (2 live) #1f GZIP 7ms 495 bytes
Mar 24, 2026 22:31:34.607 [281473269551328] DEBUG - Request: [127.0.0.1:60728 (Loopback)] GET / (2 live) #2e GZIP Signed-in Token (oscaarp)
Mar 24, 2026 22:31:34.631 [281473308774624] DEBUG - Completed: [127.0.0.1:60728] 200 GET / (2 live) #2e GZIP 24ms 4105 bytes
Mar 24, 2026 22:31:34.633 [281473269551328] DEBUG - Request: [127.0.0.1:60734 (Loopback)] GET /library/sections (2 live) #30 GZIP Signed-in Token (oscaarp)
Mar 24, 2026 22:31:34.637 [281473308774624] DEBUG - Completed: [127.0.0.1:60734] 200 GET /library/sections (2 live) #30 GZIP 3ms 632 bytes
Mar 24, 2026 22:31:34.637 [281473269551328] DEBUG - Request: [127.0.0.1:60746 (Loopback)] GET /channels/all (3 live) #32 GZIP Signed-in Token (oscaarp)
Mar 24, 2026 22:31:34.638 [281473308774624] DEBUG - Completed: [127.0.0.1:60746] 200 GET /channels/all (3 live) #32 GZIP 0ms 387 bytes
Mar 24, 2026 22:31:34.639 [281473269551328] DEBUG - Request: [127.0.0.1:60762 (Loopback)] GET /library/sections (3 live) #33 GZIP Signed-in Token (oscaarp)
Mar 24, 2026 22:31:34.639 [281473308774624] DEBUG - Completed: [127.0.0.1:60762] 200 GET /library/sections (3 live) #33 GZIP 0ms 632 bytes
Mar 24, 2026 22:31:34.640 [281473269551328] DEBUG - Request: [127.0.0.1:60768 (Loopback)] GET /channels/all (4 live) #35 GZIP Signed-in Token (oscaarp)
Mar 24, 2026 22:31:34.640 [281473308774624] DEBUG - Completed: [127.0.0.1:60768] 200 GET /channels/all (4 live) #35 GZIP 0ms 387 bytes
Mar 24, 2026 22:41:44.823 [281473321099488] DEBUG - Shutting down with signal 15 (Terminated)
Mar 24, 2026 22:41:44.823 [281473321099488] DEBUG - Ordered to stop server.
Mar 24, 2026 22:41:44.830 [281473321099488] DEBUG - [JobRunner] Job running: /usr/lib/plexmediaserver/CrashUploader --sessionStatus=exited --sessionStart=1774387772 --sessionDuration=732 --version=1.43.0.10492-121068a07 --userId=oscaarpelagio@gmail.com --sentryUrl=https://o17675.ingest.sentry.io/api/1233455/ --sentryKey=xxxxxxxxxxxxxxxxxxxxxxxxxxxxxxxx
Mar 24, 2026 22:41:44.832 [281473321099488] DEBUG - [JobRunner] Jobs: Starting child process with pid 377
Mar 24, 2026 22:41:44.833 [281473421389856] DEBUG - Stopping server...
Mar 24, 2026 22:41:44.834 [281473421389856] DEBUG - HttpServer: Stopping server.
Mar 24, 2026 22:41:44.849 [281473221034208] DEBUG - TranscodeJobManager: [Running] onServerShutdown
Mar 24, 2026 22:41:44.849 [281473221034208] DEBUG - TranscodeJobManager: [Running] -> [Shutdown]
Mar 24, 2026 22:41:44.850 [281473421389856] DEBUG - Server stopped.
Mar 24, 2026 22:41:44.850 [281473421389856] DEBUG - NetworkService: Stopping advertisement.
Mar 24, 2026 22:41:44.858 [281473421389856] DEBUG - Killing plug-ins.
Mar 24, 2026 22:41:44.865 [281473421389856] DEBUG - [com.plexapp.agents.imdb] Killing.
Mar 24, 2026 22:41:44.865 [281473310884064] DEBUG - MetadataItemClusterRequestHandler: a shutdown event has been received
Mar 24, 2026 22:41:44.868 [281473421389856] DEBUG - [com.plexapp.system] Killing.
Mar 24, 2026 22:41:44.870 [281473321099488] WARN - JobManager: Could not find job for handle 309
Mar 24, 2026 22:41:44.873 [281473421389856] DEBUG - ChildProcessMonitor: Waiting for Plex Tuner Service to exit.
Mar 24, 2026 22:41:44.873 [281473421389856] DEBUG - [JobRunner] Signalling job ID 284 with 2
Mar 24, 2026 22:41:44.873 [281473321099488] WARN - JobManager: Could not find job for handle 207
Mar 24, 2026 22:41:44.886 [281473261113568] DEBUG - Stopping file watcher for com.plexapp.agents.imdb
Mar 24, 2026 22:41:44.939 [281473321099488] DEBUG - Jobs: '/usr/lib/plexmediaserver/Plex Tuner Service' exit code for process 284 is 0 (success)
Mar 24, 2026 22:41:44.939 [281473248456928] DEBUG - [ChildProcessMonitor] Plex Tuner Service exited.
Mar 24, 2026 22:41:44.940 [281473421389856] DEBUG - Database: Shutting down.
Mar 24, 2026 22:41:44.955 [281473421389856] DEBUG - Database: Shutting down.
