<SessionReport version="2" startTime="0" startTimestamp="Mar 25, 2026 00:19:03.412" key="/library/metadata/3" session="n6w3fl5ybvnen1pxkvglai47" transcode="ahfasslpm9pvucu23ijinb61">
<User id="1" thumb="https://plex.tv/users/13c22c5e07b46486/avatar?c=1774385741" title="oscaarp" />
<Player address="192.168.148.1" device="OSX" machineIdentifier="qjt50inxtzsqjpbem7hjo0tw" model="bundled" platform="Safari" platformVersion="26.3" playbackId="cb4d8071-0505-45d9-8dad-17d9cca9e64c" playbackSessionId="5f95fea4-0e9c-412b-810f-556ec946913d" product="Plex Web" remotePublicAddress="79.117.226.16" title="Safari" version="4.156.0" local="1" relayed="0" secure="0" userID="1" />
<Variants>
<Variant id="53073ca1-e1a8-43ee-bcca-3d8c89492e61" targetBitrate="6916" context="streaming" sourceVideoCodec="hevc" sourceAudioCodec="aac" videoDecision="copy" audioDecision="transcode" protocol="dash" container="mp4" videoCodec="hevc" audioCodec="aac" audioChannels="2" transcodeHwRequested="0" transcodeHwFullPipeline="0">
<Media id="5" videoProfile="main 10" audioChannels="2" audioCodec="aac" bitrate="3421" container="mp4" duration="7010086" height="1608" optimizedForStreaming="1" protocol="dash" videoCodec="hevc" videoFrameRate="24p" videoResolution="4K" width="3840" selected="1">
<Part id="5" videoProfile="main 10" bitrate="3421" container="mp4" duration="7010086" height="1608" optimizedForStreaming="1" protocol="dash" width="3840" decision="transcode" selected="1">
<Stream bitDepth="10" bitrate="3165" chromaLocation="left" chromaSubsampling="4:2:0" codec="hevc" codedHeight="1608" codedWidth="3840" colorRange="tv" default="1" displayTitle="4K" extendedDisplayTitle="4K (HEVC Main 10)" frameRate="23.975999832153320" height="1608" id="11" level="150" profile="main 10" refFrames="1" scanType="progressive" streamType="1" width="3840" decision="copy" location="segments-video" />
<Stream bitrate="256" bitrateMode="cbr" channels="2" codec="aac" default="1" displayTitle="Unknown (AAC 5.1)" extendedDisplayTitle="Unknown (AAC 5.1)" id="12" selected="1" streamType="2" decision="transcode" location="segments-audio" />
</Part>
</Media>
</Variant>
<Variant id="11b22a05-ce9d-4fc4-9162-e22ae483b699" targetBitrate="6916" context="streaming" sourceVideoCodec="hevc" sourceAudioCodec="aac" videoDecision="copy" audioDecision="transcode" protocol="dash" container="mp4" videoCodec="hevc" audioCodec="aac" audioChannels="2" width="3840" height="1608" transcodeHwRequested="0" transcodeHwFullPipeline="0">
<Media id="5" videoProfile="main 10" audioChannels="2" audioCodec="aac" bitrate="3421" container="mp4" duration="7010086" height="1608" optimizedForStreaming="1" protocol="dash" videoCodec="hevc" videoFrameRate="24p" videoResolution="4K" width="3840" selected="1">
<Part id="5" videoProfile="main 10" bitrate="3421" container="mp4" duration="7010086" height="1608" optimizedForStreaming="1" protocol="dash" width="3840" decision="transcode" selected="1">
<Stream bitDepth="10" bitrate="3165" chromaLocation="left" chromaSubsampling="4:2:0" codec="hevc" codedHeight="1608" codedWidth="3840" colorRange="tv" default="1" displayTitle="4K" extendedDisplayTitle="4K (HEVC Main 10)" frameRate="23.975999832153320" height="1608" id="11" level="150" profile="main 10" refFrames="1" scanType="progressive" streamType="1" width="3840" decision="copy" location="segments-video" />
<Stream bitrate="256" bitrateMode="cbr" channels="2" codec="aac" default="1" displayTitle="Unknown (AAC 5.1)" extendedDisplayTitle="Unknown (AAC 5.1)" id="12" selected="1" streamType="2" decision="transcode" location="segments-audio" />
</Part>
</Media>
</Variant>
</Variants>
<SegmentList>
<Segment duration="10336" startOffset="0" endOffset="10336">
<File name="chunk-stream0-00001.m4s" type="video">
<FileVariant size="2881497" variant="53073ca1-e1a8-43ee-bcca-3d8c89492e61" />
</File>
<File name="chunk-stream1-00001.m4s" type="audio">
<FileVariant size="247595" variant="53073ca1-e1a8-43ee-bcca-3d8c89492e61" />
</File>
<Timelines>
<Transcode startTime="5841" endTime="6179" complete="1" fileType="video" variant="53073ca1-e1a8-43ee-bcca-3d8c89492e61" />
<Transcode startTime="5841" endTime="6179" complete="1" fileType="audio" variant="53073ca1-e1a8-43ee-bcca-3d8c89492e61" />
<Download startTime="8057" endTime="8207" complete="1" fileType="video" variant="53073ca1-e1a8-43ee-bcca-3d8c89492e61" />
<Download startTime="8073" endTime="8120" complete="1" fileType="audio" variant="53073ca1-e1a8-43ee-bcca-3d8c89492e61" />
</Timelines>
</Segment>
<Segment duration="1627" startOffset="10336" endOffset="11963">
<File name="chunk-stream0-00002.m4s" type="video">
<FileVariant size="2467770" variant="53073ca1-e1a8-43ee-bcca-3d8c89492e61" />
</File>
<File name="chunk-stream1-00002.m4s" type="audio">
<FileVariant size="49198" variant="53073ca1-e1a8-43ee-bcca-3d8c89492e61" />
</File>
<Timelines>
<Transcode startTime="6179" endTime="6231" complete="1" fileType="video" variant="53073ca1-e1a8-43ee-bcca-3d8c89492e61" />
<Transcode startTime="6179" endTime="6231" complete="1" fileType="audio" variant="53073ca1-e1a8-43ee-bcca-3d8c89492e61" />
<Download startTime="8395" endTime="8400" complete="1" fileType="audio" variant="53073ca1-e1a8-43ee-bcca-3d8c89492e61" />
<Download startTime="8433" endTime="8510" complete="1" fileType="video" variant="53073ca1-e1a8-43ee-bcca-3d8c89492e61" />
</Timelines>
</Segment>
<Segment duration="6798" startOffset="11963" endOffset="18761">
<File name="chunk-stream0-00003.m4s" type="video">
<FileVariant size="2357501" variant="53073ca1-e1a8-43ee-bcca-3d8c89492e61" />
</File>
<File name="chunk-stream1-00003.m4s" type="audio">
<FileVariant size="209861" variant="53073ca1-e1a8-43ee-bcca-3d8c89492e61" />
</File>
<Timelines>
<Transcode startTime="6231" endTime="6436" complete="1" fileType="video" variant="53073ca1-e1a8-43ee-bcca-3d8c89492e61" />
<Transcode startTime="6231" endTime="6436" complete="1" fileType="audio" variant="53073ca1-e1a8-43ee-bcca-3d8c89492e61" />
<Download startTime="8542" endTime="8576" complete="1" fileType="video" variant="53073ca1-e1a8-43ee-bcca-3d8c89492e61" />
<Download startTime="9436" endTime="9440" complete="1" fileType="audio" variant="53073ca1-e1a8-43ee-bcca-3d8c89492e61">
<Pause type="segmentWait" startTime="9436" endTime="9437" />
</Download>
</Timelines>
</Segment>
<Segment duration="3879" startOffset="18761" endOffset="22640">
<File name="chunk-stream0-00004.m4s" type="video">
<FileVariant size="1288157" variant="53073ca1-e1a8-43ee-bcca-3d8c89492e61" />
</File>
<File name="chunk-stream1-00004.m4s" type="audio">
<FileVariant size="126577" variant="53073ca1-e1a8-43ee-bcca-3d8c89492e61" />
</File>
<Timelines>
<Transcode startTime="6436" endTime="6841" complete="1" fileType="video" variant="53073ca1-e1a8-43ee-bcca-3d8c89492e61" />
<Transcode startTime="6436" endTime="6841" complete="1" fileType="audio" variant="53073ca1-e1a8-43ee-bcca-3d8c89492e61" />
<Download startTime="8627" endTime="8648" complete="1" fileType="video" variant="53073ca1-e1a8-43ee-bcca-3d8c89492e61">
<Pause type="segmentWait" startTime="8627" endTime="8628" />
</Download>
<Download startTime="9449" endTime="9451" complete="1" fileType="audio" variant="53073ca1-e1a8-43ee-bcca-3d8c89492e61" />
</Timelines>
</Segment>
<Segment duration="2378" startOffset="22640" endOffset="25018">
<File name="chunk-stream0-00005.m4s" type="video">
<FileVariant size="4960686" variant="53073ca1-e1a8-43ee-bcca-3d8c89492e61" />
</File>
<File name="chunk-stream1-00005.m4s" type="audio">
<FileVariant size="73628" variant="53073ca1-e1a8-43ee-bcca-3d8c89492e61" />
</File>
<Timelines>
<Transcode startTime="6841" endTime="8269" complete="1" fileType="video" variant="53073ca1-e1a8-43ee-bcca-3d8c89492e61" />
<Transcode startTime="6841" endTime="8269" complete="1" fileType="audio" variant="53073ca1-e1a8-43ee-bcca-3d8c89492e61" />
<Download startTime="9467" endTime="9500" complete="1" fileType="audio" variant="53073ca1-e1a8-43ee-bcca-3d8c89492e61">
<Pause type="segmentWait" startTime="9467" endTime="9468" />
</Download>
<Download startTime="9660" endTime="9691" complete="1" fileType="video" variant="53073ca1-e1a8-43ee-bcca-3d8c89492e61" />
</Timelines>
</Segment>
<Segment duration="5589" startOffset="25018" endOffset="30607">
<File name="chunk-stream0-00006.m4s" type="video">
<FileVariant size="19263453" variant="53073ca1-e1a8-43ee-bcca-3d8c89492e61" />
</File>
<File name="chunk-stream1-00006.m4s" type="audio">
<FileVariant size="169862" variant="53073ca1-e1a8-43ee-bcca-3d8c89492e61" />
</File>
<Timelines>
<Transcode startTime="8269" endTime="9354" complete="1" fileType="video" variant="53073ca1-e1a8-43ee-bcca-3d8c89492e61" />
<Transcode startTime="8269" endTime="9354" complete="1" fileType="audio" variant="53073ca1-e1a8-43ee-bcca-3d8c89492e61" />
<Download startTime="9510" endTime="9512" complete="1" fileType="audio" variant="53073ca1-e1a8-43ee-bcca-3d8c89492e61" />
<Download startTime="9724" endTime="9950" complete="1" fileType="video" variant="53073ca1-e1a8-43ee-bcca-3d8c89492e61" />
</Timelines>
</Segment>
<Segment duration="4963" startOffset="30607" endOffset="35570">
<File name="chunk-stream0-00007.m4s" type="video">
<FileVariant size="27713312" variant="53073ca1-e1a8-43ee-bcca-3d8c89492e61" />
</File>
<File name="chunk-stream1-00007.m4s" type="audio">
<FileVariant size="155668" variant="53073ca1-e1a8-43ee-bcca-3d8c89492e61" />
</File>
<Timelines>
<Transcode startTime="9354" endTime="9909" complete="1" fileType="video" variant="53073ca1-e1a8-43ee-bcca-3d8c89492e61" />
<Transcode startTime="9354" endTime="9909" complete="1" fileType="audio" variant="53073ca1-e1a8-43ee-bcca-3d8c89492e61" />
<Download startTime="10092" endTime="10332" complete="1" fileType="video" variant="53073ca1-e1a8-43ee-bcca-3d8c89492e61">
<Pause type="segmentWait" startTime="10092" endTime="10093" />
</Download>
<Download startTime="10531" endTime="10534" complete="1" fileType="audio" variant="53073ca1-e1a8-43ee-bcca-3d8c89492e61" />
</Timelines>
</Segment>
<Segment duration="4503" startOffset="35570" endOffset="40074">
<File name="chunk-stream0-00008.m4s" type="video">
<FileVariant size="12969006" variant="53073ca1-e1a8-43ee-bcca-3d8c89492e61" />
</File>
<File name="chunk-stream1-00008.m4s" type="audio">
<FileVariant size="141675" variant="53073ca1-e1a8-43ee-bcca-3d8c89492e61" />
</File>
<Timelines>
<Download startTime="10401" endTime="10636" complete="1" fileType="video" variant="53073ca1-e1a8-43ee-bcca-3d8c89492e61">
<Pause type="segmentWait" startTime="10401" endTime="10502" />
</Download>
<Transcode startTime="9909" endTime="10458" complete="1" fileType="video" variant="53073ca1-e1a8-43ee-bcca-3d8c89492e61" />
<Transcode startTime="9909" endTime="10458" complete="1" fileType="audio" variant="53073ca1-e1a8-43ee-bcca-3d8c89492e61" />
<Download startTime="10545" endTime="10547" complete="1" fileType="audio" variant="53073ca1-e1a8-43ee-bcca-3d8c89492e61" />
</Timelines>
</Segment>
<Segment duration="11594" startOffset="40074" endOffset="51669">
<File name="chunk-stream0-00009.m4s" type="video">
<FileVariant size="11850248" variant="53073ca1-e1a8-43ee-bcca-3d8c89492e61" />
</File>
<File name="chunk-stream1-00009.m4s" type="audio">
<FileVariant size="364624" variant="53073ca1-e1a8-43ee-bcca-3d8c89492e61" />
</File>
<Timelines>
<Download startTime="10570" endTime="11184" complete="1" fileType="audio" variant="53073ca1-e1a8-43ee-bcca-3d8c89492e61">
<Pause type="segmentWait" startTime="10570" endTime="11180" />
</Download>
<Download startTime="10671" endTime="11228" complete="1" fileType="video" variant="53073ca1-e1a8-43ee-bcca-3d8c89492e61">
<Pause type="segmentWait" startTime="10671" endTime="11126" />
</Download>
<Transcode startTime="10458" endTime="11098" complete="1" fileType="video" variant="53073ca1-e1a8-43ee-bcca-3d8c89492e61" />
<Transcode startTime="10458" endTime="11098" complete="1" fileType="audio" variant="53073ca1-e1a8-43ee-bcca-3d8c89492e61" />
</Timelines>
</Segment>
<Segment duration="2835" startOffset="51669" endOffset="54504">
<File name="chunk-stream0-00010.m4s" type="video">
<FileVariant size="4189891" variant="53073ca1-e1a8-43ee-bcca-3d8c89492e61" />
</File>
<File name="chunk-stream1-00010.m4s" type="audio">
<FileVariant size="96521" variant="53073ca1-e1a8-43ee-bcca-3d8c89492e61" />
</File>
<Timelines>
<Download startTime="11203" endTime="11958" complete="1" fileType="audio" variant="53073ca1-e1a8-43ee-bcca-3d8c89492e61">
<Pause type="segmentWait" startTime="11203" endTime="11405" />
</Download>
<Download startTime="11283" endTime="12028" complete="1" fileType="video" variant="53073ca1-e1a8-43ee-bcca-3d8c89492e61">
<Pause type="segmentWait" startTime="11283" endTime="11385" />
</Download>
<Transcode startTime="11098" endTime="11310" complete="1" fileType="video" variant="53073ca1-e1a8-43ee-bcca-3d8c89492e61" />
<Transcode startTime="11098" endTime="11310" complete="1" fileType="audio" variant="53073ca1-e1a8-43ee-bcca-3d8c89492e61" />
</Timelines>
</Segment>
<Segment duration="7758" startOffset="54504" endOffset="62263">
<File name="chunk-stream0-00011.m4s" type="video">
<FileVariant size="2987898" variant="53073ca1-e1a8-43ee-bcca-3d8c89492e61" />
</File>
<File name="chunk-stream1-00011.m4s" type="audio">
<FileVariant size="248680" variant="53073ca1-e1a8-43ee-bcca-3d8c89492e61" />
</File>
<Timelines>
<Download startTime="12013" endTime="12332" complete="1" fileType="audio" variant="53073ca1-e1a8-43ee-bcca-3d8c89492e61">
<Pause type="segmentWait" startTime="12013" endTime="12318" />
</Download>
<Download startTime="12044" endTime="12403" complete="1" fileType="video" variant="53073ca1-e1a8-43ee-bcca-3d8c89492e61">
<Pause type="segmentWait" startTime="12044" endTime="12358" />
</Download>
<Transcode startTime="11310" endTime="12316" complete="1" fileType="video" variant="53073ca1-e1a8-43ee-bcca-3d8c89492e61" />
<Transcode startTime="11310" endTime="12317" complete="1" fileType="audio" variant="53073ca1-e1a8-43ee-bcca-3d8c89492e61" />
</Timelines>
</Segment>
<Segment duration="2336" startOffset="62263" endOffset="64599">
<File name="chunk-stream0-00012.m4s" type="video">
<FileVariant size="3069423" variant="53073ca1-e1a8-43ee-bcca-3d8c89492e61" />
</File>
<File name="chunk-stream1-00012.m4s" type="audio">
<FileVariant size="76649" variant="53073ca1-e1a8-43ee-bcca-3d8c89492e61" />
</File>
<Timelines>
<Download startTime="12350" endTime="12553" complete="1" fileType="audio" variant="53073ca1-e1a8-43ee-bcca-3d8c89492e61">
<Pause type="segmentWait" startTime="12350" endTime="12550" />
</Download>
<Download startTime="12414" endTime="12524" complete="1" fileType="video" variant="53073ca1-e1a8-43ee-bcca-3d8c89492e61">
<Pause type="segmentWait" startTime="12414" endTime="12514" />
</Download>
<Transcode startTime="12316" endTime="12467" complete="1" fileType="video" variant="53073ca1-e1a8-43ee-bcca-3d8c89492e61" />
<Transcode startTime="12317" endTime="12467" complete="1" fileType="audio" variant="53073ca1-e1a8-43ee-bcca-3d8c89492e61" />
</Timelines>
</Segment>
<Segment duration="1418" startOffset="64599" endOffset="66017">
<File name="chunk-stream0-00013.m4s" type="video">
<FileVariant size="564756" variant="53073ca1-e1a8-43ee-bcca-3d8c89492e61" />
</File>
<File name="chunk-stream1-00013.m4s" type="audio">
<FileVariant size="44373" variant="53073ca1-e1a8-43ee-bcca-3d8c89492e61" />
</File>
<Timelines>
<Transcode startTime="12467" endTime="12526" complete="1" fileType="video" variant="53073ca1-e1a8-43ee-bcca-3d8c89492e61" />
<Transcode startTime="12467" endTime="12526" complete="1" fileType="audio" variant="53073ca1-e1a8-43ee-bcca-3d8c89492e61" />
<Download startTime="12541" endTime="12551" complete="1" fileType="video" variant="53073ca1-e1a8-43ee-bcca-3d8c89492e61" />
<Download startTime="12566" endTime="12567" complete="1" fileType="audio" variant="53073ca1-e1a8-43ee-bcca-3d8c89492e61" />
</Timelines>
</Segment>
<Segment duration="4546" startOffset="66017" endOffset="70563">
<File name="chunk-stream0-00014.m4s" type="video">
<FileVariant size="7494603" variant="53073ca1-e1a8-43ee-bcca-3d8c89492e61" />
</File>
<File name="chunk-stream1-00014.m4s" type="audio">
<FileVariant size="146099" variant="53073ca1-e1a8-43ee-bcca-3d8c89492e61" />
</File>
<Timelines>
<Download startTime="12565" endTime="13070" complete="1" fileType="video" variant="53073ca1-e1a8-43ee-bcca-3d8c89492e61">
<Pause type="segmentWait" startTime="12565" endTime="12981" />
</Download>
<Download startTime="12573" endTime="12982" complete="1" fileType="audio" variant="53073ca1-e1a8-43ee-bcca-3d8c89492e61">
<Pause type="segmentWait" startTime="12573" endTime="12975" />
</Download>
<Transcode startTime="12526" endTime="12893" complete="1" fileType="video" variant="53073ca1-e1a8-43ee-bcca-3d8c89492e61" />
<Transcode startTime="12526" endTime="12893" complete="1" fileType="audio" variant="53073ca1-e1a8-43ee-bcca-3d8c89492e61" />
</Timelines>
</Segment>
<Segment duration="5756" startOffset="70563" endOffset="76319">
<File name="chunk-stream0-00015.m4s" type="video">
<FileVariant size="8179142" variant="53073ca1-e1a8-43ee-bcca-3d8c89492e61" />
</File>
<File name="chunk-stream1-00015.m4s" type="audio">
<FileVariant size="182019" variant="53073ca1-e1a8-43ee-bcca-3d8c89492e61" />
</File>
<Timelines>
<Download startTime="13001" endTime="13576" complete="1" fileType="audio" variant="53073ca1-e1a8-43ee-bcca-3d8c89492e61">
<Pause type="segmentWait" startTime="13001" endTime="13505" />
</Download>
<Download startTime="13082" endTime="13573" complete="1" fileType="video" variant="53073ca1-e1a8-43ee-bcca-3d8c89492e61">
<Pause type="segmentWait" startTime="13082" endTime="13486" />
</Download>
<Transcode startTime="12893" endTime="13421" complete="1" fileType="video" variant="53073ca1-e1a8-43ee-bcca-3d8c89492e61" />
<Transcode startTime="12893" endTime="13421" complete="1" fileType="audio" variant="53073ca1-e1a8-43ee-bcca-3d8c89492e61" />
</Timelines>
</Segment>
<Segment duration="5046" startOffset="76319" endOffset="81366">
<File name="chunk-stream0-00016.m4s" type="video">
<FileVariant size="7566229" variant="53073ca1-e1a8-43ee-bcca-3d8c89492e61" />
</File>
<File name="chunk-stream1-00016.m4s" type="audio">
<FileVariant size="160299" variant="53073ca1-e1a8-43ee-bcca-3d8c89492e61" />
</File>
<Timelines>
<Download startTime="15645" endTime="16016" complete="1" fileType="video" variant="53073ca1-e1a8-43ee-bcca-3d8c89492e61">
<Pause type="segmentWait" startTime="15645" endTime="15976" />
</Download>
<Download startTime="15648" endTime="16066" complete="1" fileType="audio" variant="53073ca1-e1a8-43ee-bcca-3d8c89492e61">
<Pause type="segmentWait" startTime="15648" endTime="16056" />
</Download>
<Transcode startTime="13421" endTime="15958" complete="1" fileType="video" variant="53073ca1-e1a8-43ee-bcca-3d8c89492e61" />
<Transcode startTime="13421" endTime="15958" complete="1" fileType="audio" variant="53073ca1-e1a8-43ee-bcca-3d8c89492e61" />
</Timelines>
</Segment>
<Segment duration="4212" startOffset="81366" endOffset="85578">
<File name="chunk-stream0-00017.m4s" type="video">
<FileVariant size="1176212" variant="53073ca1-e1a8-43ee-bcca-3d8c89492e61" />
</File>
<File name="chunk-stream1-00017.m4s" type="audio">
<FileVariant size="137932" variant="53073ca1-e1a8-43ee-bcca-3d8c89492e61" />
</File>
<Timelines>
<Transcode startTime="15958" endTime="16438" complete="1" fileType="video" variant="53073ca1-e1a8-43ee-bcca-3d8c89492e61" />
<Transcode startTime="15958" endTime="16438" complete="1" fileType="audio" variant="53073ca1-e1a8-43ee-bcca-3d8c89492e61" />
<Download startTime="20552" endTime="20557" complete="1" fileType="video" variant="53073ca1-e1a8-43ee-bcca-3d8c89492e61" />
<Download startTime="20581" endTime="20586" complete="1" fileType="audio" variant="53073ca1-e1a8-43ee-bcca-3d8c89492e61" />
</Timelines>
</Segment>
<Segment duration="6006" startOffset="85578" endOffset="91584">
<File name="chunk-stream0-00018.m4s" type="video">
<FileVariant size="9332797" variant="53073ca1-e1a8-43ee-bcca-3d8c89492e61" />
</File>
<File name="chunk-stream1-00018.m4s" type="audio">
<FileVariant size="195210" variant="53073ca1-e1a8-43ee-bcca-3d8c89492e61" />
</File>
<Timelines>
<Transcode startTime="16438" endTime="16936" complete="1" fileType="video" variant="53073ca1-e1a8-43ee-bcca-3d8c89492e61" />
<Transcode startTime="16438" endTime="16936" complete="1" fileType="audio" variant="53073ca1-e1a8-43ee-bcca-3d8c89492e61" />
<Download startTime="25077" endTime="25122" complete="1" fileType="video" variant="53073ca1-e1a8-43ee-bcca-3d8c89492e61" />
<Download startTime="25098" endTime="25099" complete="1" fileType="audio" variant="53073ca1-e1a8-43ee-bcca-3d8c89492e61" />
</Timelines>
</Segment>
<Segment duration="3629" startOffset="91584" endOffset="95213">
<File name="chunk-stream0-00019.m4s" type="video">
<FileVariant size="1417782" variant="53073ca1-e1a8-43ee-bcca-3d8c89492e61" />
</File>
<File name="chunk-stream1-00019.m4s" type="audio">
<FileVariant size="116098" variant="53073ca1-e1a8-43ee-bcca-3d8c89492e61" />
</File>
<Timelines>
<Transcode startTime="16936" endTime="17141" complete="1" fileType="video" variant="53073ca1-e1a8-43ee-bcca-3d8c89492e61" />
<Transcode startTime="16936" endTime="17141" complete="1" fileType="audio" variant="53073ca1-e1a8-43ee-bcca-3d8c89492e61" />
</Timelines>
</Segment>
<Segment duration="5629" startOffset="95213" endOffset="100843">
<File name="chunk-stream0-00020.m4s" type="video">
<FileVariant size="4345710" variant="53073ca1-e1a8-43ee-bcca-3d8c89492e61" />
</File>
<File name="chunk-stream1-00020.m4s" type="audio">
<FileVariant size="178460" variant="53073ca1-e1a8-43ee-bcca-3d8c89492e61" />
</File>
<Timelines>
<Transcode startTime="17141" endTime="17720" complete="1" fileType="video" variant="53073ca1-e1a8-43ee-bcca-3d8c89492e61" />
<Transcode startTime="17141" endTime="17720" complete="1" fileType="audio" variant="53073ca1-e1a8-43ee-bcca-3d8c89492e61" />
</Timelines>
</Segment>
<Segment duration="5840" startOffset="100843" endOffset="106683">
<File name="chunk-stream0-00021.m4s" type="video">
<FileVariant size="5347566" variant="53073ca1-e1a8-43ee-bcca-3d8c89492e61" />
</File>
<File name="chunk-stream1-00021.m4s" type="audio">
<FileVariant size="183196" variant="53073ca1-e1a8-43ee-bcca-3d8c89492e61" />
</File>
<Timelines>
<Transcode startTime="17720" endTime="18227" complete="1" fileType="video" variant="53073ca1-e1a8-43ee-bcca-3d8c89492e61" />
<Transcode startTime="17720" endTime="18227" complete="1" fileType="audio" variant="53073ca1-e1a8-43ee-bcca-3d8c89492e61" />
</Timelines>
</Segment>
<Segment duration="13263" startOffset="106683" endOffset="119946">
<File name="chunk-stream0-00022.m4s" type="video">
<FileVariant size="7715482" variant="53073ca1-e1a8-43ee-bcca-3d8c89492e61" />
</File>
<File name="chunk-stream1-00022.m4s" type="audio">
<FileVariant size="423857" variant="53073ca1-e1a8-43ee-bcca-3d8c89492e61" />
</File>
<Timelines>
<Transcode startTime="18227" endTime="20198" complete="1" fileType="video" variant="53073ca1-e1a8-43ee-bcca-3d8c89492e61" />
<Transcode startTime="18227" endTime="20198" complete="1" fileType="audio" variant="53073ca1-e1a8-43ee-bcca-3d8c89492e61" />
</Timelines>
</Segment>
<Segment duration="3378" startOffset="119946" endOffset="123324">
<File name="chunk-stream0-00023.m4s" type="video">
<FileVariant size="1204875" variant="53073ca1-e1a8-43ee-bcca-3d8c89492e61" />
</File>
<File name="chunk-stream1-00023.m4s" type="audio">
<FileVariant size="103627" variant="53073ca1-e1a8-43ee-bcca-3d8c89492e61" />
</File>
<Timelines>
<Transcode startTime="20198" endTime="20290" complete="1" fileType="video" variant="53073ca1-e1a8-43ee-bcca-3d8c89492e61" />
<Transcode startTime="20198" endTime="20290" complete="1" fileType="audio" variant="53073ca1-e1a8-43ee-bcca-3d8c89492e61" />
</Timelines>
</Segment>
<Segment duration="4046" startOffset="123324" endOffset="127370">
<File name="chunk-stream0-00024.m4s" type="video">
<FileVariant size="176345" variant="53073ca1-e1a8-43ee-bcca-3d8c89492e61" />
</File>
<File name="chunk-stream1-00024.m4s" type="audio">
<FileVariant size="127202" variant="53073ca1-e1a8-43ee-bcca-3d8c89492e61" />
</File>
<Timelines>
<Transcode startTime="20290" endTime="20382" complete="1" fileType="video" variant="53073ca1-e1a8-43ee-bcca-3d8c89492e61" />
<Transcode startTime="20290" endTime="20382" complete="1" fileType="audio" variant="53073ca1-e1a8-43ee-bcca-3d8c89492e61" />
</Timelines>
</Segment>
<Segment duration="1167" startOffset="127370" endOffset="128538">
<File name="chunk-stream0-00025.m4s" type="video">
<FileVariant size="588336" variant="53073ca1-e1a8-43ee-bcca-3d8c89492e61" />
</File>
<File name="chunk-stream1-00025.m4s" type="audio">
<FileVariant size="38048" variant="53073ca1-e1a8-43ee-bcca-3d8c89492e61" />
</File>
<Timelines>
<Transcode startTime="20382" endTime="20422" complete="1" fileType="video" variant="53073ca1-e1a8-43ee-bcca-3d8c89492e61" />
<Transcode startTime="20382" endTime="20423" complete="1" fileType="audio" variant="53073ca1-e1a8-43ee-bcca-3d8c89492e61" />
</Timelines>
</Segment>
<Segment duration="3878" startOffset="128538" endOffset="132417">
<File name="chunk-stream0-00026.m4s" type="video">
<FileVariant size="3509879" variant="53073ca1-e1a8-43ee-bcca-3d8c89492e61" />
</File>
<File name="chunk-stream1-00026.m4s" type="audio">
<FileVariant size="120831" variant="53073ca1-e1a8-43ee-bcca-3d8c89492e61" />
</File>
<Timelines>
<Transcode startTime="20422" endTime="20514" complete="1" fileType="video" variant="53073ca1-e1a8-43ee-bcca-3d8c89492e61" />
<Transcode startTime="20423" endTime="20514" complete="1" fileType="audio" variant="53073ca1-e1a8-43ee-bcca-3d8c89492e61" />
</Timelines>
</Segment>
<Segment duration="3294" startOffset="132417" endOffset="135712">
<File name="chunk-stream0-00027.m4s" type="video">
<FileVariant size="6547764" variant="53073ca1-e1a8-43ee-bcca-3d8c89492e61" />
</File>
<File name="chunk-stream1-00027.m4s" type="audio">
<FileVariant size="105251" variant="53073ca1-e1a8-43ee-bcca-3d8c89492e61" />
</File>
<Timelines>
<Transcode startTime="20514" endTime="20628" complete="1" fileType="video" variant="53073ca1-e1a8-43ee-bcca-3d8c89492e61" />
<Transcode startTime="20514" endTime="20628" complete="1" fileType="audio" variant="53073ca1-e1a8-43ee-bcca-3d8c89492e61" />
</Timelines>
</Segment>
<Segment duration="5379" startOffset="135712" endOffset="141091">
<File name="chunk-stream0-00028.m4s" type="video">
<FileVariant size="7371185" variant="53073ca1-e1a8-43ee-bcca-3d8c89492e61" />
</File>
<File name="chunk-stream1-00028.m4s" type="audio">
<FileVariant size="170500" variant="53073ca1-e1a8-43ee-bcca-3d8c89492e61" />
</File>
<Timelines>
<Transcode startTime="20628" endTime="20746" complete="1" fileType="video" variant="53073ca1-e1a8-43ee-bcca-3d8c89492e61" />
<Transcode startTime="20628" endTime="20746" complete="1" fileType="audio" variant="53073ca1-e1a8-43ee-bcca-3d8c89492e61" />
</Timelines>
</Segment>
<Segment duration="5379" startOffset="141091" endOffset="146471">
<File name="chunk-stream0-00029.m4s" type="video">
<FileVariant size="8813064" variant="53073ca1-e1a8-43ee-bcca-3d8c89492e61" />
</File>
<File name="chunk-stream1-00029.m4s" type="audio">
<FileVariant size="169199" variant="53073ca1-e1a8-43ee-bcca-3d8c89492e61" />
</File>
<Timelines>
<Transcode startTime="20746" endTime="20858" complete="1" fileType="video" variant="53073ca1-e1a8-43ee-bcca-3d8c89492e61" />
<Transcode startTime="20746" endTime="20858" complete="1" fileType="audio" variant="53073ca1-e1a8-43ee-bcca-3d8c89492e61" />
</Timelines>
</Segment>
<Segment duration="3795" startOffset="146471" endOffset="150267">
<File name="chunk-stream0-00030.m4s" type="video">
<FileVariant size="3344347" variant="53073ca1-e1a8-43ee-bcca-3d8c89492e61" />
</File>
<File name="chunk-stream1-00030.m4s" type="audio">
<FileVariant size="117245" variant="53073ca1-e1a8-43ee-bcca-3d8c89492e61" />
</File>
<Timelines>
<Transcode startTime="20858" endTime="20939" complete="1" fileType="video" variant="53073ca1-e1a8-43ee-bcca-3d8c89492e61" />
<Transcode startTime="20858" endTime="20939" complete="1" fileType="audio" variant="53073ca1-e1a8-43ee-bcca-3d8c89492e61" />
</Timelines>
</Segment>
<Segment duration="7048" startOffset="150267" endOffset="157315">
<File name="chunk-stream0-00031.m4s" type="video">
<FileVariant size="2272172" variant="53073ca1-e1a8-43ee-bcca-3d8c89492e61" />
</File>
<File name="chunk-stream1-00031.m4s" type="audio">
<FileVariant size="222856" variant="53073ca1-e1a8-43ee-bcca-3d8c89492e61" />
</File>
<Timelines>
<Transcode startTime="20939" endTime="25337" complete="1" fileType="video" variant="53073ca1-e1a8-43ee-bcca-3d8c89492e61" />
<Transcode startTime="20939" endTime="25337" complete="1" fileType="audio" variant="53073ca1-e1a8-43ee-bcca-3d8c89492e61" />
</Timelines>
</Segment>
<Segment duration="10343" startOffset="157315" endOffset="167659">
<File name="chunk-stream0-00032.m4s" type="video">
<FileVariant size="3456486" variant="53073ca1-e1a8-43ee-bcca-3d8c89492e61" />
</File>
<File name="chunk-stream1-00032.m4s" type="audio">
<FileVariant size="319703" variant="53073ca1-e1a8-43ee-bcca-3d8c89492e61" />
</File>
<Timelines>
<Transcode startTime="25337" endTime="25609" complete="1" fileType="video" variant="53073ca1-e1a8-43ee-bcca-3d8c89492e61" />
<Transcode startTime="25337" endTime="25609" complete="1" fileType="audio" variant="53073ca1-e1a8-43ee-bcca-3d8c89492e61" />
</Timelines>
</Segment>
<Segment duration="5547" startOffset="553379" endOffset="558926">
<File name="chunk-stream0-00112.m4s" type="video">
<FileVariant size="3665505" variant="11b22a05-ce9d-4fc4-9162-e22ae483b699" />
</File>
<File name="chunk-stream1-00112.m4s" type="audio">
<FileVariant size="177773" variant="11b22a05-ce9d-4fc4-9162-e22ae483b699" />
</File>
<Timelines>
<Download startTime="27009" endTime="27311" complete="1" fileType="audio" variant="53073ca1-e1a8-43ee-bcca-3d8c89492e61">
<Pause type="segmentWait" startTime="27009" endTime="27310" />
</Download>
<Download startTime="27029" endTime="27334" complete="1" fileType="video" variant="11b22a05-ce9d-4fc4-9162-e22ae483b699">
<Pause type="segmentWait" startTime="27029" endTime="27330" />
</Download>
<Transcode startTime="27028" endTime="27279" complete="1" fileType="video" variant="11b22a05-ce9d-4fc4-9162-e22ae483b699" />
<Transcode startTime="27028" endTime="27279" complete="1" fileType="audio" variant="11b22a05-ce9d-4fc4-9162-e22ae483b699" />
</Timelines>
</Segment>
<Segment duration="6130" startOffset="558926" endOffset="565057">
<File name="chunk-stream0-00113.m4s" type="video">
<FileVariant size="1047607" variant="11b22a05-ce9d-4fc4-9162-e22ae483b699" />
</File>
<File name="chunk-stream1-00113.m4s" type="audio">
<FileVariant size="193730" variant="11b22a05-ce9d-4fc4-9162-e22ae483b699" />
</File>
<Timelines>
<Download startTime="27315" endTime="27522" complete="1" fileType="audio" variant="11b22a05-ce9d-4fc4-9162-e22ae483b699">
<Pause type="segmentWait" startTime="27315" endTime="27519" />
</Download>
<Download startTime="27351" endTime="27455" complete="1" fileType="video" variant="11b22a05-ce9d-4fc4-9162-e22ae483b699">
<Pause type="segmentWait" startTime="27351" endTime="27451" />
</Download>
<Transcode startTime="27279" endTime="27447" complete="1" fileType="video" variant="11b22a05-ce9d-4fc4-9162-e22ae483b699" />
<Transcode startTime="27279" endTime="27447" complete="1" fileType="audio" variant="11b22a05-ce9d-4fc4-9162-e22ae483b699" />
</Timelines>
</Segment>
<Segment duration="3419" startOffset="565057" endOffset="568477">
<File name="chunk-stream0-00114.m4s" type="video">
<FileVariant size="680988" variant="11b22a05-ce9d-4fc4-9162-e22ae483b699" />
</File>
<File name="chunk-stream1-00114.m4s" type="audio">
<FileVariant size="109196" variant="11b22a05-ce9d-4fc4-9162-e22ae483b699" />
</File>
<Timelines>
<Download startTime="27468" endTime="27672" complete="1" fileType="video" variant="11b22a05-ce9d-4fc4-9162-e22ae483b699">
<Pause type="segmentWait" startTime="27468" endTime="27669" />
</Download>
<Download startTime="27529" endTime="27631" complete="1" fileType="audio" variant="11b22a05-ce9d-4fc4-9162-e22ae483b699">
<Pause type="segmentWait" startTime="27529" endTime="27629" />
</Download>
<Transcode startTime="27447" endTime="27574" complete="1" fileType="video" variant="11b22a05-ce9d-4fc4-9162-e22ae483b699" />
<Transcode startTime="27447" endTime="27574" complete="1" fileType="audio" variant="11b22a05-ce9d-4fc4-9162-e22ae483b699" />
</Timelines>
</Segment>
<Segment duration="5880" startOffset="568477" endOffset="574358">
<File name="chunk-stream0-00115.m4s" type="video">
<FileVariant size="977962" variant="11b22a05-ce9d-4fc4-9162-e22ae483b699" />
</File>
<File name="chunk-stream1-00115.m4s" type="audio">
<FileVariant size="181286" variant="11b22a05-ce9d-4fc4-9162-e22ae483b699" />
</File>
<Timelines>
<Download startTime="27637" endTime="27744" complete="1" fileType="audio" variant="11b22a05-ce9d-4fc4-9162-e22ae483b699">
<Pause type="segmentWait" startTime="27637" endTime="27742" />
</Download>
<Download startTime="27679" endTime="27784" complete="1" fileType="video" variant="11b22a05-ce9d-4fc4-9162-e22ae483b699">
<Pause type="segmentWait" startTime="27679" endTime="27780" />
</Download>
<Transcode startTime="27574" endTime="27714" complete="1" fileType="video" variant="11b22a05-ce9d-4fc4-9162-e22ae483b699" />
<Transcode startTime="27574" endTime="27714" complete="1" fileType="audio" variant="11b22a05-ce9d-4fc4-9162-e22ae483b699" />
</Timelines>
</Segment>
<Segment duration="4712" startOffset="574358" endOffset="579070">
<File name="chunk-stream0-00116.m4s" type="video">
<FileVariant size="1025658" variant="11b22a05-ce9d-4fc4-9162-e22ae483b699" />
</File>
<File name="chunk-stream1-00116.m4s" type="audio">
<FileVariant size="147738" variant="11b22a05-ce9d-4fc4-9162-e22ae483b699" />
</File>
<Timelines>
<Download startTime="27750" endTime="27960" complete="1" fileType="audio" variant="11b22a05-ce9d-4fc4-9162-e22ae483b699">
<Pause type="segmentWait" startTime="27750" endTime="27959" />
</Download>
<Download startTime="27790" endTime="27894" complete="1" fileType="video" variant="11b22a05-ce9d-4fc4-9162-e22ae483b699">
<Pause type="segmentWait" startTime="27790" endTime="27891" />
</Download>
<Transcode startTime="27714" endTime="27867" complete="1" fileType="video" variant="11b22a05-ce9d-4fc4-9162-e22ae483b699" />
<Transcode startTime="27714" endTime="27867" complete="1" fileType="audio" variant="11b22a05-ce9d-4fc4-9162-e22ae483b699" />
</Timelines>
</Segment>
<Segment duration="5172" startOffset="579070" endOffset="584242">
<File name="chunk-stream0-00117.m4s" type="video">
<FileVariant size="994395" variant="11b22a05-ce9d-4fc4-9162-e22ae483b699" />
</File>
<File name="chunk-stream1-00117.m4s" type="audio">
<FileVariant size="164611" variant="11b22a05-ce9d-4fc4-9162-e22ae483b699" />
</File>
<Timelines>
<Download startTime="27901" endTime="28109" complete="1" fileType="video" variant="11b22a05-ce9d-4fc4-9162-e22ae483b699">
<Pause type="segmentWait" startTime="27901" endTime="28104" />
</Download>
<Download startTime="27965" endTime="28166" complete="1" fileType="audio" variant="11b22a05-ce9d-4fc4-9162-e22ae483b699">
<Pause type="segmentWait" startTime="27965" endTime="28165" />
</Download>
<Transcode startTime="27867" endTime="28079" complete="1" fileType="video" variant="11b22a05-ce9d-4fc4-9162-e22ae483b699" />
<Transcode startTime="27867" endTime="28079" complete="1" fileType="audio" variant="11b22a05-ce9d-4fc4-9162-e22ae483b699" />
</Timelines>
</Segment>
<Segment duration="5254" startOffset="584242" endOffset="589497">
<File name="chunk-stream0-00118.m4s" type="video">
<FileVariant size="1358849" variant="11b22a05-ce9d-4fc4-9162-e22ae483b699" />
</File>
<File name="chunk-stream1-00118.m4s" type="audio">
<FileVariant size="164367" variant="11b22a05-ce9d-4fc4-9162-e22ae483b699" />
</File>
<Timelines>
<Download startTime="28115" endTime="28319" complete="1" fileType="video" variant="11b22a05-ce9d-4fc4-9162-e22ae483b699">
<Pause type="segmentWait" startTime="28115" endTime="28316" />
</Download>
<Download startTime="28175" endTime="28278" complete="1" fileType="audio" variant="11b22a05-ce9d-4fc4-9162-e22ae483b699">
<Pause type="segmentWait" startTime="28175" endTime="28277" />
</Download>
<Transcode startTime="28079" endTime="28263" complete="1" fileType="video" variant="11b22a05-ce9d-4fc4-9162-e22ae483b699" />
<Transcode startTime="28079" endTime="28263" complete="1" fileType="audio" variant="11b22a05-ce9d-4fc4-9162-e22ae483b699" />
</Timelines>
</Segment>
<Segment duration="10344" startOffset="589497" endOffset="599842">
<File name="chunk-stream0-00119.m4s" type="video">
<FileVariant size="3302910" variant="11b22a05-ce9d-4fc4-9162-e22ae483b699" />
</File>
<File name="chunk-stream1-00119.m4s" type="audio">
<FileVariant size="338665" variant="11b22a05-ce9d-4fc4-9162-e22ae483b699" />
</File>
<Timelines>
<Download startTime="28284" endTime="28688" complete="1" fileType="audio" variant="11b22a05-ce9d-4fc4-9162-e22ae483b699">
<Pause type="segmentWait" startTime="28284" endTime="28686" />
</Download>
<Download startTime="28326" endTime="28759" complete="1" fileType="video" variant="11b22a05-ce9d-4fc4-9162-e22ae483b699">
<Pause type="segmentWait" startTime="28326" endTime="28736" />
</Download>
<Transcode startTime="28263" endTime="28646" complete="1" fileType="video" variant="11b22a05-ce9d-4fc4-9162-e22ae483b699" />
<Transcode startTime="28263" endTime="28646" complete="1" fileType="audio" variant="11b22a05-ce9d-4fc4-9162-e22ae483b699" />
</Timelines>
</Segment>
<Segment duration="2210" startOffset="599842" endOffset="602052">
<File name="chunk-stream0-00120.m4s" type="video">
<FileVariant size="549744" variant="11b22a05-ce9d-4fc4-9162-e22ae483b699" />
</File>
<File name="chunk-stream1-00120.m4s" type="audio">
<FileVariant size="72695" variant="11b22a05-ce9d-4fc4-9162-e22ae483b699" />
</File>
<Timelines>
<Download startTime="28695" endTime="28796" complete="1" fileType="audio" variant="11b22a05-ce9d-4fc4-9162-e22ae483b699">
<Pause type="segmentWait" startTime="28695" endTime="28795" />
</Download>
<Transcode startTime="28646" endTime="28736" complete="1" fileType="video" variant="11b22a05-ce9d-4fc4-9162-e22ae483b699" />
<Transcode startTime="28646" endTime="28736" complete="1" fileType="audio" variant="11b22a05-ce9d-4fc4-9162-e22ae483b699" />
<Download startTime="28777" endTime="28779" complete="1" fileType="video" variant="11b22a05-ce9d-4fc4-9162-e22ae483b699" />
</Timelines>
</Segment>
<Segment duration="3796" startOffset="602052" endOffset="605848">
<File name="chunk-stream0-00121.m4s" type="video">
<FileVariant size="501948" variant="11b22a05-ce9d-4fc4-9162-e22ae483b699" />
</File>
<File name="chunk-stream1-00121.m4s" type="audio">
<FileVariant size="122561" variant="11b22a05-ce9d-4fc4-9162-e22ae483b699" />
</File>
<Timelines>
<Download startTime="28790" endTime="28997" complete="1" fileType="video" variant="11b22a05-ce9d-4fc4-9162-e22ae483b699">
<Pause type="segmentWait" startTime="28790" endTime="28994" />
</Download>
<Download startTime="28808" endTime="29016" complete="1" fileType="audio" variant="11b22a05-ce9d-4fc4-9162-e22ae483b699">
<Pause type="segmentWait" startTime="28808" endTime="29015" />
</Download>
<Transcode startTime="28736" endTime="28982" complete="1" fileType="video" variant="11b22a05-ce9d-4fc4-9162-e22ae483b699" />
<Transcode startTime="28736" endTime="28982" complete="1" fileType="audio" variant="11b22a05-ce9d-4fc4-9162-e22ae483b699" />
</Timelines>
</Segment>
<Segment duration="2668" startOffset="605848" endOffset="608517">
<File name="chunk-stream0-00122.m4s" type="video">
<FileVariant size="697335" variant="11b22a05-ce9d-4fc4-9162-e22ae483b699" />
</File>
<File name="chunk-stream1-00122.m4s" type="audio">
<FileVariant size="84648" variant="11b22a05-ce9d-4fc4-9162-e22ae483b699" />
</File>
<Timelines>
<Download startTime="29006" endTime="29214" complete="1" fileType="video" variant="11b22a05-ce9d-4fc4-9162-e22ae483b699">
<Pause type="segmentWait" startTime="29006" endTime="29209" />
</Download>
<Download startTime="29020" endTime="29224" complete="1" fileType="audio" variant="11b22a05-ce9d-4fc4-9162-e22ae483b699">
<Pause type="segmentWait" startTime="29020" endTime="29222" />
</Download>
<Transcode startTime="28982" endTime="29190" complete="1" fileType="video" variant="11b22a05-ce9d-4fc4-9162-e22ae483b699" />
<Transcode startTime="28982" endTime="29190" complete="1" fileType="audio" variant="11b22a05-ce9d-4fc4-9162-e22ae483b699" />
</Timelines>
</Segment>
<Segment duration="7466" startOffset="608517" endOffset="615983">
<File name="chunk-stream0-00123.m4s" type="video">
<FileVariant size="970736" variant="11b22a05-ce9d-4fc4-9162-e22ae483b699" />
</File>
<File name="chunk-stream1-00123.m4s" type="audio">
<FileVariant size="242458" variant="11b22a05-ce9d-4fc4-9162-e22ae483b699" />
</File>
<Timelines>
<Download startTime="29223" endTime="29647" complete="1" fileType="video" variant="11b22a05-ce9d-4fc4-9162-e22ae483b699">
<Pause type="segmentWait" startTime="29223" endTime="29631" />
</Download>
<Download startTime="29229" endTime="29638" complete="1" fileType="audio" variant="11b22a05-ce9d-4fc4-9162-e22ae483b699">
<Pause type="segmentWait" startTime="29229" endTime="29635" />
</Download>
<Transcode startTime="29190" endTime="29583" complete="1" fileType="video" variant="11b22a05-ce9d-4fc4-9162-e22ae483b699" />
<Transcode startTime="29190" endTime="29583" complete="1" fileType="audio" variant="11b22a05-ce9d-4fc4-9162-e22ae483b699" />
</Timelines>
</Segment>
<Segment duration="3003" startOffset="615983" endOffset="618986">
<File name="chunk-stream0-00124.m4s" type="video">
<FileVariant size="559537" variant="11b22a05-ce9d-4fc4-9162-e22ae483b699" />
</File>
<File name="chunk-stream1-00124.m4s" type="audio">
<FileVariant size="92811" variant="11b22a05-ce9d-4fc4-9162-e22ae483b699" />
</File>
<Timelines>
<Download startTime="29652" endTime="29762" complete="1" fileType="audio" variant="11b22a05-ce9d-4fc4-9162-e22ae483b699">
<Pause type="segmentWait" startTime="29652" endTime="29759" />
</Download>
<Download startTime="29655" endTime="29769" complete="1" fileType="video" variant="11b22a05-ce9d-4fc4-9162-e22ae483b699">
<Pause type="segmentWait" startTime="29655" endTime="29758" />
</Download>
<Transcode startTime="29583" endTime="29697" complete="1" fileType="video" variant="11b22a05-ce9d-4fc4-9162-e22ae483b699" />
<Transcode startTime="29583" endTime="29697" complete="1" fileType="audio" variant="11b22a05-ce9d-4fc4-9162-e22ae483b699" />
</Timelines>
</Segment>
<Segment duration="7131" startOffset="618986" endOffset="626118">
<File name="chunk-stream0-00125.m4s" type="video">
<FileVariant size="1110825" variant="11b22a05-ce9d-4fc4-9162-e22ae483b699" />
</File>
<File name="chunk-stream1-00125.m4s" type="audio">
<FileVariant size="232481" variant="11b22a05-ce9d-4fc4-9162-e22ae483b699" />
</File>
<Timelines>
<Download startTime="29769" endTime="30186" complete="1" fileType="audio" variant="11b22a05-ce9d-4fc4-9162-e22ae483b699">
<Pause type="segmentWait" startTime="29769" endTime="30177" />
</Download>
<Download startTime="29774" endTime="30187" complete="1" fileType="video" variant="11b22a05-ce9d-4fc4-9162-e22ae483b699">
<Pause type="segmentWait" startTime="29774" endTime="30178" />
</Download>
<Transcode startTime="29697" endTime="30092" complete="1" fileType="video" variant="11b22a05-ce9d-4fc4-9162-e22ae483b699" />
<Transcode startTime="29697" endTime="30092" complete="1" fileType="audio" variant="11b22a05-ce9d-4fc4-9162-e22ae483b699" />
</Timelines>
</Segment>
<Segment duration="0" startOffset="-1" endOffset="-1">
<Timelines>
<Download startTime="30203" fileType="audio" variant="11b22a05-ce9d-4fc4-9162-e22ae483b699" />
</Timelines>
</Segment>
</SegmentList>
<PlaybackReports>
<Playback startTime="19819" endTime="27529" state="playing" progress="9000" />
<Playback startTime="27529" endTime="27765" state="buffering" progress="557000" />
<Playback startTime="27765" endTime="29126" state="playing" progress="557000" />
<Playback startTime="29126" endTime="30194" state="playing" progress="558000" />
</PlaybackReports>
<StateReports />
<StateReports type="sloth">
<State startTime="21083" endTime="25313" slothMode="1" />
<State startTime="25313" endTime="25711" slothMode="0" />
<State startTime="25711" endTime="27115" slothMode="1" />
<State startTime="27115" endTime="30194" slothMode="0" />
</StateReports>
</SessionReport>
