Mar 24, 2026 23:05:29.279 [0xffffb0daab08] INFO - Plex Tuner Service v1.43.0.10492-121068a07 - Docker Docker Container (LinuxServer.io) aarch64 - build: 
Mar 24, 2026 23:05:29.279 [0xffffb0daab08] INFO - Linux version: 6.17.8-orbstack-00308-g8f9c941121b1 (#1 SMP PREEMPT Thu Nov 20 09:34:02 UTC 2025), language: en-US
Mar 24, 2026 23:05:29.279 [0xffffb0daab08] INFO - Processor Unknown architecture
Mar 24, 2026 23:05:29.279 [0xffffb0daab08] INFO - /usr/lib/plexmediaserver/Plex Tuner Service /usr/lib/plexmediaserver/Resources/Tuner/Private /usr/lib/plexmediaserver/Resources/Tuner/Shared 1.43.0.10492-121068a07 32600
Mar 24, 2026 23:05:29.275 [0xffffb2d1f890] INFO - [I] broker_t::start...
Mar 24, 2026 23:05:29.280 [0xffffb2d1f890] INFO - [I] device_manager_t::init.
Mar 24, 2026 23:05:29.280 [0xffffb2d1f890] INFO - [I] device_manager_t::init. Initialize provider manager
Mar 24, 2026 23:05:29.280 [0xffffb2d1f890] INFO - [I] device_manager_t::init. Initialize all device auxes
Mar 24, 2026 23:05:29.280 [0xffffb2d1f890] INFO - [I] dvb_device_factory_t::get_aux_list
Mar 24, 2026 23:05:29.280 [0xffffb2d1f890] INFO - [I] tvbutler_aux_t::init
Mar 24, 2026 23:05:29.287 [0xffffb2d1f890] INFO - [I] web_server_t::start. Starting web server on port 32600
Mar 24, 2026 23:05:37.369 [0xffffb0b47b08] INFO - [I] web_service_t::process_device_discovery
Mar 24, 2026 23:05:37.369 [0xffffb0b47b08] INFO - [I] device_reactor_t::get_device_list ()
Mar 24, 2026 23:05:39.407 [0xffffb0b47b08] INFO - [I] SAT2IP - discover_satip_servers(): no servers found
Mar 24, 2026 23:05:39.833 [0xffffb0b47b08] INFO - [I] v4l::DeviceGetList_impl. getting v4l device list
Mar 24, 2026 23:05:39.835 [0xffffb0b47b08] INFO - [I] onetv_factory::DeviceGetListEx >>
Mar 24, 2026 23:05:39.836 [0xffffb0b47b08] WARN - [W] onetv_factory::DeviceGetListEx. libusb_init returned an error -99
Mar 24, 2026 23:14:06.170 [0xffffb2d1f890] INFO - Received SIGINT: Interrupt from keyboard.
Mar 24, 2026 23:14:06.184 [0xffffb2d1f890] INFO - [I] device_manager_t::term
Mar 24, 2026 23:14:06.184 [0xffffb2d1f890] INFO - [I] device_manager_t::term. Stop all devices
Mar 24, 2026 23:14:06.185 [0xffffb2d1f890] INFO - [I] device_manager_t::term. Shut down all device auxes
Mar 24, 2026 23:14:06.185 [0xffffb2d1f890] INFO - [I] tvbutler_aux_t::term
Mar 24, 2026 23:14:06.194 [0xffffb2d1f890] INFO - [I] web_server_t::stop. Web server is stopped
Mar 24, 2026 23:14:06.194 [0xffffb2d1f890] INFO - [I] device_manager_t::term
Mar 24, 2026 23:14:06.194 [0xffffb2d1f890] INFO - [I] device_manager_t::term. Stop all devices
Mar 24, 2026 23:14:06.194 [0xffffb2d1f890] INFO - [I] device_manager_t::term. Shut down all device auxes
Mar 24, 2026 23:14:06.194 [0xffffb2d1f890] INFO - [I] broker_t::shutdown. Shutdown is completed.
