Mar 24, 2026 21:10:35.078 [281472926293496] INFO - Plex Media Scanner v1.43.0.10492-121068a07 - Docker Docker Container (LinuxServer.io) aarch64 - build: linux-aarch64 - GMT 01:00
Mar 24, 2026 21:10:35.078 [281472926293496] INFO - Linux version: 6.17.8-orbstack-00308-g8f9c941121b1, language: en-US
Mar 24, 2026 21:10:35.078 [281472926293496] INFO - Processor: 8-core Apple Swift
Mar 24, 2026 21:10:35.078 [281472926293496] INFO - /usr/lib/plexmediaserver/Plex Media Scanner --analyze --log-file-suffix  Analysis --no-thumbs --item 1
Mar 24, 2026 21:10:35.078 [281473022259256] DEBUG - Opening 20 database sessions to library (com.plexapp.plugins.library), SQLite 3.39.4, threadsafe=1
Mar 24, 2026 21:10:35.129 [281473022259256] DEBUG - Analyzing media parts for item 1 (Los domingos): 1
Mar 24, 2026 21:10:35.129 [281473022259256] DEBUG - [ID 1] Media part analysis: /movies/Los domingos (2025).mkv
Mar 24, 2026 21:10:35.130 [281473022259256] DEBUG - [MI] Opening input file: "/movies/Los domingos (2025).mkv"
Mar 24, 2026 21:10:35.130 [281473022259256] DEBUG - [FFMPEG] - Opening '/movies/Los domingos (2025).mkv' for reading
Mar 24, 2026 21:10:35.130 [281473022259256] DEBUG - [FFMPEG] - Setting default whitelist 'file,crypto,data'
Mar 24, 2026 21:10:35.130 [281473022259256] DEBUG - [FFMPEG] - Format matroska,webm probed with size=2048 and score=100
Mar 24, 2026 21:10:35.130 [281473022259256] DEBUG - [FFMPEG] - st:0 removing common factor 1000000 from timebase
Mar 24, 2026 21:10:35.130 [281473022259256] DEBUG - [FFMPEG] - st:1 removing common factor 1000000 from timebase
Mar 24, 2026 21:10:35.130 [281473022259256] DEBUG - [FFMPEG] - st:2 removing common factor 1000000 from timebase
Mar 24, 2026 21:10:35.130 [281473022259256] DEBUG - [FFMPEG] - st:3 removing common factor 1000000 from timebase
Mar 24, 2026 21:10:35.131 [281473022259256] INFO - CodecManager: obtaining decoder 'h264'
Mar 24, 2026 21:10:35.131 [281473022259256] DEBUG - [HCl#1] HTTP requesting GET https://plex.tv/api/codecs/h264_decoder?build=linux-aarch64-standard&deviceId=d0aff83c-a0b4-4656-baad-a8046b75dd5b&oldestPreviousVersion=1%2E43%2E0%2E10492-121068a07&version=74455c4-a119aa85fdef32b7dbfbf8a2
Mar 24, 2026 21:10:35.732 [281472916213240] DEBUG - [HttpClient/HCl#1] HTTP/1.1 (0.6s) 200 response from GET https://plex.tv/api/codecs/h264_decoder?build=linux-aarch64-standard&deviceId=d0aff83c-a0b4-4656-baad-a8046b75dd5b&oldestPreviousVersion=1%2E43%2E0%2E10492-121068a07&version=74455c4-a119aa85fdef32b7dbfbf8a2
Mar 24, 2026 21:10:35.734 [281472914791928] DEBUG - [GetFile/HCl#2] HTTP requesting GET https://downloads.plex.tv/codecs/74455c4-a119aa85fdef32b7dbfbf8a2/linux-aarch64-standard/libh264_decoder.so
Mar 24, 2026 21:10:35.837 [281472916213240] DEBUG - [HttpClient/HCl#2] HTTP/2.0 (0.1s) 200 response from GET https://downloads.plex.tv/codecs/74455c4-a119aa85fdef32b7dbfbf8a2/linux-aarch64-standard/libh264_decoder.so
Mar 24, 2026 21:10:35.845 [281473022259256] DEBUG - [FFMPEG] - Before avformat_find_stream_info() pos: 5736 bytes read:34434 seeks:2 nb_streams:4
Mar 24, 2026 21:10:35.848 [281473022259256] DEBUG - [FFMPEG] - nal_unit_type: 7(SPS), nal_ref_idc: 3
Mar 24, 2026 21:10:35.848 [281473022259256] DEBUG - [FFMPEG] - Decoding VUI
Mar 24, 2026 21:10:35.848 [281473022259256] DEBUG - [FFMPEG] - nal_unit_type: 8(PPS), nal_ref_idc: 3
Mar 24, 2026 21:10:35.848 [281473022259256] DEBUG - [FFMPEG] - nal_unit_type: 7(SPS), nal_ref_idc: 3
Mar 24, 2026 21:10:35.849 [281473022259256] DEBUG - [FFMPEG] - Decoding VUI
Mar 24, 2026 21:10:35.849 [281473022259256] DEBUG - [FFMPEG] - nal_unit_type: 8(PPS), nal_ref_idc: 3
Mar 24, 2026 21:10:35.849 [281473022259256] DEBUG - [FFMPEG] - Decoding VUI
Mar 24, 2026 21:10:35.849 [281473022259256] DEBUG - [FFMPEG] - nal_unit_type: 7(SPS), nal_ref_idc: 3
Mar 24, 2026 21:10:35.849 [281473022259256] DEBUG - [FFMPEG] - nal_unit_type: 8(PPS), nal_ref_idc: 3
Mar 24, 2026 21:10:35.849 [281473022259256] DEBUG - [FFMPEG] - nal_unit_type: 6(SEI), nal_ref_idc: 0
Mar 24, 2026 21:10:35.849 [281473022259256] DEBUG - [FFMPEG] - nal_unit_type: 5(IDR), nal_ref_idc: 3
Mar 24, 2026 21:10:35.849 [281473022259256] DEBUG - [FFMPEG] - Decoding VUI
Mar 24, 2026 21:10:35.850 [281473022259256] DEBUG - [FFMPEG] - Format yuv420p chosen by get_format().
Mar 24, 2026 21:10:35.853 [281473022259256] DEBUG - [FFMPEG] - no picture 
Mar 24, 2026 21:10:35.856 [281473022259256] DEBUG - [FFMPEG] - Decoding VUI
Mar 24, 2026 21:10:35.856 [281473022259256] DEBUG - [FFMPEG] - nal_unit_type: 7(SPS), nal_ref_idc: 3
Mar 24, 2026 21:10:35.856 [281473022259256] DEBUG - [FFMPEG] - nal_unit_type: 8(PPS), nal_ref_idc: 3
Mar 24, 2026 21:10:35.856 [281473022259256] DEBUG - [FFMPEG] - nal_unit_type: 6(SEI), nal_ref_idc: 0
Mar 24, 2026 21:10:35.856 [281473022259256] DEBUG - [FFMPEG] - nal_unit_type: 5(IDR), nal_ref_idc: 3
Mar 24, 2026 21:10:35.856 [281473022259256] DEBUG - [FFMPEG] - Decoding VUI
Mar 24, 2026 21:10:35.861 [281473022259256] DEBUG - [FFMPEG] - nal_unit_type: 1(Coded slice of a non-IDR picture), nal_ref_idc: 2
Mar 24, 2026 21:10:35.862 [281473022259256] DEBUG - [FFMPEG] - nal_unit_type: 1(Coded slice of a non-IDR picture), nal_ref_idc: 0
Mar 24, 2026 21:10:35.867 [281473022259256] DEBUG - [FFMPEG] - nal_unit_type: 1(Coded slice of a non-IDR picture), nal_ref_idc: 0
Mar 24, 2026 21:10:35.871 [281473022259256] DEBUG - [FFMPEG] - nal_unit_type: 1(Coded slice of a non-IDR picture), nal_ref_idc: 2
Mar 24, 2026 21:10:35.872 [281473022259256] DEBUG - [FFMPEG] - nal_unit_type: 1(Coded slice of a non-IDR picture), nal_ref_idc: 0
Mar 24, 2026 21:10:35.874 [281473022259256] DEBUG - [FFMPEG] - nal_unit_type: 1(Coded slice of a non-IDR picture), nal_ref_idc: 0
Mar 24, 2026 21:10:35.876 [281473022259256] DEBUG - [FFMPEG] - All info found
Mar 24, 2026 21:10:35.877 [281473022259256] DEBUG - [FFMPEG] - After avformat_find_stream_info() pos: 65755 bytes read:99970 seeks:2 frames:27
Mar 24, 2026 21:10:35.881 [281473022259256] DEBUG - [MI]  * 504cac6b1b8006543d109c125a1b08b814a38cc0 [mkv h264/eac3] Duration: 6739580ms, 1920x1080 (1.777778) 50.000fps, bitrate=5741kbps, audio channels=6, optimizedForStreaming=0 ("/movies/Los domingos (2025).mkv")
Mar 24, 2026 21:10:35.882 [281473022259256] DEBUG - [MI] Chapters had generic titles, clearing.
Mar 24, 2026 21:10:35.882 [281473022259256] DEBUG - [MI] Closing input file: "/movies/Los domingos (2025).mkv"
Mar 24, 2026 21:10:35.882 [281473022259256] DEBUG - Committing media stream changes for part 1
Mar 24, 2026 21:10:35.883 [281473022259256] DEBUG - Updating media item 1, size=4837282237, metadata_item_id=1
Mar 24, 2026 21:10:35.883 [281473022259256] DEBUG - Updating part with ID=1 [/movies/Los domingos (2025).mkv]
Mar 24, 2026 21:10:35.884 [281472912068088] DEBUG - [HCl#3] HTTP requesting GET http://127.0.0.1:32400/:/metadata/notify/changeItemState?librarySectionID=1&metadataItemID=1&metadataType=1&state=-1&parentID=-1&rootID=-1&mediaState=analyzing
Mar 24, 2026 21:10:35.885 [281473022259256] DEBUG - Downloading document http://127.0.0.1:32400/library/changestamp
Mar 24, 2026 21:10:35.885 [281473022259256] DEBUG - [HCl#4] HTTP requesting GET http://127.0.0.1:32400/library/changestamp
Mar 24, 2026 21:10:35.886 [281472916213240] DEBUG - [HttpClient/HCl#3] HTTP/1.1 (0.0s) 200 response from GET http://127.0.0.1:32400/:/metadata/notify/changeItemState?librarySectionID=1&metadataItemID=1&metadataType=1&state=-1&parentID=-1&rootID=-1&mediaState=analyzing
Mar 24, 2026 21:10:35.886 [281472912068088] DEBUG - [HCl#5] HTTP requesting GET http://127.0.0.1:32400/:/metadata/notify/changeItemState?librarySectionID=1&metadataItemID=1&metadataType=1&state=-1&parentID=-1&rootID=-1&mediaState=idle
Mar 24, 2026 21:10:35.886 [281472916213240] DEBUG - [HttpClient/HCl#4] HTTP/1.1 (0.0s) 200 response from GET http://127.0.0.1:32400/library/changestamp (reused)
Mar 24, 2026 21:10:35.886 [281473022259256] DEBUG - Updating metadata item (save) (Los domingos) with ID 1
Mar 24, 2026 21:10:35.887 [281472916213240] DEBUG - [HttpClient/HCl#5] HTTP/1.1 (0.0s) 200 response from GET http://127.0.0.1:32400/:/metadata/notify/changeItemState?librarySectionID=1&metadataItemID=1&metadataType=1&state=-1&parentID=-1&rootID=-1&mediaState=idle
