Mar 24, 2026 22:43:03.797 [0xffffb684ab08] INFO - Plex Tuner Service v1.43.0.10492-121068a07 - Docker Docker Container (LinuxServer.io) aarch64 - build: 
Mar 24, 2026 22:43:03.798 [0xffffb684ab08] INFO - Linux version: 6.17.8-orbstack-00308-g8f9c941121b1 (#1 SMP PREEMPT Thu Nov 20 09:34:02 UTC 2025), language: en-US
Mar 24, 2026 22:43:03.798 [0xffffb684ab08] INFO - Processor Unknown architecture
Mar 24, 2026 22:43:03.798 [0xffffb684ab08] INFO - /usr/lib/plexmediaserver/Plex Tuner Service /usr/lib/plexmediaserver/Resources/Tuner/Private /usr/lib/plexmediaserver/Resources/Tuner/Shared 1.43.0.10492-121068a07 32600
Mar 24, 2026 22:43:03.790 [0xffffb87bf890] INFO - [I] broker_t::start...
Mar 24, 2026 22:43:03.800 [0xffffb87bf890] INFO - [I] device_manager_t::init.
Mar 24, 2026 22:43:03.800 [0xffffb87bf890] INFO - [I] device_manager_t::init. Initialize provider manager
Mar 24, 2026 22:43:03.800 [0xffffb87bf890] INFO - [I] device_manager_t::init. Initialize all device auxes
Mar 24, 2026 22:43:03.800 [0xffffb87bf890] INFO - [I] dvb_device_factory_t::get_aux_list
Mar 24, 2026 22:43:03.800 [0xffffb87bf890] INFO - [I] tvbutler_aux_t::init
Mar 24, 2026 22:43:03.802 [0xffffb87bf890] INFO - [I] web_server_t::start. Starting web server on port 32600
Mar 24, 2026 22:43:12.564 [0xffffb64e3b08] INFO - [I] web_service_t::process_device_discovery
Mar 24, 2026 22:43:12.564 [0xffffb64e3b08] INFO - [I] device_reactor_t::get_device_list ()
Mar 24, 2026 22:43:14.608 [0xffffb64e3b08] INFO - [I] SAT2IP - discover_satip_servers(): no servers found
Mar 24, 2026 22:43:15.038 [0xffffb64e3b08] INFO - [I] v4l::DeviceGetList_impl. getting v4l device list
Mar 24, 2026 22:43:15.064 [0xffffb64e3b08] INFO - [I] onetv_factory::DeviceGetListEx >>
Mar 24, 2026 22:43:15.064 [0xffffb64e3b08] WARN - [W] onetv_factory::DeviceGetListEx. libusb_init returned an error -99
Mar 24, 2026 23:05:22.234 [0xffffb87bf890] INFO - Received SIGINT: Interrupt from keyboard.
Mar 24, 2026 23:05:22.257 [0xffffb87bf890] INFO - [I] device_manager_t::term
Mar 24, 2026 23:05:22.257 [0xffffb87bf890] INFO - [I] device_manager_t::term. Stop all devices
Mar 24, 2026 23:05:22.257 [0xffffb87bf890] INFO - [I] device_manager_t::term. Shut down all device auxes
Mar 24, 2026 23:05:22.257 [0xffffb87bf890] INFO - [I] tvbutler_aux_t::term
Mar 24, 2026 23:05:22.265 [0xffffb87bf890] INFO - [I] web_server_t::stop. Web server is stopped
