<SessionReport version="2" startTime="0" startTimestamp="Mar 25, 2026 12:31:18.090" key="/library/metadata/3" session="t18g1tg6let7tbqzbh6apw13" transcode="fppl3frl2ao51guvdgvswfu3">
<User id="1" thumb="https://plex.tv/users/1604ae59b3dfd427/avatar?c=1774437253" title="oscar.p46" />
<Player address="192.168.97.1" device="OSX" machineIdentifier="kwi7nwyvhcpcyhm5fcfrs3bf" model="bundled" platform="Chrome" platformVersion="146.0" product="Plex Web" title="Chrome" version="4.156.0" local="1" relayed="0" secure="0" userID="1" />
<Variants>
<Variant id="1a0acd65-ac5f-4fb4-8cca-4ed5c01916f0" targetBitrate="21270" context="streaming" sourceVideoCodec="av1" sourceAudioCodec="eac3" videoDecision="transcode" audioDecision="transcode" subtitleDecision="transcode" protocol="dash" container="mp4" videoCodec="h264" audioCodec="aac" audioChannels="2" transcodeHwRequested="0" transcodeHwFullPipeline="0">
<Media id="1" videoProfile="main" audioChannels="2" audioCodec="aac" bitrate="20256" container="mp4" duration="3434752" height="804" optimizedForStreaming="1" protocol="dash" videoCodec="h264" videoFrameRate="24p" videoResolution="1080p" width="1920" selected="1">
<Part id="1" videoProfile="main" bitrate="20256" container="mp4" duration="3434752" height="804" optimizedForStreaming="1" protocol="dash" width="1920" decision="transcode" selected="1">
<Stream bitDepth="8" bitrate="20000" codec="h264" colorTrc="bt709" default="1" displayTitle="1080p" extendedDisplayTitle="dAV1nci (1080p AV1)" frameRate="23.975999832153320" height="804" id="1" streamType="1" width="1920" decision="transcode" location="segments-video" />
<Stream bitrate="256" bitrateMode="cbr" channels="2" codec="aac" default="1" displayTitle="English (EAC3 5.1)" extendedDisplayTitle="English 5.1 (EAC3 256 kbps)" id="2" language="English" languageCode="eng" languageTag="en" selected="1" streamType="2" decision="transcode" location="segments-audio" />
<Stream codec="ass" container="ass" displayTitle="Espa&#241;ol" extendedDisplayTitle="Espa&#241;ol (SRT)" format="ass" id="14" language="Espa&#241;ol" languageCode="spa" languageTag="es" selected="1" streamType="3" decision="transcode" location="segments-subs" />
</Part>
</Media>
</Variant>
<Variant id="5278f782-3f9c-4d77-a5fc-c3c4895a67d8" targetBitrate="21270" context="streaming" sourceVideoCodec="av1" sourceAudioCodec="eac3" videoDecision="transcode" audioDecision="transcode" subtitleDecision="transcode" protocol="dash" container="mp4" videoCodec="h264" audioCodec="aac" audioChannels="2" transcodeHwRequested="0" transcodeHwFullPipeline="0">
<Media id="1" videoProfile="main" audioChannels="2" audioCodec="aac" bitrate="20256" container="mp4" duration="3434752" height="804" optimizedForStreaming="1" protocol="dash" videoCodec="h264" videoFrameRate="24p" videoResolution="1080p" width="1920" selected="1">
<Part id="1" videoProfile="main" bitrate="20256" container="mp4" duration="3434752" height="804" optimizedForStreaming="1" protocol="dash" width="1920" decision="transcode" selected="1">
<Stream bitDepth="8" bitrate="20000" codec="h264" colorTrc="bt709" default="1" displayTitle="1080p" extendedDisplayTitle="dAV1nci (1080p AV1)" frameRate="23.975999832153320" height="804" id="1" streamType="1" width="1920" decision="transcode" location="segments-video" />
<Stream bitrate="256" bitrateMode="cbr" channels="2" codec="aac" default="1" displayTitle="English (EAC3 5.1)" extendedDisplayTitle="English 5.1 (EAC3 256 kbps)" id="2" language="English" languageCode="eng" languageTag="en" selected="1" streamType="2" decision="transcode" location="segments-audio" />
<Stream codec="ass" container="ass" displayTitle="Espa&#241;ol" extendedDisplayTitle="Espa&#241;ol (SRT)" format="ass" id="14" language="Espa&#241;ol" languageCode="spa" languageTag="es" selected="1" streamType="3" decision="transcode" location="segments-subs" />
</Part>
</Media>
</Variant>
</Variants>
<SegmentList>
<Segment duration="1001" startOffset="0" endOffset="1001">
<File name="chunk-stream0-00001.m4s" type="video">
<FileVariant size="2754" variant="1a0acd65-ac5f-4fb4-8cca-4ed5c01916f0" />
</File>
<File name="chunk-stream1-00001.m4s" type="audio">
<FileVariant size="651" variant="1a0acd65-ac5f-4fb4-8cca-4ed5c01916f0" />
</File>
<File name="sub-chunk-00000" type="subs">
<FileVariant size="64" variant="5278f782-3f9c-4d77-a5fc-c3c4895a67d8" />
</File>
<Timelines>
<Transcode startTime="28" endTime="318" complete="1" fileType="video" variant="1a0acd65-ac5f-4fb4-8cca-4ed5c01916f0" />
<Transcode startTime="28" endTime="318" complete="1" fileType="audio" variant="1a0acd65-ac5f-4fb4-8cca-4ed5c01916f0" />
<Transcode startTime="472" endTime="601" complete="1" fileType="subs" variant="5278f782-3f9c-4d77-a5fc-c3c4895a67d8" />
</Timelines>
</Segment>
<Segment duration="1001" startOffset="73031" endOffset="74032">
<File name="chunk-stream0-00074.m4s" type="video">
<FileVariant size="433003" variant="5278f782-3f9c-4d77-a5fc-c3c4895a67d8" />
</File>
<File name="chunk-stream1-00074.m4s" type="audio">
<FileVariant size="32270" variant="5278f782-3f9c-4d77-a5fc-c3c4895a67d8" />
</File>
<Timelines>
<Download startTime="364" endTime="1479" complete="1" fileType="video" variant="1a0acd65-ac5f-4fb4-8cca-4ed5c01916f0">
<Pause type="segmentWait" startTime="364" endTime="1478" />
</Download>
<Download startTime="365" endTime="1473" complete="1" fileType="audio" variant="1a0acd65-ac5f-4fb4-8cca-4ed5c01916f0">
<Pause type="segmentWait" startTime="365" endTime="1472" />
</Download>
<Transcode startTime="472" endTime="1380" complete="1" fileType="video" variant="5278f782-3f9c-4d77-a5fc-c3c4895a67d8" />
<Transcode startTime="472" endTime="1380" complete="1" fileType="audio" variant="5278f782-3f9c-4d77-a5fc-c3c4895a67d8" />
</Timelines>
</Segment>
<Segment duration="1001" startOffset="1001" endOffset="2002">
<File name="chunk-stream0-00002.m4s" type="video">
<FileVariant size="2103" variant="1a0acd65-ac5f-4fb4-8cca-4ed5c01916f0" />
</File>
<File name="chunk-stream1-00002.m4s" type="audio">
<FileVariant size="460" variant="1a0acd65-ac5f-4fb4-8cca-4ed5c01916f0" />
</File>
<File name="sub-chunk-00001" type="subs">
<FileVariant size="68" variant="5278f782-3f9c-4d77-a5fc-c3c4895a67d8" />
</File>
<Timelines>
<Transcode startTime="318" endTime="437" complete="1" fileType="video" variant="1a0acd65-ac5f-4fb4-8cca-4ed5c01916f0" />
<Transcode startTime="318" endTime="437" complete="1" fileType="audio" variant="1a0acd65-ac5f-4fb4-8cca-4ed5c01916f0" />
<Transcode startTime="601" endTime="710" complete="1" fileType="subs" variant="5278f782-3f9c-4d77-a5fc-c3c4895a67d8" />
</Timelines>
</Segment>
<Segment duration="0" startOffset="70570" endOffset="70570">
<File name="sub-chunk-00002" type="subs">
<FileVariant size="78" variant="5278f782-3f9c-4d77-a5fc-c3c4895a67d8" />
</File>
<Timelines>
<Transcode startTime="710" endTime="798" complete="1" fileType="subs" variant="5278f782-3f9c-4d77-a5fc-c3c4895a67d8" />
</Timelines>
</Segment>
<Segment duration="0" startOffset="71950" endOffset="71950">
<File name="sub-chunk-00003" type="subs">
<FileVariant size="103" variant="5278f782-3f9c-4d77-a5fc-c3c4895a67d8" />
</File>
<Timelines>
<Transcode startTime="798" endTime="901" complete="1" fileType="subs" variant="5278f782-3f9c-4d77-a5fc-c3c4895a67d8" />
</Timelines>
</Segment>
<Segment duration="1001" startOffset="74032" endOffset="75033">
<File name="chunk-stream0-00075.m4s" type="video">
<FileVariant size="518687" variant="5278f782-3f9c-4d77-a5fc-c3c4895a67d8" />
</File>
<File name="chunk-stream1-00075.m4s" type="audio">
<FileVariant size="32594" variant="5278f782-3f9c-4d77-a5fc-c3c4895a67d8" />
</File>
<Timelines>
<Download startTime="1481" endTime="1582" complete="1" fileType="audio" variant="5278f782-3f9c-4d77-a5fc-c3c4895a67d8">
<Pause type="segmentWait" startTime="1481" endTime="1581" />
</Download>
<Transcode startTime="1380" endTime="1561" complete="1" fileType="video" variant="5278f782-3f9c-4d77-a5fc-c3c4895a67d8" />
<Transcode startTime="1380" endTime="1561" complete="1" fileType="audio" variant="5278f782-3f9c-4d77-a5fc-c3c4895a67d8" />
<Download startTime="1693" endTime="1699" complete="1" fileType="video" variant="5278f782-3f9c-4d77-a5fc-c3c4895a67d8" />
</Timelines>
</Segment>
<Segment duration="0" startOffset="76450" endOffset="76450">
<File name="sub-chunk-00004" type="subs">
<FileVariant size="67" variant="5278f782-3f9c-4d77-a5fc-c3c4895a67d8" />
</File>
<Timelines>
<Transcode startTime="901" endTime="1585" complete="1" fileType="subs" variant="5278f782-3f9c-4d77-a5fc-c3c4895a67d8" />
</Timelines>
</Segment>
<Segment duration="1001" startOffset="75033" endOffset="76034">
<File name="chunk-stream0-00076.m4s" type="video">
<FileVariant size="448879" variant="5278f782-3f9c-4d77-a5fc-c3c4895a67d8" />
</File>
<File name="chunk-stream1-00076.m4s" type="audio">
<FileVariant size="30518" variant="5278f782-3f9c-4d77-a5fc-c3c4895a67d8" />
</File>
<Timelines>
<Download startTime="1585" endTime="1787" complete="1" fileType="audio" variant="5278f782-3f9c-4d77-a5fc-c3c4895a67d8">
<Pause type="segmentWait" startTime="1585" endTime="1786" />
</Download>
<Download startTime="1703" endTime="1807" complete="1" fileType="video" variant="5278f782-3f9c-4d77-a5fc-c3c4895a67d8">
<Pause type="segmentWait" startTime="1703" endTime="1803" />
</Download>
<Transcode startTime="1561" endTime="1708" complete="1" fileType="video" variant="5278f782-3f9c-4d77-a5fc-c3c4895a67d8" />
<Transcode startTime="1561" endTime="1708" complete="1" fileType="audio" variant="5278f782-3f9c-4d77-a5fc-c3c4895a67d8" />
</Timelines>
</Segment>
<Segment duration="1001" startOffset="76034" endOffset="77035">
<File name="chunk-stream0-00077.m4s" type="video">
<FileVariant size="489576" variant="5278f782-3f9c-4d77-a5fc-c3c4895a67d8" />
</File>
<File name="chunk-stream1-00077.m4s" type="audio">
<FileVariant size="30384" variant="5278f782-3f9c-4d77-a5fc-c3c4895a67d8" />
</File>
<Timelines>
<Download startTime="1790" endTime="1892" complete="1" fileType="audio" variant="5278f782-3f9c-4d77-a5fc-c3c4895a67d8">
<Pause type="segmentWait" startTime="1790" endTime="1891" />
</Download>
<Download startTime="1815" endTime="1920" complete="1" fileType="video" variant="5278f782-3f9c-4d77-a5fc-c3c4895a67d8">
<Pause type="segmentWait" startTime="1815" endTime="1915" />
</Download>
<Transcode startTime="1708" endTime="1870" complete="1" fileType="video" variant="5278f782-3f9c-4d77-a5fc-c3c4895a67d8" />
<Transcode startTime="1708" endTime="1870" complete="1" fileType="audio" variant="5278f782-3f9c-4d77-a5fc-c3c4895a67d8" />
</Timelines>
</Segment>
<Segment duration="1001" startOffset="77035" endOffset="78036">
<File name="chunk-stream0-00078.m4s" type="video">
<FileVariant size="575845" variant="5278f782-3f9c-4d77-a5fc-c3c4895a67d8" />
</File>
<File name="chunk-stream1-00078.m4s" type="audio">
<FileVariant size="30593" variant="5278f782-3f9c-4d77-a5fc-c3c4895a67d8" />
</File>
<Timelines>
<Download startTime="1901" endTime="2103" complete="1" fileType="audio" variant="5278f782-3f9c-4d77-a5fc-c3c4895a67d8">
<Pause type="segmentWait" startTime="1901" endTime="2102" />
</Download>
<Download startTime="1927" endTime="2129" complete="1" fileType="video" variant="5278f782-3f9c-4d77-a5fc-c3c4895a67d8">
<Pause type="segmentWait" startTime="1927" endTime="2128" />
</Download>
<Transcode startTime="1870" endTime="2058" complete="1" fileType="video" variant="5278f782-3f9c-4d77-a5fc-c3c4895a67d8" />
<Transcode startTime="1870" endTime="2058" complete="1" fileType="audio" variant="5278f782-3f9c-4d77-a5fc-c3c4895a67d8" />
</Timelines>
</Segment>
<Segment duration="1001" startOffset="78036" endOffset="79037">
<File name="chunk-stream0-00079.m4s" type="video">
<FileVariant size="637657" variant="5278f782-3f9c-4d77-a5fc-c3c4895a67d8" />
</File>
<File name="chunk-stream1-00079.m4s" type="audio">
<FileVariant size="30368" variant="5278f782-3f9c-4d77-a5fc-c3c4895a67d8" />
</File>
<Timelines>
<Download startTime="2106" endTime="2207" complete="1" fileType="audio" variant="5278f782-3f9c-4d77-a5fc-c3c4895a67d8">
<Pause type="segmentWait" startTime="2106" endTime="2206" />
</Download>
<Download startTime="2131" endTime="2237" complete="1" fileType="video" variant="5278f782-3f9c-4d77-a5fc-c3c4895a67d8">
<Pause type="segmentWait" startTime="2131" endTime="2234" />
</Download>
<Transcode startTime="2058" endTime="2183" complete="1" fileType="video" variant="5278f782-3f9c-4d77-a5fc-c3c4895a67d8" />
<Transcode startTime="2058" endTime="2183" complete="1" fileType="audio" variant="5278f782-3f9c-4d77-a5fc-c3c4895a67d8" />
</Timelines>
</Segment>
<Segment duration="1001" startOffset="79037" endOffset="80038">
<File name="chunk-stream0-00080.m4s" type="video">
<FileVariant size="580829" variant="5278f782-3f9c-4d77-a5fc-c3c4895a67d8" />
</File>
<File name="chunk-stream1-00080.m4s" type="audio">
<FileVariant size="30477" variant="5278f782-3f9c-4d77-a5fc-c3c4895a67d8" />
</File>
<Timelines>
<Download startTime="2210" endTime="2412" complete="1" fileType="audio" variant="5278f782-3f9c-4d77-a5fc-c3c4895a67d8">
<Pause type="segmentWait" startTime="2210" endTime="2411" />
</Download>
<Download startTime="2243" endTime="2345" complete="1" fileType="video" variant="5278f782-3f9c-4d77-a5fc-c3c4895a67d8">
<Pause type="segmentWait" startTime="2243" endTime="2344" />
</Download>
<Transcode startTime="2183" endTime="2343" complete="1" fileType="video" variant="5278f782-3f9c-4d77-a5fc-c3c4895a67d8" />
<Transcode startTime="2183" endTime="2343" complete="1" fileType="audio" variant="5278f782-3f9c-4d77-a5fc-c3c4895a67d8" />
</Timelines>
</Segment>
<Segment duration="1001" startOffset="80038" endOffset="81039">
<File name="chunk-stream0-00081.m4s" type="video">
<FileVariant size="569656" variant="5278f782-3f9c-4d77-a5fc-c3c4895a67d8" />
</File>
<File name="chunk-stream1-00081.m4s" type="audio">
<FileVariant size="29819" variant="5278f782-3f9c-4d77-a5fc-c3c4895a67d8" />
</File>
<Timelines>
<Download startTime="2356" endTime="2558" complete="1" fileType="video" variant="5278f782-3f9c-4d77-a5fc-c3c4895a67d8">
<Pause type="segmentWait" startTime="2356" endTime="2556" />
</Download>
<Download startTime="2415" endTime="2517" complete="1" fileType="audio" variant="5278f782-3f9c-4d77-a5fc-c3c4895a67d8">
<Pause type="segmentWait" startTime="2415" endTime="2517" />
</Download>
<Transcode startTime="2343" endTime="2497" complete="1" fileType="video" variant="5278f782-3f9c-4d77-a5fc-c3c4895a67d8" />
<Transcode startTime="2343" endTime="2497" complete="1" fileType="audio" variant="5278f782-3f9c-4d77-a5fc-c3c4895a67d8" />
</Timelines>
</Segment>
<Segment duration="1001" startOffset="81039" endOffset="82040">
<File name="chunk-stream0-00082.m4s" type="video">
<FileVariant size="536471" variant="5278f782-3f9c-4d77-a5fc-c3c4895a67d8" />
</File>
<File name="chunk-stream1-00082.m4s" type="audio">
<FileVariant size="30401" variant="5278f782-3f9c-4d77-a5fc-c3c4895a67d8" />
</File>
<Timelines>
<Download startTime="2519" endTime="2720" complete="1" fileType="audio" variant="5278f782-3f9c-4d77-a5fc-c3c4895a67d8">
<Pause type="segmentWait" startTime="2519" endTime="2720" />
</Download>
<Download startTime="2564" endTime="2770" complete="1" fileType="video" variant="5278f782-3f9c-4d77-a5fc-c3c4895a67d8">
<Pause type="segmentWait" startTime="2564" endTime="2764" />
</Download>
<Transcode startTime="2497" endTime="2677" complete="1" fileType="video" variant="5278f782-3f9c-4d77-a5fc-c3c4895a67d8" />
<Transcode startTime="2497" endTime="2677" complete="1" fileType="audio" variant="5278f782-3f9c-4d77-a5fc-c3c4895a67d8" />
</Timelines>
</Segment>
<Segment duration="1001" startOffset="82040" endOffset="83041">
<File name="chunk-stream0-00083.m4s" type="video">
<FileVariant size="511333" variant="5278f782-3f9c-4d77-a5fc-c3c4895a67d8" />
</File>
<File name="chunk-stream1-00083.m4s" type="audio">
<FileVariant size="30429" variant="5278f782-3f9c-4d77-a5fc-c3c4895a67d8" />
</File>
<Timelines>
<Download startTime="2724" endTime="2926" complete="1" fileType="audio" variant="5278f782-3f9c-4d77-a5fc-c3c4895a67d8">
<Pause type="segmentWait" startTime="2724" endTime="2925" />
</Download>
<Download startTime="2771" endTime="2878" complete="1" fileType="video" variant="5278f782-3f9c-4d77-a5fc-c3c4895a67d8">
<Pause type="segmentWait" startTime="2771" endTime="2872" />
</Download>
<Transcode startTime="2677" endTime="2860" complete="1" fileType="video" variant="5278f782-3f9c-4d77-a5fc-c3c4895a67d8" />
<Transcode startTime="2677" endTime="2860" complete="1" fileType="audio" variant="5278f782-3f9c-4d77-a5fc-c3c4895a67d8" />
</Timelines>
</Segment>
<Segment duration="1001" startOffset="83041" endOffset="84042">
<File name="chunk-stream0-00084.m4s" type="video">
<FileVariant size="573770" variant="5278f782-3f9c-4d77-a5fc-c3c4895a67d8" />
</File>
<File name="chunk-stream1-00084.m4s" type="audio">
<FileVariant size="30489" variant="5278f782-3f9c-4d77-a5fc-c3c4895a67d8" />
</File>
<Timelines>
<Download startTime="2881" endTime="3091" complete="1" fileType="video" variant="5278f782-3f9c-4d77-a5fc-c3c4895a67d8">
<Pause type="segmentWait" startTime="2881" endTime="3081" />
</Download>
<Download startTime="2929" endTime="3135" complete="1" fileType="audio" variant="5278f782-3f9c-4d77-a5fc-c3c4895a67d8">
<Pause type="segmentWait" startTime="2929" endTime="3130" />
</Download>
<Transcode startTime="2860" endTime="3050" complete="1" fileType="video" variant="5278f782-3f9c-4d77-a5fc-c3c4895a67d8" />
<Transcode startTime="2860" endTime="3050" complete="1" fileType="audio" variant="5278f782-3f9c-4d77-a5fc-c3c4895a67d8" />
</Timelines>
</Segment>
<Segment duration="1001" startOffset="84042" endOffset="85043">
<File name="chunk-stream0-00085.m4s" type="video">
<FileVariant size="579290" variant="5278f782-3f9c-4d77-a5fc-c3c4895a67d8" />
</File>
<File name="chunk-stream1-00085.m4s" type="audio">
<FileVariant size="30433" variant="5278f782-3f9c-4d77-a5fc-c3c4895a67d8" />
</File>
<Timelines>
<Download startTime="3096" endTime="3303" complete="1" fileType="video" variant="5278f782-3f9c-4d77-a5fc-c3c4895a67d8">
<Pause type="segmentWait" startTime="3096" endTime="3298" />
</Download>
<Download startTime="3137" endTime="3339" complete="1" fileType="audio" variant="5278f782-3f9c-4d77-a5fc-c3c4895a67d8">
<Pause type="segmentWait" startTime="3137" endTime="3338" />
</Download>
<Transcode startTime="3050" endTime="3248" complete="1" fileType="video" variant="5278f782-3f9c-4d77-a5fc-c3c4895a67d8" />
<Transcode startTime="3050" endTime="3248" complete="1" fileType="audio" variant="5278f782-3f9c-4d77-a5fc-c3c4895a67d8" />
</Timelines>
</Segment>
<Segment duration="1001" startOffset="85043" endOffset="86044">
<File name="chunk-stream0-00086.m4s" type="video">
<FileVariant size="562915" variant="5278f782-3f9c-4d77-a5fc-c3c4895a67d8" />
</File>
<File name="chunk-stream1-00086.m4s" type="audio">
<FileVariant size="30441" variant="5278f782-3f9c-4d77-a5fc-c3c4895a67d8" />
</File>
<Timelines>
<Download startTime="3310" endTime="3415" complete="1" fileType="video" variant="5278f782-3f9c-4d77-a5fc-c3c4895a67d8">
<Pause type="segmentWait" startTime="3310" endTime="3410" />
</Download>
<Download startTime="3341" endTime="3442" complete="1" fileType="audio" variant="5278f782-3f9c-4d77-a5fc-c3c4895a67d8">
<Pause type="segmentWait" startTime="3341" endTime="3441" />
</Download>
<Transcode startTime="3248" endTime="3401" complete="1" fileType="video" variant="5278f782-3f9c-4d77-a5fc-c3c4895a67d8" />
<Transcode startTime="3248" endTime="3401" complete="1" fileType="audio" variant="5278f782-3f9c-4d77-a5fc-c3c4895a67d8" />
</Timelines>
</Segment>
<Segment duration="1001" startOffset="86044" endOffset="87045">
<File name="chunk-stream0-00087.m4s" type="video">
<FileVariant size="545142" variant="5278f782-3f9c-4d77-a5fc-c3c4895a67d8" />
</File>
<File name="chunk-stream1-00087.m4s" type="audio">
<FileVariant size="30493" variant="5278f782-3f9c-4d77-a5fc-c3c4895a67d8" />
</File>
<Timelines>
<Download startTime="3420" endTime="3624" complete="1" fileType="video" variant="5278f782-3f9c-4d77-a5fc-c3c4895a67d8">
<Pause type="segmentWait" startTime="3420" endTime="3621" />
</Download>
<Download startTime="3446" endTime="3648" complete="1" fileType="audio" variant="5278f782-3f9c-4d77-a5fc-c3c4895a67d8">
<Pause type="segmentWait" startTime="3446" endTime="3648" />
</Download>
<Transcode startTime="3401" endTime="3567" complete="1" fileType="video" variant="5278f782-3f9c-4d77-a5fc-c3c4895a67d8" />
<Transcode startTime="3401" endTime="3567" complete="1" fileType="audio" variant="5278f782-3f9c-4d77-a5fc-c3c4895a67d8" />
</Timelines>
</Segment>
<Segment duration="0" startOffset="87380" endOffset="87380">
<File name="sub-chunk-00005" type="subs">
<FileVariant size="63" variant="5278f782-3f9c-4d77-a5fc-c3c4895a67d8" />
</File>
<Timelines>
<Transcode startTime="1585" endTime="3430" complete="1" fileType="subs" variant="5278f782-3f9c-4d77-a5fc-c3c4895a67d8" />
</Timelines>
</Segment>
<Segment duration="1001" startOffset="87045" endOffset="88046">
<File name="chunk-stream0-00088.m4s" type="video">
<FileVariant size="542794" variant="5278f782-3f9c-4d77-a5fc-c3c4895a67d8" />
</File>
<File name="chunk-stream1-00088.m4s" type="audio">
<FileVariant size="30866" variant="5278f782-3f9c-4d77-a5fc-c3c4895a67d8" />
</File>
<Timelines>
<Download startTime="3628" endTime="3743" complete="1" fileType="video" variant="5278f782-3f9c-4d77-a5fc-c3c4895a67d8">
<Pause type="segmentWait" startTime="3628" endTime="3728" />
</Download>
<Download startTime="3651" endTime="3756" complete="1" fileType="audio" variant="5278f782-3f9c-4d77-a5fc-c3c4895a67d8">
<Pause type="segmentWait" startTime="3651" endTime="3754" />
</Download>
<Transcode startTime="3567" endTime="3700" complete="1" fileType="video" variant="5278f782-3f9c-4d77-a5fc-c3c4895a67d8" />
<Transcode startTime="3567" endTime="3700" complete="1" fileType="audio" variant="5278f782-3f9c-4d77-a5fc-c3c4895a67d8" />
</Timelines>
</Segment>
<Segment duration="1001" startOffset="88046" endOffset="89047">
<File name="chunk-stream0-00089.m4s" type="video">
<FileVariant size="545250" variant="5278f782-3f9c-4d77-a5fc-c3c4895a67d8" />
</File>
<File name="chunk-stream1-00089.m4s" type="audio">
<FileVariant size="30431" variant="5278f782-3f9c-4d77-a5fc-c3c4895a67d8" />
</File>
<Timelines>
<Download startTime="3757" endTime="3959" complete="1" fileType="video" variant="5278f782-3f9c-4d77-a5fc-c3c4895a67d8">
<Pause type="segmentWait" startTime="3757" endTime="3957" />
</Download>
<Download startTime="3759" endTime="3961" complete="1" fileType="audio" variant="5278f782-3f9c-4d77-a5fc-c3c4895a67d8">
<Pause type="segmentWait" startTime="3759" endTime="3960" />
</Download>
<Transcode startTime="3700" endTime="3878" complete="1" fileType="video" variant="5278f782-3f9c-4d77-a5fc-c3c4895a67d8" />
<Transcode startTime="3700" endTime="3878" complete="1" fileType="audio" variant="5278f782-3f9c-4d77-a5fc-c3c4895a67d8" />
</Timelines>
</Segment>
<Segment duration="1001" startOffset="89047" endOffset="90048">
<File name="chunk-stream0-00090.m4s" type="video">
<FileVariant size="578882" variant="5278f782-3f9c-4d77-a5fc-c3c4895a67d8" />
</File>
<File name="chunk-stream1-00090.m4s" type="audio">
<FileVariant size="30461" variant="5278f782-3f9c-4d77-a5fc-c3c4895a67d8" />
</File>
<Timelines>
<Download startTime="3975" endTime="4078" complete="1" fileType="video" variant="5278f782-3f9c-4d77-a5fc-c3c4895a67d8">
<Pause type="segmentWait" startTime="3975" endTime="4076" />
</Download>
<Download startTime="3975" endTime="4078" complete="1" fileType="audio" variant="5278f782-3f9c-4d77-a5fc-c3c4895a67d8">
<Pause type="segmentWait" startTime="3975" endTime="4077" />
</Download>
<Transcode startTime="3878" endTime="4052" complete="1" fileType="video" variant="5278f782-3f9c-4d77-a5fc-c3c4895a67d8" />
<Transcode startTime="3878" endTime="4052" complete="1" fileType="audio" variant="5278f782-3f9c-4d77-a5fc-c3c4895a67d8" />
</Timelines>
</Segment>
<Segment duration="1001" startOffset="90048" endOffset="91049">
<File name="chunk-stream0-00091.m4s" type="video">
<FileVariant size="563678" variant="5278f782-3f9c-4d77-a5fc-c3c4895a67d8" />
</File>
<File name="chunk-stream1-00091.m4s" type="audio">
<FileVariant size="31045" variant="5278f782-3f9c-4d77-a5fc-c3c4895a67d8" />
</File>
<Timelines>
<Download startTime="4084" endTime="4289" complete="1" fileType="audio" variant="5278f782-3f9c-4d77-a5fc-c3c4895a67d8">
<Pause type="segmentWait" startTime="4084" endTime="4284" />
</Download>
<Download startTime="4084" endTime="4293" complete="1" fileType="video" variant="5278f782-3f9c-4d77-a5fc-c3c4895a67d8">
<Pause type="segmentWait" startTime="4084" endTime="4285" />
</Download>
<Transcode startTime="4052" endTime="4207" complete="1" fileType="video" variant="5278f782-3f9c-4d77-a5fc-c3c4895a67d8" />
<Transcode startTime="4052" endTime="4207" complete="1" fileType="audio" variant="5278f782-3f9c-4d77-a5fc-c3c4895a67d8" />
</Timelines>
</Segment>
<Segment duration="1001" startOffset="91049" endOffset="92050">
<File name="chunk-stream0-00092.m4s" type="video">
<FileVariant size="541598" variant="5278f782-3f9c-4d77-a5fc-c3c4895a67d8" />
</File>
<File name="chunk-stream1-00092.m4s" type="audio">
<FileVariant size="30401" variant="5278f782-3f9c-4d77-a5fc-c3c4895a67d8" />
</File>
<Timelines>
<Download startTime="4298" endTime="4500" complete="1" fileType="audio" variant="5278f782-3f9c-4d77-a5fc-c3c4895a67d8">
<Pause type="segmentWait" startTime="4298" endTime="4499" />
</Download>
<Download startTime="4300" endTime="4504" complete="1" fileType="video" variant="5278f782-3f9c-4d77-a5fc-c3c4895a67d8">
<Pause type="segmentWait" startTime="4300" endTime="4500" />
</Download>
<Transcode startTime="4207" endTime="4402" complete="1" fileType="video" variant="5278f782-3f9c-4d77-a5fc-c3c4895a67d8" />
<Transcode startTime="4207" endTime="4402" complete="1" fileType="audio" variant="5278f782-3f9c-4d77-a5fc-c3c4895a67d8" />
</Timelines>
</Segment>
<Segment duration="1001" startOffset="92050" endOffset="93051">
<File name="chunk-stream0-00093.m4s" type="video">
<FileVariant size="540832" variant="5278f782-3f9c-4d77-a5fc-c3c4895a67d8" />
</File>
<File name="chunk-stream1-00093.m4s" type="audio">
<FileVariant size="29908" variant="5278f782-3f9c-4d77-a5fc-c3c4895a67d8" />
</File>
<Timelines>
<Download startTime="4503" endTime="4604" complete="1" fileType="audio" variant="5278f782-3f9c-4d77-a5fc-c3c4895a67d8">
<Pause type="segmentWait" startTime="4503" endTime="4604" />
</Download>
<Download startTime="4507" endTime="4612" complete="1" fileType="video" variant="5278f782-3f9c-4d77-a5fc-c3c4895a67d8">
<Pause type="segmentWait" startTime="4507" endTime="4607" />
</Download>
<Transcode startTime="4402" endTime="4532" complete="1" fileType="video" variant="5278f782-3f9c-4d77-a5fc-c3c4895a67d8" />
<Transcode startTime="4402" endTime="4532" complete="1" fileType="audio" variant="5278f782-3f9c-4d77-a5fc-c3c4895a67d8" />
</Timelines>
</Segment>
<Segment duration="1001" startOffset="93051" endOffset="94052">
<File name="chunk-stream0-00094.m4s" type="video">
<FileVariant size="460345" variant="5278f782-3f9c-4d77-a5fc-c3c4895a67d8" />
</File>
<File name="chunk-stream1-00094.m4s" type="audio">
<FileVariant size="30495" variant="5278f782-3f9c-4d77-a5fc-c3c4895a67d8" />
</File>
<Timelines>
<Download startTime="4609" endTime="4711" complete="1" fileType="audio" variant="5278f782-3f9c-4d77-a5fc-c3c4895a67d8">
<Pause type="segmentWait" startTime="4609" endTime="4710" />
</Download>
<Download startTime="4614" endTime="4716" complete="1" fileType="video" variant="5278f782-3f9c-4d77-a5fc-c3c4895a67d8">
<Pause type="segmentWait" startTime="4614" endTime="4715" />
</Download>
<Transcode startTime="4532" endTime="4638" complete="1" fileType="video" variant="5278f782-3f9c-4d77-a5fc-c3c4895a67d8" />
<Transcode startTime="4532" endTime="4638" complete="1" fileType="audio" variant="5278f782-3f9c-4d77-a5fc-c3c4895a67d8" />
</Timelines>
</Segment>
<Segment duration="1001" startOffset="94052" endOffset="95053">
<File name="chunk-stream0-00095.m4s" type="video">
<FileVariant size="423748" variant="5278f782-3f9c-4d77-a5fc-c3c4895a67d8" />
</File>
<File name="chunk-stream1-00095.m4s" type="audio">
<FileVariant size="30511" variant="5278f782-3f9c-4d77-a5fc-c3c4895a67d8" />
</File>
<Timelines>
<Download startTime="4717" endTime="4817" complete="1" fileType="audio" variant="5278f782-3f9c-4d77-a5fc-c3c4895a67d8">
<Pause type="segmentWait" startTime="4717" endTime="4817" />
</Download>
<Download startTime="4724" endTime="4828" complete="1" fileType="video" variant="5278f782-3f9c-4d77-a5fc-c3c4895a67d8">
<Pause type="segmentWait" startTime="4724" endTime="4825" />
</Download>
<Transcode startTime="4638" endTime="4775" complete="1" fileType="video" variant="5278f782-3f9c-4d77-a5fc-c3c4895a67d8" />
<Transcode startTime="4638" endTime="4775" complete="1" fileType="audio" variant="5278f782-3f9c-4d77-a5fc-c3c4895a67d8" />
</Timelines>
</Segment>
<Segment duration="1001" startOffset="95053" endOffset="96054">
<File name="chunk-stream0-00096.m4s" type="video">
<FileVariant size="520947" variant="5278f782-3f9c-4d77-a5fc-c3c4895a67d8" />
</File>
<File name="chunk-stream1-00096.m4s" type="audio">
<FileVariant size="30992" variant="5278f782-3f9c-4d77-a5fc-c3c4895a67d8" />
</File>
<Timelines>
<Download startTime="4820" endTime="4921" complete="1" fileType="audio" variant="5278f782-3f9c-4d77-a5fc-c3c4895a67d8">
<Pause type="segmentWait" startTime="4820" endTime="4921" />
</Download>
<Download startTime="4831" endTime="4934" complete="1" fileType="video" variant="5278f782-3f9c-4d77-a5fc-c3c4895a67d8">
<Pause type="segmentWait" startTime="4831" endTime="4933" />
</Download>
<Transcode startTime="4775" endTime="4891" complete="1" fileType="video" variant="5278f782-3f9c-4d77-a5fc-c3c4895a67d8" />
<Transcode startTime="4775" endTime="4892" complete="1" fileType="audio" variant="5278f782-3f9c-4d77-a5fc-c3c4895a67d8" />
</Timelines>
</Segment>
<Segment duration="1001" startOffset="96054" endOffset="97055">
<File name="chunk-stream0-00097.m4s" type="video">
<FileVariant size="480528" variant="5278f782-3f9c-4d77-a5fc-c3c4895a67d8" />
</File>
<File name="chunk-stream1-00097.m4s" type="audio">
<FileVariant size="30453" variant="5278f782-3f9c-4d77-a5fc-c3c4895a67d8" />
</File>
<Timelines>
<Download startTime="4924" endTime="5025" complete="1" fileType="audio" variant="5278f782-3f9c-4d77-a5fc-c3c4895a67d8">
<Pause type="segmentWait" startTime="4924" endTime="5025" />
</Download>
<Download startTime="4938" endTime="5040" complete="1" fileType="video" variant="5278f782-3f9c-4d77-a5fc-c3c4895a67d8">
<Pause type="segmentWait" startTime="4938" endTime="5039" />
</Download>
<Transcode startTime="4891" endTime="5011" complete="1" fileType="video" variant="5278f782-3f9c-4d77-a5fc-c3c4895a67d8" />
<Transcode startTime="4892" endTime="5011" complete="1" fileType="audio" variant="5278f782-3f9c-4d77-a5fc-c3c4895a67d8" />
</Timelines>
</Segment>
<Segment duration="1001" startOffset="97055" endOffset="98056">
<File name="chunk-stream0-00098.m4s" type="video">
<FileVariant size="462589" variant="5278f782-3f9c-4d77-a5fc-c3c4895a67d8" />
</File>
<File name="chunk-stream1-00098.m4s" type="audio">
<FileVariant size="30512" variant="5278f782-3f9c-4d77-a5fc-c3c4895a67d8" />
</File>
<Timelines>
<Download startTime="5032" endTime="5233" complete="1" fileType="audio" variant="5278f782-3f9c-4d77-a5fc-c3c4895a67d8">
<Pause type="segmentWait" startTime="5032" endTime="5232" />
</Download>
<Download startTime="5043" endTime="5145" complete="1" fileType="video" variant="5278f782-3f9c-4d77-a5fc-c3c4895a67d8">
<Pause type="segmentWait" startTime="5043" endTime="5143" />
</Download>
<Transcode startTime="5011" endTime="5132" complete="1" fileType="video" variant="5278f782-3f9c-4d77-a5fc-c3c4895a67d8" />
<Transcode startTime="5011" endTime="5132" complete="1" fileType="audio" variant="5278f782-3f9c-4d77-a5fc-c3c4895a67d8" />
</Timelines>
</Segment>
<Segment duration="0" startOffset="99270" endOffset="99270">
<File name="sub-chunk-00006" type="subs">
<FileVariant size="69" variant="5278f782-3f9c-4d77-a5fc-c3c4895a67d8" />
</File>
<Timelines>
<Transcode startTime="3430" endTime="5131" complete="1" fileType="subs" variant="5278f782-3f9c-4d77-a5fc-c3c4895a67d8" />
</Timelines>
</Segment>
<Segment duration="1001" startOffset="98056" endOffset="99057">
<File name="chunk-stream0-00099.m4s" type="video">
<FileVariant size="476840" variant="5278f782-3f9c-4d77-a5fc-c3c4895a67d8" />
</File>
<File name="chunk-stream1-00099.m4s" type="audio">
<FileVariant size="30450" variant="5278f782-3f9c-4d77-a5fc-c3c4895a67d8" />
</File>
<Timelines>
<Download startTime="5149" endTime="5250" complete="1" fileType="video" variant="5278f782-3f9c-4d77-a5fc-c3c4895a67d8">
<Pause type="segmentWait" startTime="5149" endTime="5249" />
</Download>
<Download startTime="5237" endTime="5339" complete="1" fileType="audio" variant="5278f782-3f9c-4d77-a5fc-c3c4895a67d8">
<Pause type="segmentWait" startTime="5237" endTime="5337" />
</Download>
<Transcode startTime="5132" endTime="5245" complete="1" fileType="video" variant="5278f782-3f9c-4d77-a5fc-c3c4895a67d8" />
<Transcode startTime="5132" endTime="5245" complete="1" fileType="audio" variant="5278f782-3f9c-4d77-a5fc-c3c4895a67d8" />
</Timelines>
</Segment>
<Segment duration="1001" startOffset="99057" endOffset="100058">
<File name="chunk-stream0-00100.m4s" type="video">
<FileVariant size="458271" variant="5278f782-3f9c-4d77-a5fc-c3c4895a67d8" />
</File>
<File name="chunk-stream1-00100.m4s" type="audio">
<FileVariant size="30469" variant="5278f782-3f9c-4d77-a5fc-c3c4895a67d8" />
</File>
<Timelines>
<Download startTime="5255" endTime="5456" complete="1" fileType="video" variant="5278f782-3f9c-4d77-a5fc-c3c4895a67d8">
<Pause type="segmentWait" startTime="5255" endTime="5455" />
</Download>
<Download startTime="5345" endTime="5446" complete="1" fileType="audio" variant="5278f782-3f9c-4d77-a5fc-c3c4895a67d8">
<Pause type="segmentWait" startTime="5345" endTime="5445" />
</Download>
<Transcode startTime="5245" endTime="5373" complete="1" fileType="video" variant="5278f782-3f9c-4d77-a5fc-c3c4895a67d8" />
<Transcode startTime="5245" endTime="5373" complete="1" fileType="audio" variant="5278f782-3f9c-4d77-a5fc-c3c4895a67d8" />
</Timelines>
</Segment>
<Segment duration="1001" startOffset="100058" endOffset="101059">
<File name="chunk-stream0-00101.m4s" type="video">
<FileVariant size="456996" variant="5278f782-3f9c-4d77-a5fc-c3c4895a67d8" />
</File>
<File name="chunk-stream1-00101.m4s" type="audio">
<FileVariant size="30440" variant="5278f782-3f9c-4d77-a5fc-c3c4895a67d8" />
</File>
<Timelines>
<Download startTime="5450" endTime="5553" complete="1" fileType="audio" variant="5278f782-3f9c-4d77-a5fc-c3c4895a67d8">
<Pause type="segmentWait" startTime="5450" endTime="5551" />
</Download>
<Download startTime="5462" endTime="5563" complete="1" fileType="video" variant="5278f782-3f9c-4d77-a5fc-c3c4895a67d8">
<Pause type="segmentWait" startTime="5462" endTime="5562" />
</Download>
<Transcode startTime="5373" endTime="5497" complete="1" fileType="video" variant="5278f782-3f9c-4d77-a5fc-c3c4895a67d8" />
<Transcode startTime="5373" endTime="5497" complete="1" fileType="audio" variant="5278f782-3f9c-4d77-a5fc-c3c4895a67d8" />
</Timelines>
</Segment>
<Segment duration="1001" startOffset="101059" endOffset="102060">
<File name="chunk-stream0-00102.m4s" type="video">
<FileVariant size="462113" variant="5278f782-3f9c-4d77-a5fc-c3c4895a67d8" />
</File>
<File name="chunk-stream1-00102.m4s" type="audio">
<FileVariant size="30407" variant="5278f782-3f9c-4d77-a5fc-c3c4895a67d8" />
</File>
<Timelines>
<Download startTime="5555" endTime="5656" complete="1" fileType="audio" variant="5278f782-3f9c-4d77-a5fc-c3c4895a67d8">
<Pause type="segmentWait" startTime="5555" endTime="5655" />
</Download>
<Download startTime="5567" endTime="5668" complete="1" fileType="video" variant="5278f782-3f9c-4d77-a5fc-c3c4895a67d8">
<Pause type="segmentWait" startTime="5567" endTime="5667" />
</Download>
<Transcode startTime="5497" endTime="5603" complete="1" fileType="video" variant="5278f782-3f9c-4d77-a5fc-c3c4895a67d8" />
<Transcode startTime="5497" endTime="5603" complete="1" fileType="audio" variant="5278f782-3f9c-4d77-a5fc-c3c4895a67d8" />
</Timelines>
</Segment>
<Segment duration="1001" startOffset="102060" endOffset="103061">
<File name="chunk-stream0-00103.m4s" type="video">
<FileVariant size="475831" variant="5278f782-3f9c-4d77-a5fc-c3c4895a67d8" />
</File>
<File name="chunk-stream1-00103.m4s" type="audio">
<FileVariant size="30484" variant="5278f782-3f9c-4d77-a5fc-c3c4895a67d8" />
</File>
<Timelines>
<Download startTime="5659" endTime="5761" complete="1" fileType="audio" variant="5278f782-3f9c-4d77-a5fc-c3c4895a67d8">
<Pause type="segmentWait" startTime="5659" endTime="5759" />
</Download>
<Download startTime="5672" endTime="5774" complete="1" fileType="video" variant="5278f782-3f9c-4d77-a5fc-c3c4895a67d8">
<Pause type="segmentWait" startTime="5672" endTime="5773" />
</Download>
<Transcode startTime="5603" endTime="5726" complete="1" fileType="video" variant="5278f782-3f9c-4d77-a5fc-c3c4895a67d8" />
<Transcode startTime="5603" endTime="5726" complete="1" fileType="audio" variant="5278f782-3f9c-4d77-a5fc-c3c4895a67d8" />
</Timelines>
</Segment>
<Segment duration="1001" startOffset="103061" endOffset="104062">
<File name="chunk-stream0-00104.m4s" type="video">
<FileVariant size="471055" variant="5278f782-3f9c-4d77-a5fc-c3c4895a67d8" />
</File>
<File name="chunk-stream1-00104.m4s" type="audio">
<FileVariant size="30579" variant="5278f782-3f9c-4d77-a5fc-c3c4895a67d8" />
</File>
<Timelines>
<Download startTime="5765" endTime="5865" complete="1" fileType="audio" variant="5278f782-3f9c-4d77-a5fc-c3c4895a67d8">
<Pause type="segmentWait" startTime="5765" endTime="5865" />
</Download>
<Download startTime="5776" endTime="5881" complete="1" fileType="video" variant="5278f782-3f9c-4d77-a5fc-c3c4895a67d8">
<Pause type="segmentWait" startTime="5776" endTime="5876" />
</Download>
<Transcode startTime="5726" endTime="5861" complete="1" fileType="video" variant="5278f782-3f9c-4d77-a5fc-c3c4895a67d8" />
<Transcode startTime="5726" endTime="5861" complete="1" fileType="audio" variant="5278f782-3f9c-4d77-a5fc-c3c4895a67d8" />
</Timelines>
</Segment>
<Segment duration="1001" startOffset="104062" endOffset="105063">
<File name="chunk-stream0-00105.m4s" type="video">
<FileVariant size="563922" variant="5278f782-3f9c-4d77-a5fc-c3c4895a67d8" />
</File>
<File name="chunk-stream1-00105.m4s" type="audio">
<FileVariant size="30409" variant="5278f782-3f9c-4d77-a5fc-c3c4895a67d8" />
</File>
<Timelines>
<Download startTime="5870" endTime="6071" complete="1" fileType="audio" variant="5278f782-3f9c-4d77-a5fc-c3c4895a67d8">
<Pause type="segmentWait" startTime="5870" endTime="6070" />
</Download>
<Download startTime="5889" endTime="6095" complete="1" fileType="video" variant="5278f782-3f9c-4d77-a5fc-c3c4895a67d8">
<Pause type="segmentWait" startTime="5889" endTime="6090" />
</Download>
<Transcode startTime="5861" endTime="6011" complete="1" fileType="video" variant="5278f782-3f9c-4d77-a5fc-c3c4895a67d8" />
<Transcode startTime="5861" endTime="6011" complete="1" fileType="audio" variant="5278f782-3f9c-4d77-a5fc-c3c4895a67d8" />
</Timelines>
</Segment>
<Segment duration="1001" startOffset="105063" endOffset="106064">
<File name="chunk-stream0-00106.m4s" type="video">
<FileVariant size="545201" variant="5278f782-3f9c-4d77-a5fc-c3c4895a67d8" />
</File>
<File name="chunk-stream1-00106.m4s" type="audio">
<FileVariant size="29777" variant="5278f782-3f9c-4d77-a5fc-c3c4895a67d8" />
</File>
<Timelines>
<Download startTime="6075" endTime="6277" complete="1" fileType="audio" variant="5278f782-3f9c-4d77-a5fc-c3c4895a67d8">
<Pause type="segmentWait" startTime="6075" endTime="6275" />
</Download>
<Download startTime="6109" endTime="6214" complete="1" fileType="video" variant="5278f782-3f9c-4d77-a5fc-c3c4895a67d8">
<Pause type="segmentWait" startTime="6109" endTime="6213" />
</Download>
<Transcode startTime="6011" endTime="6195" complete="1" fileType="video" variant="5278f782-3f9c-4d77-a5fc-c3c4895a67d8" />
<Transcode startTime="6011" endTime="6195" complete="1" fileType="audio" variant="5278f782-3f9c-4d77-a5fc-c3c4895a67d8" />
</Timelines>
</Segment>
<Segment duration="0" startOffset="107440" endOffset="107440">
<File name="sub-chunk-00007" type="subs">
<FileVariant size="0" variant="5278f782-3f9c-4d77-a5fc-c3c4895a67d8" />
</File>
<Timelines>
<Transcode startTime="5131" endTime="6222" complete="1" fileType="subs" variant="5278f782-3f9c-4d77-a5fc-c3c4895a67d8" />
</Timelines>
</Segment>
<Segment duration="1001" startOffset="106064" endOffset="107065">
<File name="chunk-stream0-00107.m4s" type="video">
<FileVariant size="544015" variant="5278f782-3f9c-4d77-a5fc-c3c4895a67d8" />
</File>
<File name="chunk-stream1-00107.m4s" type="audio">
<FileVariant size="30429" variant="5278f782-3f9c-4d77-a5fc-c3c4895a67d8" />
</File>
<Timelines>
<Transcode startTime="6195" endTime="6363" complete="1" fileType="video" variant="5278f782-3f9c-4d77-a5fc-c3c4895a67d8" />
<Transcode startTime="6195" endTime="6363" complete="1" fileType="audio" variant="5278f782-3f9c-4d77-a5fc-c3c4895a67d8" />
</Timelines>
</Segment>
<Segment duration="1001" startOffset="107065" endOffset="108066">
<File name="chunk-stream0-00108.m4s" type="video">
<FileVariant size="506446" variant="5278f782-3f9c-4d77-a5fc-c3c4895a67d8" />
</File>
<File name="chunk-stream1-00108.m4s" type="audio">
<FileVariant size="31258" variant="5278f782-3f9c-4d77-a5fc-c3c4895a67d8" />
</File>
<Timelines>
<Transcode startTime="6363" endTime="6536" complete="1" fileType="video" variant="5278f782-3f9c-4d77-a5fc-c3c4895a67d8" />
<Transcode startTime="6363" endTime="6536" complete="1" fileType="audio" variant="5278f782-3f9c-4d77-a5fc-c3c4895a67d8" />
</Timelines>
</Segment>
<Segment duration="1001" startOffset="108066" endOffset="109067">
<File name="chunk-stream0-00109.m4s" type="video">
<FileVariant size="485336" variant="5278f782-3f9c-4d77-a5fc-c3c4895a67d8" />
</File>
<File name="chunk-stream1-00109.m4s" type="audio">
<FileVariant size="32808" variant="5278f782-3f9c-4d77-a5fc-c3c4895a67d8" />
</File>
<Timelines>
<Transcode startTime="6536" endTime="6715" complete="1" fileType="video" variant="5278f782-3f9c-4d77-a5fc-c3c4895a67d8" />
<Transcode startTime="6536" endTime="6715" complete="1" fileType="audio" variant="5278f782-3f9c-4d77-a5fc-c3c4895a67d8" />
</Timelines>
</Segment>
<Segment duration="1001" startOffset="109067" endOffset="110068">
<File name="chunk-stream0-00110.m4s" type="video">
<FileVariant size="480447" variant="5278f782-3f9c-4d77-a5fc-c3c4895a67d8" />
</File>
<File name="chunk-stream1-00110.m4s" type="audio">
<FileVariant size="30517" variant="5278f782-3f9c-4d77-a5fc-c3c4895a67d8" />
</File>
<Timelines>
<Transcode startTime="6715" endTime="6870" complete="1" fileType="video" variant="5278f782-3f9c-4d77-a5fc-c3c4895a67d8" />
<Transcode startTime="6715" endTime="6870" complete="1" fileType="audio" variant="5278f782-3f9c-4d77-a5fc-c3c4895a67d8" />
</Timelines>
</Segment>
<Segment duration="0" startOffset="111320" endOffset="111320">
<File name="sub-chunk-00008" type="subs">
<FileVariant size="88" variant="5278f782-3f9c-4d77-a5fc-c3c4895a67d8" />
</File>
<Timelines>
<Transcode startTime="6222" endTime="6879" complete="1" fileType="subs" variant="5278f782-3f9c-4d77-a5fc-c3c4895a67d8" />
</Timelines>
</Segment>
<Segment duration="1001" startOffset="110068" endOffset="111069">
<File name="chunk-stream0-00111.m4s" type="video">
<FileVariant size="471161" variant="5278f782-3f9c-4d77-a5fc-c3c4895a67d8" />
</File>
<File name="chunk-stream1-00111.m4s" type="audio">
<FileVariant size="31744" variant="5278f782-3f9c-4d77-a5fc-c3c4895a67d8" />
</File>
<Timelines>
<Transcode startTime="6870" endTime="7049" complete="1" fileType="video" variant="5278f782-3f9c-4d77-a5fc-c3c4895a67d8" />
<Transcode startTime="6870" endTime="7049" complete="1" fileType="audio" variant="5278f782-3f9c-4d77-a5fc-c3c4895a67d8" />
</Timelines>
</Segment>
<Segment duration="1001" startOffset="111069" endOffset="112070">
<File name="chunk-stream0-00112.m4s" type="video">
<FileVariant size="445073" variant="5278f782-3f9c-4d77-a5fc-c3c4895a67d8" />
</File>
<File name="chunk-stream1-00112.m4s" type="audio">
<FileVariant size="31489" variant="5278f782-3f9c-4d77-a5fc-c3c4895a67d8" />
</File>
<Timelines>
<Transcode startTime="7049" endTime="7247" complete="1" fileType="video" variant="5278f782-3f9c-4d77-a5fc-c3c4895a67d8" />
<Transcode startTime="7049" endTime="7247" complete="1" fileType="audio" variant="5278f782-3f9c-4d77-a5fc-c3c4895a67d8" />
</Timelines>
</Segment>
<Segment duration="1001" startOffset="112070" endOffset="113071">
<File name="chunk-stream0-00113.m4s" type="video">
<FileVariant size="395266" variant="5278f782-3f9c-4d77-a5fc-c3c4895a67d8" />
</File>
<File name="chunk-stream1-00113.m4s" type="audio">
<FileVariant size="32990" variant="5278f782-3f9c-4d77-a5fc-c3c4895a67d8" />
</File>
<Timelines>
<Transcode startTime="7247" endTime="7422" complete="1" fileType="video" variant="5278f782-3f9c-4d77-a5fc-c3c4895a67d8" />
<Transcode startTime="7247" endTime="7422" complete="1" fileType="audio" variant="5278f782-3f9c-4d77-a5fc-c3c4895a67d8" />
</Timelines>
</Segment>
<Segment duration="0" startOffset="114410" endOffset="114410">
<File name="sub-chunk-00009" type="subs">
<FileVariant size="72" variant="5278f782-3f9c-4d77-a5fc-c3c4895a67d8" />
</File>
<Timelines>
<Transcode startTime="6879" endTime="7446" complete="1" fileType="subs" variant="5278f782-3f9c-4d77-a5fc-c3c4895a67d8" />
</Timelines>
</Segment>
</SegmentList>
<PlaybackReports>
<Playback startTime="7478" endTime="7481" state="playing" progress="165000" />
</PlaybackReports>
<StateReports />
<StateReports />
</SessionReport>
