<SessionReport version="2" startTime="0" startTimestamp="Mar 25, 2026 12:31:18.090" key="/library/metadata/3" session="t18g1tg6let7tbqzbh6apw13" transcode="fppl3frl2ao51guvdgvswfu3">
<User id="1" thumb="https://plex.tv/users/1604ae59b3dfd427/avatar?c=1774437253" title="oscar.p46" />
<Player address="192.168.97.1" device="OSX" machineIdentifier="kwi7nwyvhcpcyhm5fcfrs3bf" model="bundled" platform="Chrome" platformVersion="146.0" product="Plex Web" title="Chrome" version="4.156.0" local="1" relayed="0" secure="0" userID="1" />
<Variants>
<Variant id="1a0acd65-ac5f-4fb4-8cca-4ed5c01916f0" targetBitrate="21270" context="streaming" sourceVideoCodec="av1" sourceAudioCodec="eac3" videoDecision="transcode" audioDecision="transcode" subtitleDecision="transcode" protocol="dash" container="mp4" videoCodec="h264" audioCodec="aac" audioChannels="2" transcodeHwRequested="0" transcodeHwFullPipeline="0">
<Media id="1" videoProfile="main" audioChannels="2" audioCodec="aac" bitrate="20256" container="mp4" duration="3434752" height="804" optimizedForStreaming="1" protocol="dash" videoCodec="h264" videoFrameRate="24p" videoResolution="1080p" width="1920" selected="1">
<Part id="1" videoProfile="main" bitrate="20256" container="mp4" duration="3434752" height="804" optimizedForStreaming="1" protocol="dash" width="1920" decision="transcode" selected="1">
<Stream bitDepth="8" bitrate="20000" codec="h264" colorTrc="bt709" default="1" displayTitle="1080p" extendedDisplayTitle="dAV1nci (1080p AV1)" frameRate="23.975999832153320" height="804" id="1" streamType="1" width="1920" decision="transcode" location="segments-video" />
<Stream bitrate="256" bitrateMode="cbr" channels="2" codec="aac" default="1" displayTitle="English (EAC3 5.1)" extendedDisplayTitle="English 5.1 (EAC3 256 kbps)" id="2" language="English" languageCode="eng" languageTag="en" selected="1" streamType="2" decision="transcode" location="segments-audio" />
<Stream codec="ass" container="ass" displayTitle="Espa&#241;ol" extendedDisplayTitle="Espa&#241;ol (SRT)" format="ass" id="14" language="Espa&#241;ol" languageCode="spa" languageTag="es" selected="1" streamType="3" decision="transcode" location="segments-subs" />
</Part>
</Media>
</Variant>
</Variants>
<SegmentList>
<Segment duration="1001" startOffset="0" endOffset="1001">
<File name="chunk-stream0-00001.m4s" type="video">
<FileVariant size="2754" variant="1a0acd65-ac5f-4fb4-8cca-4ed5c01916f0" />
</File>
<File name="chunk-stream1-00001.m4s" type="audio">
<FileVariant size="651" variant="1a0acd65-ac5f-4fb4-8cca-4ed5c01916f0" />
</File>
<Timelines>
<Transcode startTime="28" endTime="318" complete="1" fileType="video" variant="1a0acd65-ac5f-4fb4-8cca-4ed5c01916f0" />
<Transcode startTime="28" endTime="318" complete="1" fileType="audio" variant="1a0acd65-ac5f-4fb4-8cca-4ed5c01916f0" />
</Timelines>
</Segment>
<Segment duration="0" startOffset="-1" endOffset="-1">
<Timelines>
<Download startTime="364" fileType="video" variant="1a0acd65-ac5f-4fb4-8cca-4ed5c01916f0" />
<Download startTime="365" fileType="audio" variant="1a0acd65-ac5f-4fb4-8cca-4ed5c01916f0" />
</Timelines>
</Segment>
<Segment duration="1001" startOffset="1001" endOffset="2002">
<File name="chunk-stream0-00002.m4s" type="video">
<FileVariant size="2103" variant="1a0acd65-ac5f-4fb4-8cca-4ed5c01916f0" />
</File>
<File name="chunk-stream1-00002.m4s" type="audio">
<FileVariant size="460" variant="1a0acd65-ac5f-4fb4-8cca-4ed5c01916f0" />
</File>
<Timelines>
<Transcode startTime="318" endTime="437" complete="1" fileType="video" variant="1a0acd65-ac5f-4fb4-8cca-4ed5c01916f0" />
<Transcode startTime="318" endTime="437" complete="1" fileType="audio" variant="1a0acd65-ac5f-4fb4-8cca-4ed5c01916f0" />
</Timelines>
</Segment>
</SegmentList>
<PlaybackReports />
<StateReports />
<StateReports />
</SessionReport>
