<SessionReport version="2" startTime="0" startTimestamp="Mar 25, 2026 12:31:25.642" key="/library/metadata/13" session="t18g1tg6let7tbqzbh6apw13" transcode="g4qgy112o0r16odro8kw3mad">
<User id="1" thumb="https://plex.tv/users/1604ae59b3dfd427/avatar?c=1774437253" title="oscar.p46" />
<Player address="192.168.97.1" device="OSX" machineIdentifier="kwi7nwyvhcpcyhm5fcfrs3bf" model="bundled" platform="Chrome" platformVersion="146.0" playbackId="3992bcdb-0e93-4cf2-8caa-9784dffb6035" playbackSessionId="39f4cabc-d4f8-466c-8adc-192cef1faa6d" product="Plex Web" remotePublicAddress="79.117.226.16" title="Chrome" version="4.156.0" local="1" relayed="0" secure="0" userID="1" />
<Variants>
<Variant id="a9750f15-c125-44a3-a224-ace65839d8ac" targetBitrate="16385" context="streaming" sourceVideoCodec="hevc" sourceAudioCodec="ac3" videoDecision="copy" audioDecision="transcode" protocol="dash" container="mp4" videoCodec="hevc" audioCodec="aac" audioChannels="2" transcodeHwRequested="0" transcodeHwFullPipeline="0">
<Media id="13" videoProfile="main 10" audioChannels="2" audioCodec="aac" bitrate="7930" container="mp4" duration="7520555" height="2160" optimizedForStreaming="1" protocol="dash" videoCodec="hevc" videoFrameRate="24p" videoResolution="4K" width="3840" selected="1">
<Part id="13" videoProfile="main 10" bitrate="7930" container="mp4" duration="7520555" height="2160" optimizedForStreaming="1" protocol="dash" width="3840" decision="transcode" selected="1">
<Stream DOVIBLCompatID="1" DOVIBLPresent="1" DOVIELPresent="0" DOVILevel="6" DOVIPresent="1" DOVIProfile="8" DOVIRPUPresent="1" DOVIVersion="1.0" bitDepth="10" bitrate="7674" chromaLocation="topleft" chromaSubsampling="4:2:0" codec="hevc" codedHeight="2160" codedWidth="3840" colorPrimaries="bt2020" colorRange="tv" colorSpace="bt2020nc" colorTrc="smpte2084" default="1" displayTitle="4K DoVi/HDR10" extendedDisplayTitle="4K DoVi/HDR10 (HEVC Main 10)" frameRate="23.975999832153320" height="2160" id="403" level="150" profile="main 10" refFrames="1" streamType="1" width="3840" decision="copy" location="segments-video" />
<Stream bitrate="256" bitrateMode="cbr" channels="2" codec="aac" displayTitle="English (AC3 5.1)" extendedDisplayTitle="AC3 Eng 5.1 (English)" id="406" language="English" languageCode="eng" languageTag="en" selected="1" streamType="2" decision="transcode" location="segments-audio" />
</Part>
</Media>
</Variant>
</Variants>
<SegmentList>
<Segment duration="10426" startOffset="0" endOffset="10426">
<File name="chunk-stream0-00001.m4s" type="video">
<FileVariant size="1187368" variant="a9750f15-c125-44a3-a224-ace65839d8ac" />
</File>
<File name="chunk-stream1-00001.m4s" type="audio">
<FileVariant size="291977" variant="a9750f15-c125-44a3-a224-ace65839d8ac" />
</File>
<Timelines>
<Transcode startTime="273" endTime="597" complete="1" fileType="video" variant="a9750f15-c125-44a3-a224-ace65839d8ac" />
<Transcode startTime="273" endTime="597" complete="1" fileType="audio" variant="a9750f15-c125-44a3-a224-ace65839d8ac" />
</Timelines>
</Segment>
<Segment duration="0" startOffset="-1" endOffset="-1">
<Timelines>
<Download startTime="693" fileType="video" variant="a9750f15-c125-44a3-a224-ace65839d8ac" />
<Download startTime="693" fileType="audio" variant="a9750f15-c125-44a3-a224-ace65839d8ac" />
</Timelines>
</Segment>
<Segment duration="4505" startOffset="10426" endOffset="14931">
<File name="chunk-stream0-00002.m4s" type="video">
<FileVariant size="664076" variant="a9750f15-c125-44a3-a224-ace65839d8ac" />
</File>
<File name="chunk-stream1-00002.m4s" type="audio">
<FileVariant size="147626" variant="a9750f15-c125-44a3-a224-ace65839d8ac" />
</File>
<Timelines>
<Transcode startTime="597" endTime="698" complete="1" fileType="video" variant="a9750f15-c125-44a3-a224-ace65839d8ac" />
<Transcode startTime="597" endTime="698" complete="1" fileType="audio" variant="a9750f15-c125-44a3-a224-ace65839d8ac" />
</Timelines>
</Segment>
<Segment duration="1042" startOffset="14931" endOffset="15974">
<File name="chunk-stream0-00003.m4s" type="video">
<FileVariant size="44321" variant="a9750f15-c125-44a3-a224-ace65839d8ac" />
</File>
<File name="chunk-stream1-00003.m4s" type="audio">
<FileVariant size="33694" variant="a9750f15-c125-44a3-a224-ace65839d8ac" />
</File>
<Timelines>
<Transcode startTime="698" endTime="718" complete="1" fileType="video" variant="a9750f15-c125-44a3-a224-ace65839d8ac" />
<Transcode startTime="698" endTime="718" complete="1" fileType="audio" variant="a9750f15-c125-44a3-a224-ace65839d8ac" />
</Timelines>
</Segment>
</SegmentList>
<PlaybackReports />
<StateReports />
<StateReports />
</SessionReport>
