Mar 24, 2026 22:43:02.438 [281472801485024] INFO - Plex Media Server v1.43.0.10492-121068a07 - Docker Docker Container (LinuxServer.io) aarch64 - build: linux-aarch64 debian - GMT 01:00
Mar 24, 2026 22:43:02.439 [281472801485024] INFO - Linux version: 6.17.8-orbstack-00308-g8f9c941121b1, language: en-US
Mar 24, 2026 22:43:02.439 [281472801485024] INFO - Processor: 8-core Apple Swift
Mar 24, 2026 22:43:02.439 [281472801485024] INFO - Compiler is - Clang 11.0.1 (https://plex.tv 9b997da8e5b47bdb4a9425b3a3b290be393b4b1f)
Mar 24, 2026 22:43:02.439 [281472801485024] INFO - /usr/lib/plexmediaserver/Plex Media Server
Mar 24, 2026 22:43:02.435 [281472899575840] DEBUG - BPQ: [Idle] -> [Starting]
Mar 24, 2026 22:43:02.435 [281472899575840] DEBUG - FeatureManager: Using cached data for features list
Mar 24, 2026 22:43:02.437 [281472899575840] DEBUG - MyPlex: mapping state set to 'Unknown'.
Mar 24, 2026 22:43:02.438 [281472899575840] DEBUG - Relay: read 1 cached entries from hosts file
Mar 24, 2026 22:43:02.440 [281472899575840] DEBUG - Opening 20 database sessions to library (com.plexapp.plugins.library), SQLite 3.39.4, threadsafe=1
Mar 24, 2026 22:43:02.500 [281472899575840] DEBUG - MyPlex: using cached data for request for https://plex.tv/api/v2/server/users/features
Mar 24, 2026 22:43:02.519 [281472899575840] DEBUG - [CERT] Subject name is /CN=*.16c329135f6e41b3a1024017a16a7d6a.plex.direct
Mar 24, 2026 22:43:02.519 [281472899575840] DEBUG - [CERT] Installed certificate with fingerprint df:db:36:d7:26:28:22:21:95:5d:95:38:0f:91:52:0c:50:81:60:5b.
Mar 24, 2026 22:43:02.519 [281472899575840] DEBUG - [CERT/OCSP] no URL available
Mar 24, 2026 22:43:02.519 [281472899575840] WARN - [CERT/OCSP] getCertInfo failed; skipping stapling
Mar 24, 2026 22:43:02.519 [281472899575840] DEBUG - HttpServer: Listening on IPv6 as well as IPv4.
Mar 24, 2026 22:43:02.519 [281472899575840] DEBUG - HttpServer: Listening on port 32400.
Mar 24, 2026 22:43:02.519 [281472899575840] DEBUG - HttpServer: Listening on port 32401.
Mar 24, 2026 22:43:02.519 [281472899575840] DEBUG - Running server...
Mar 24, 2026 22:43:02.519 [281472783720672] DEBUG - HttpServer: Set up a thread pool with 2 threads.
Mar 24, 2026 22:43:02.520 [281472899575840] INFO - Running migrations. (EPG 0)
Mar 24, 2026 22:43:02.520 [281472899575840] DEBUG - Captured session 0.
Mar 24, 2026 22:43:02.520 [281472899575840] DEBUG - Captured session 1.
Mar 24, 2026 22:43:02.520 [281472899575840] DEBUG - Captured session 2.
Mar 24, 2026 22:43:02.520 [281472899575840] DEBUG - Captured session 3.
Mar 24, 2026 22:43:02.520 [281472899575840] DEBUG - Captured session 4.
Mar 24, 2026 22:43:02.520 [281472899575840] DEBUG - Captured session 5.
Mar 24, 2026 22:43:02.520 [281472899575840] DEBUG - Captured session 6.
Mar 24, 2026 22:43:02.520 [281472899575840] DEBUG - Captured session 7.
Mar 24, 2026 22:43:02.520 [281472899575840] DEBUG - Captured session 8.
Mar 24, 2026 22:43:02.520 [281472899575840] DEBUG - Captured session 9.
Mar 24, 2026 22:43:02.520 [281472899575840] DEBUG - Captured session 10.
Mar 24, 2026 22:43:02.520 [281472899575840] DEBUG - Captured session 11.
Mar 24, 2026 22:43:02.520 [281472899575840] DEBUG - Captured session 12.
Mar 24, 2026 22:43:02.520 [281472899575840] DEBUG - Captured session 13.
Mar 24, 2026 22:43:02.520 [281472899575840] DEBUG - Captured session 14.
Mar 24, 2026 22:43:02.520 [281472899575840] DEBUG - Captured session 15.
Mar 24, 2026 22:43:02.520 [281472899575840] DEBUG - Captured session 16.
Mar 24, 2026 22:43:02.520 [281472899575840] DEBUG - Captured session 17.
Mar 24, 2026 22:43:02.520 [281472899575840] DEBUG - Captured session 18.
Mar 24, 2026 22:43:02.520 [281472899575840] DEBUG - Captured session 19.
Mar 24, 2026 22:43:02.525 [281472899575840] DEBUG - ChangestampAllocator: initialized to 15
Mar 24, 2026 22:43:02.525 [281472899575840] DEBUG - Opening 2 database sessions to library (com.plexapp.plugins.library.blobs), SQLite 3.39.4, threadsafe=1
Mar 24, 2026 22:43:02.530 [281472899575840] INFO - Running migrations. (EPG 0)
Mar 24, 2026 22:43:02.530 [281472899575840] DEBUG - Captured session 0.
Mar 24, 2026 22:43:02.530 [281472899575840] DEBUG - Captured session 1.
Mar 24, 2026 22:43:02.552 [281472796709088] DEBUG - Grabber: Cleaning up orphaned grabs.
Mar 24, 2026 22:43:02.552 [281472796709088] DEBUG - Grabber: Cleaned up 0 decrepit directories in 0.0 sec.
Mar 24, 2026 22:43:02.552 [281472899575840] DEBUG - Media Provider: Registering provider com.plexapp.plugins.library
Mar 24, 2026 22:43:02.552 [281472899575840] DEBUG - Auth: Refreshing tokens inside the token-based authentication filter.
Mar 24, 2026 22:43:02.552 [281472899575840] DEBUG - MyPlex: using cached data for request for https://plex.tv/api/v2/server/access_tokens?auth_token=xxxxxxxxxxxxxxxxxxxx
Mar 24, 2026 22:43:02.553 [281472899575840] DEBUG - MyPlex: updating with 8 access tokens
Mar 24, 2026 22:43:02.553 [281472899575840] DEBUG - MyPlex: using cached data for request for https://plex.tv/api/v2/server/users?auth_token=xxxxxxxxxxxxxxxxxxxx
Mar 24, 2026 22:43:02.554 [281472899575840] DEBUG - MyPlex: using cached data for request for https://plex.tv/api/v2/server/users/subscriptions?auth_token=xxxxxxxxxxxxxxxxxxxx
Mar 24, 2026 22:43:02.554 [281472899575840] DEBUG - MyPlex: using cached data for request for https://plex.tv/api/v2/server/users/services?auth_token=xxxxxxxxxxxxxxxxxxxx
Mar 24, 2026 22:43:02.556 [281472899575840] DEBUG - Opening 1 database sessions to library (), SQLite 3.39.4, threadsafe=1
Mar 24, 2026 22:43:02.556 [281472796709088] DEBUG - Auth: Refreshing tokens inside the token-based authentication filter.
Mar 24, 2026 22:43:02.556 [281472796709088] DEBUG - [HCl#1] HTTP requesting GET https://plex.tv/api/v2/server/access_tokens?auth_token=xxxxxxxxxxxxxxxxxxxx
Mar 24, 2026 22:43:02.558 [281472755798240] DEBUG - File "/usr/lib/plexmediaserver/Resources/Plug-ins-121068a07" changed: -1 => 2026-03-21 15:32:41 (1774103561).
Mar 24, 2026 22:43:02.558 [281472755798240] DEBUG - File "/config/Library/Application Support/Plex Media Server/Plug-ins" changed: -1 => 2026-03-24 20:26:39 (1774380399).
Mar 24, 2026 22:43:02.558 [281472755798240] DEBUG - Scanning for plug-ins in "/usr/lib/plexmediaserver/Resources/Plug-ins-121068a07"
Mar 24, 2026 22:43:02.564 [281472755798240] DEBUG - Scanning for plug-ins in "/config/Library/Application Support/Plex Media Server/Plug-ins"
Mar 24, 2026 22:43:02.565 [281472755798240] DEBUG - PluginRepository::setStartState: 1, startingSystem
Mar 24, 2026 22:43:02.565 [281472755798240] DEBUG - Starting plug-in /usr/lib/plexmediaserver/Resources/Plug-ins-121068a07/System.bundle.
Mar 24, 2026 22:43:02.565 [281472755798240] DEBUG - [com.plexapp.system] Setting plug-in to always running (daemon mode).
Mar 24, 2026 22:43:02.566 [281472755798240] DEBUG - Starting file watcher for com.plexapp.system
Mar 24, 2026 22:43:02.566 [281472755798240] DEBUG - Plugin: setting environment variable: 'PYTHONHOME=/usr/lib/plexmediaserver/Resources/Python'
Mar 24, 2026 22:43:02.566 [281472755798240] DEBUG - Plugin: setting environment variable: 'PYTHONPATH=/usr/lib/plexmediaserver/Resources/Python/python27.zip:/usr/lib/plexmediaserver/Resources/Python/lib/python2.7/site-packages'
Mar 24, 2026 22:43:02.566 [281472755798240] DEBUG - Spawned plug-in com.plexapp.system with PID 213
Mar 24, 2026 22:43:02.566 [281472755798240] DEBUG - [com.plexapp.system] Sending command: GET /:/prefixes
Mar 24, 2026 22:43:03.089 [281472786960608] DEBUG - Request: didn't get any data from [::1]:43978: End of file
Mar 24, 2026 22:43:03.169 [281472760017120] DEBUG - [HttpClient/HCl#1] HTTP/1.1 (0.6s) 200 response from GET https://plex.tv/api/v2/server/access_tokens?auth_token=xxxxxxxxxxxxxxxxxxxx
Mar 24, 2026 22:43:03.172 [281472796709088] DEBUG - MyPlex: updating with 8 access tokens
Mar 24, 2026 22:43:03.172 [281472796709088] DEBUG - [HCl#2] HTTP requesting GET https://plex.tv/api/v2/server/users?auth_token=xxxxxxxxxxxxxxxxxxxx
Mar 24, 2026 22:43:03.273 [281472747360480] DEBUG - Request: [127.0.0.1:34468 (Loopback)] GET /:/plugins/com.plexapp.system/messaging/function/X0J1bmRsZVNlcnZpY2U6QWxsU2VydmljZXM_/Y2VyZWFsMQoxCmxpc3QKMApyMAo_/Y2VyZWFsMQoxCmRpY3QKMApyMAo_ (4 live) #3 GZIP Token ()
Mar 24, 2026 22:43:03.273 [281472745251040] DEBUG - Request: [127.0.0.1:34456 (Loopback)] GET / (4 live) #4 GZIP Token ()
Mar 24, 2026 22:43:03.273 [281472786960608] DEBUG - Completed: [127.0.0.1:34468] 503 GET /:/plugins/com.plexapp.system/messaging/function/X0J1bmRsZVNlcnZpY2U6QWxsU2VydmljZXM_/Y2VyZWFsMQoxCmxpc3QKMApyMAo_/Y2VyZWFsMQoxCmRpY3QKMApyMAo_ (4 live) #3 GZIP 0ms 436 bytes
Mar 24, 2026 22:43:03.273 [281472786960608] DEBUG - Completed: [127.0.0.1:34456] 503 GET / (4 live) #4 GZIP 0ms 436 bytes
Mar 24, 2026 22:43:03.314 [281472760017120] DEBUG - [HttpClient/HCl#2] HTTP/1.1 (0.1s) 200 response from GET https://plex.tv/api/v2/server/users?auth_token=xxxxxxxxxxxxxxxxxxxx (reused)
Mar 24, 2026 22:43:03.315 [281472751579360] DEBUG - [HCl#3] HTTP requesting GET https://plex.tv/api/v2/server/users/subscriptions?auth_token=xxxxxxxxxxxxxxxxxxxx
Mar 24, 2026 22:43:03.444 [281472760017120] DEBUG - [HttpClient/HCl#3] HTTP/1.1 (0.1s) 200 response from GET https://plex.tv/api/v2/server/users/subscriptions?auth_token=xxxxxxxxxxxxxxxxxxxx (reused)
Mar 24, 2026 22:43:03.448 [281472751579360] DEBUG - MyPlex: using cached data for request for https://plex.tv/api/v2/server/users/services?auth_token=xxxxxxxxxxxxxxxxxxxx
Mar 24, 2026 22:43:03.741 [281472747360480] DEBUG - Request: [127.0.0.1:34470 (Loopback)] GET /servers (3 live) #5 GZIP Token ()
Mar 24, 2026 22:43:03.741 [281472789070048] DEBUG - Completed: [127.0.0.1:34470] 503 GET /servers (3 live) #5 GZIP 0ms 436 bytes
Mar 24, 2026 22:43:03.757 [281472755798240] DEBUG - Reading 486 bytes in the body, code is 200
Mar 24, 2026 22:43:03.757 [281472755798240] DEBUG - [com.plexapp.system] Plug-in running on port 38351.
Mar 24, 2026 22:43:03.757 [281472755798240] DEBUG -  * Plug-in handles prefix: /system
Mar 24, 2026 22:43:03.757 [281472755798240] DEBUG -  * Plug-in handles prefix: /player
Mar 24, 2026 22:43:03.757 [281472755798240] DEBUG - Read configuration for [com.plexapp.system], had 2 prefixes
Mar 24, 2026 22:43:03.757 [281472755798240] DEBUG - Done with 1 synchronous plug-in starts, starting the rest in parallel.
Mar 24, 2026 22:43:03.757 [281472755798240] DEBUG - PluginRepository::setStartState: 2, startingPlugins
Mar 24, 2026 22:43:03.757 [281472755798240] DEBUG - Updating the list of agents known by the system.
Mar 24, 2026 22:43:03.758 [281472755798240] DEBUG - [com.plexapp.system] Sending command over HTTP (GET): /system/agents
Mar 24, 2026 22:43:03.758 [281472755798240] DEBUG - [HCl#4] HTTP requesting GET http://127.0.0.1:38351/system/agents
Mar 24, 2026 22:43:03.758 [281472899575840] DEBUG - Image transcode cache directory: "/config/Library/Application Support/Plex Media Server/Cache/PhotoTranscoder"
Mar 24, 2026 22:43:03.758 [281472899575840] DEBUG - Transcoder: Cleaning old transcode directories.
Mar 24, 2026 22:43:03.759 [281472899575840] DEBUG - MyPlex: using cached data for request for https://plex.tv/api/v2/server/access_tokens?auth_token=xxxxxxxxxxxxxxxxxxxx
Mar 24, 2026 22:43:03.760 [281472899575840] DEBUG - MyPlex: updating with 8 access tokens
Mar 24, 2026 22:43:03.760 [281472899575840] DEBUG - MyPlex: using cached data for request for https://plex.tv/api/v2/server/users?auth_token=xxxxxxxxxxxxxxxxxxxx
Mar 24, 2026 22:43:03.760 [281472899575840] DEBUG - MyPlex: using cached data for request for https://plex.tv/api/v2/server/users/subscriptions?auth_token=xxxxxxxxxxxxxxxxxxxx
Mar 24, 2026 22:43:03.760 [281472899575840] DEBUG - MyPlex: using cached data for request for https://plex.tv/api/v2/server/users/services?auth_token=xxxxxxxxxxxxxxxxxxxx
Mar 24, 2026 22:43:03.760 [281472899575840] DEBUG - MyPlex: using cached data for request for https://plex.tv/api/v2/user?includeSubscriptions=1&includeProviders=1
Mar 24, 2026 22:43:03.761 [281472899575840] DEBUG - MyPlex: username is oscaarp, login is oscaarpelagio@gmail.com, home is 0, no pin
Mar 24, 2026 22:43:03.762 [281472899575840] DEBUG - MyPlex: start public ip check and mapping - current mapped state: 'Unknown'.
Mar 24, 2026 22:43:03.762 [281472899575840] DEBUG - MyPlex: mapping state set to 'Not Mapped'.
Mar 24, 2026 22:43:03.762 [281472899575840] DEBUG - PublicAddressManager: Starting.
Mar 24, 2026 22:43:03.762 [281472899575840] DEBUG - PublicAddressManager: Obtaining public address and mapping port.
Mar 24, 2026 22:43:03.762 [281472796709088] DEBUG - PublicAddressManager: Obtaining public IP.
Mar 24, 2026 22:43:03.762 [281472796709088] DEBUG - [HCl#5] HTTP requesting GET https://v4.plex.tv/pms/:/ip
Mar 24, 2026 22:43:03.762 [281472741032160] DEBUG - [HCl#6] HTTP requesting GET https://plex.tv/api/v2/user?includeSubscriptions=1&includeProviders=1
Mar 24, 2026 22:43:03.763 [281472899575840] DEBUG - NetworkInterface: Starting watch thread.
Mar 24, 2026 22:43:03.763 [281472736813280] DEBUG - NetworkInterface: Watching for changes on the interfaces.
Mar 24, 2026 22:43:03.763 [281472899575840] DEBUG - Network change.
Mar 24, 2026 22:43:03.763 [281472899575840] DEBUG - NetworkInterface: Notified of network changed (force=0)
Mar 24, 2026 22:43:03.763 [281472749469920] DEBUG - NAT: UPnP, attempting port mapping.
Mar 24, 2026 22:43:03.763 [281472899575840] DEBUG - Detected primary interface: 192.168.147.5
Mar 24, 2026 22:43:03.763 [281472899575840] DEBUG - Network interfaces:
Mar 24, 2026 22:43:03.763 [281472899575840] DEBUG -  * 1 lo (127.0.0.1) (00-00-00-00-00-00) (loopback: 1)
Mar 24, 2026 22:43:03.763 [281472899575840] DEBUG -  * 5 eth0 (192.168.147.5) (A6-1F-3B-E1-09-B8) (loopback: 0)
Mar 24, 2026 22:43:03.764 [281472899575840] DEBUG -  * 1 lo (::1) (00-00-00-00-00-00) (loopback: 1)
Mar 24, 2026 22:43:03.764 [281472899575840] DEBUG - Creating NetworkServices singleton.
Mar 24, 2026 22:43:03.764 [281472899575840] DEBUG - NetworkServices: Initializing...
Mar 24, 2026 22:43:03.764 [281472899575840] DEBUG - NetworkService: Creating new service.
Mar 24, 2026 22:43:03.764 [281472899575840] DEBUG - NetworkService: Got notification of changed network (first change: 1)
Mar 24, 2026 22:43:03.764 [281472899575840] DEBUG - NetworkService: Quick dispatch of network change.
Mar 24, 2026 22:43:03.764 [281472899575840] DEBUG - NetworkService: Creating new service.
Mar 24, 2026 22:43:03.764 [281472899575840] DEBUG - NetworkService: Got notification of changed network (first change: 1)
Mar 24, 2026 22:43:03.764 [281472899575840] DEBUG - NetworkService: Quick dispatch of network change.
Mar 24, 2026 22:43:03.764 [281472899575840] DEBUG - NetworkService: Creating new service.
Mar 24, 2026 22:43:03.764 [281472734703840] DEBUG - Network change for advertiser.
Mar 24, 2026 22:43:03.764 [281472734703840] DEBUG - NetworkService: Setting up multicast listener on 0.0.0.0:32414
Mar 24, 2026 22:43:03.764 [281472899575840] DEBUG - NetworkService: Got notification of changed network (first change: 1)
Mar 24, 2026 22:43:03.764 [281472899575840] DEBUG - NetworkService: Quick dispatch of network change.
Mar 24, 2026 22:43:03.764 [281472899575840] DEBUG - NetworkService: Creating new service.
Mar 24, 2026 22:43:03.764 [281472899575840] DEBUG - NetworkService: Got notification of changed network (first change: 1)
Mar 24, 2026 22:43:03.764 [281472899575840] DEBUG - NetworkService: Quick dispatch of network change.
Mar 24, 2026 22:43:03.764 [281472899575840] DEBUG - NetworkService: Creating new service.
Mar 24, 2026 22:43:03.764 [281472899575840] DEBUG - NetworkService: Got notification of changed network (first change: 1)
Mar 24, 2026 22:43:03.764 [281472899575840] DEBUG - NetworkService: Quick dispatch of network change.
Mar 24, 2026 22:43:03.764 [281472899575840] DEBUG - NetworkService: Creating new service.
Mar 24, 2026 22:43:03.764 [281472899575840] DEBUG - NetworkService: Got notification of changed network (first change: 1)
Mar 24, 2026 22:43:03.764 [281472899575840] DEBUG - NetworkService: Quick dispatch of network change.
Mar 24, 2026 22:43:03.764 [281472734703840] DEBUG - Network change for advertiser.
Mar 24, 2026 22:43:03.764 [281472734703840] DEBUG - NetworkService: Setting up multicast listener on 0.0.0.0:32410
Mar 24, 2026 22:43:03.764 [281472734703840] DEBUG - Network change for advertiser.
Mar 24, 2026 22:43:03.764 [281472734703840] DEBUG - NetworkService: Setting up multicast listener on 0.0.0.0:32412
Mar 24, 2026 22:43:03.764 [281472734703840] DEBUG - NetworkService: Network change for browser (polled=0), closing 0 browse sockets.
Mar 24, 2026 22:43:03.764 [281472734703840] DEBUG - NetworkService: Setting up multicast listener on 0.0.0.0:32413
Mar 24, 2026 22:43:03.764 [281472734703840] DEBUG - NetworkService: Browsing on interface 127.0.0.1 on broadcast address 127.255.255.255 (index: 0)
Mar 24, 2026 22:43:03.764 [281472734703840] DEBUG - NetworkService: Browsing on interface 192.168.147.5 on broadcast address 192.168.147.255 (index: 1)
Mar 24, 2026 22:43:03.764 [281472734703840] DEBUG - NetworkService: Network change for browser (polled=1), closing 0 browse sockets.
Mar 24, 2026 22:43:03.764 [281472734703840] DEBUG - NetworkService: Browsing on interface 127.0.0.1 on broadcast address 127.255.255.255 (index: 0)
Mar 24, 2026 22:43:03.764 [281472734703840] DEBUG - NetworkService: Browsing on interface 192.168.147.5 on broadcast address 192.168.147.255 (index: 1)
Mar 24, 2026 22:43:03.764 [281472734703840] DEBUG - NetworkService: Network change for browser (polled=0), closing 0 browse sockets.
Mar 24, 2026 22:43:03.764 [281472734703840] DEBUG - NetworkService: Setting up multicast listener on 0.0.0.0:1901
Mar 24, 2026 22:43:03.764 [281472734703840] DEBUG - NetworkService: Browsing on interface 192.168.147.5 on broadcast address 239.255.255.250 (index: 0)
Mar 24, 2026 22:43:03.765 [281472722047200] DEBUG - [DatabaseFixups] Running fix-ups.
Mar 24, 2026 22:43:03.765 [281472722047200] DEBUG - [DatabaseFixups/31DatabaseFixupsCleanupRetroGames] Executing fixup
Mar 24, 2026 22:43:03.765 [281472899575840] DEBUG - Waiting for server condition to be signaled.
Mar 24, 2026 22:43:03.765 [281472722047200] DEBUG - [DatabaseFixups/31DatabaseFixupsCleanupRetroGames] Fixup completed
Mar 24, 2026 22:43:03.765 [281472722047200] DEBUG - [DatabaseFixups/39DatabaseFixupsEnsureLibrarySectionUuids] Executing fixup
Mar 24, 2026 22:43:03.765 [281472730484960] DEBUG - [HCl#7] HTTP requesting GET https://plex.tv/api/v2/user/privacy?X-Plex-Token=xxxxxxxxxxxxxxxxxxxx
Mar 24, 2026 22:43:03.765 [281472724156640] DEBUG - [HCl#8] HTTP requesting GET https://plex.tv/api/v2/release_channels?X-Plex-Token=xxxxxxxxxxxxxxxxxxxx
Mar 24, 2026 22:43:03.766 [281472728375520] DEBUG - [ChildProcessMonitor] Plex Tuner Service starting.
Mar 24, 2026 22:43:03.766 [281472728375520] DEBUG - [ChildProcessMonitor/JobRunner] Job running: "/usr/lib/plexmediaserver/Plex Tuner Service" /usr/lib/plexmediaserver/Resources/Tuner/Private /usr/lib/plexmediaserver/Resources/Tuner/Shared 1.43.0.10492-121068a07 32600
Mar 24, 2026 22:43:03.766 [281472715718880] DEBUG - [HCl#9] HTTP requesting GET https://plex.tv/api/v2/features?X-Plex-Token=xxxxxxxxxxxxxxxxxxxx
Mar 24, 2026 22:43:03.767 [281472728375520] DEBUG - [ChildProcessMonitor/JobRunner] Jobs: Starting child process with pid 288
Mar 24, 2026 22:43:03.767 [281472719937760] DEBUG - DVR: Starting up.
Mar 24, 2026 22:43:03.768 [281472719937760] DEBUG - Activity: registered new activity 49098d7c-c9ac-43ca-b0d4-27532721250b - "Processing subscriptions"
Mar 24, 2026 22:43:03.768 [281472722047200] DEBUG - [DatabaseFixups/39DatabaseFixupsEnsureLibrarySectionUuids] Fixup completed
Mar 24, 2026 22:43:03.768 [281472722047200] DEBUG - [DatabaseFixups/38DatabaseFixupsEnsureMetadataItemHashes] Executing fixup
Mar 24, 2026 22:43:03.768 [281472722047200] DEBUG - [DatabaseFixups/38DatabaseFixupsEnsureMetadataItemHashes] Fixup completed
Mar 24, 2026 22:43:03.768 [281472722047200] DEBUG - [DatabaseFixups/39DatabaseFixupsSetDefaultAccountLanguage] Executing fixup
Mar 24, 2026 22:43:03.768 [281472722047200] DEBUG - [DatabaseFixups/39DatabaseFixupsSetDefaultAccountLanguage] Fixup completed
Mar 24, 2026 22:43:03.768 [281472722047200] DEBUG - [DatabaseFixups/52DatabaseFixupsCreateDefaultMediaProcessingTargetTags] Executing fixup
Mar 24, 2026 22:43:03.768 [281472722047200] DEBUG - [DatabaseFixups/52DatabaseFixupsCreateDefaultMediaProcessingTargetTags] Fixup completed
Mar 24, 2026 22:43:03.768 [281472722047200] DEBUG - [DatabaseFixups/43DatabaseFixupsUpdateAutomaticLibraryFolders] Executing fixup
Mar 24, 2026 22:43:03.768 [281472722047200] DEBUG - [DatabaseFixups/43DatabaseFixupsUpdateAutomaticLibraryFolders] Fixup completed
Mar 24, 2026 22:43:03.768 [281472722047200] DEBUG - [DatabaseFixups/29DatabaseFixupsSyncCollections] Executing fixup
Mar 24, 2026 22:43:03.768 [281472722047200] DEBUG - [DatabaseFixups/29DatabaseFixupsSyncCollections] Collections: Found 0 collections tags in section 1.
Mar 24, 2026 22:43:03.769 [281472722047200] DEBUG - [DatabaseFixups/29DatabaseFixupsSyncCollections] Collections: We had 0 collections in the library already.
Mar 24, 2026 22:43:03.769 [281472722047200] DEBUG - [DatabaseFixups/29DatabaseFixupsSyncCollections] Collections: Synced tags in section 1 in 0ms.
Mar 24, 2026 22:43:03.769 [281472722047200] DEBUG - [DatabaseFixups/29DatabaseFixupsSyncCollections] Collections: Refreshed attributes for 0 collections in section 1 in 0ms.
Mar 24, 2026 22:43:03.769 [281472722047200] DEBUG - [DatabaseFixups/29DatabaseFixupsSyncCollections] Collection: Refreshed visibility in section 1 in 0ms.
Mar 24, 2026 22:43:03.769 [281472722047200] DEBUG - [DatabaseFixups/29DatabaseFixupsSyncCollections] Fixup completed
Mar 24, 2026 22:43:03.769 [281472722047200] DEBUG - [DatabaseFixups/31DatabaseFixupsCleanupActivities] Executing fixup
Mar 24, 2026 22:43:03.770 [281472722047200] DEBUG - [DatabaseFixups/31DatabaseFixupsCleanupActivities] Fixup completed
Mar 24, 2026 22:43:03.770 [281472722047200] DEBUG - [DatabaseFixups/35DatabaseFixupsConsolidatePeopleTags] Executing fixup
Mar 24, 2026 22:43:03.770 [281472722047200] DEBUG - [DatabaseFixups/35DatabaseFixupsConsolidatePeopleTags] Fixup completed
Mar 24, 2026 22:43:03.770 [281472722047200] DEBUG - [DatabaseFixups/54DatabaseFixupsGarbageCollectTransientMetadataRelations] Executing fixup
Mar 24, 2026 22:43:03.770 [281472722047200] DEBUG - [DatabaseFixups/54DatabaseFixupsGarbageCollectTransientMetadataRelations] Fixup completed
Mar 24, 2026 22:43:03.770 [281472722047200] DEBUG - [DatabaseFixups/48DatabaseFixupsResetCorruptedMetadataItemClusters] Executing fixup
Mar 24, 2026 22:43:03.770 [281472722047200] DEBUG - [DatabaseFixups/48DatabaseFixupsResetCorruptedMetadataItemClusters] Fixup completed
Mar 24, 2026 22:43:03.770 [281472722047200] DEBUG - [DatabaseFixups] Running database fix-ups completed in 0.0 seconds.
Mar 24, 2026 22:43:03.785 [281472760017120] DEBUG - [HttpClient/HCl#4] HTTP/1.1 (0.0s) 200 response from GET http://127.0.0.1:38351/system/agents
Mar 24, 2026 22:43:03.785 [281472755798240] DEBUG - [com.plexapp.system] HTTP reply status 200, with 8986 bytes of content.
Mar 24, 2026 22:43:03.786 [281472755798240] DEBUG - The system knows about 12 agents.
Mar 24, 2026 22:43:03.786 [281472707281120] DEBUG - Starting plug-in /usr/lib/plexmediaserver/Resources/Plug-ins-121068a07/Framework.bundle.
Mar 24, 2026 22:43:03.786 [281472709390560] DEBUG - Starting plug-in /usr/lib/plexmediaserver/Resources/Plug-ins-121068a07/HTbackdrops.bundle.
Mar 24, 2026 22:43:03.786 [281472711500000] DEBUG - Starting plug-in /usr/lib/plexmediaserver/Resources/Plug-ins-121068a07/Fanart-TV.bundle.
Mar 24, 2026 22:43:03.787 [281472707281120] DEBUG - Starting plug-in /usr/lib/plexmediaserver/Resources/Plug-ins-121068a07/LastFM.bundle.
Mar 24, 2026 22:43:03.787 [281472755798240] DEBUG - Waiting for 15 plug-ins to finish starting.
Mar 24, 2026 22:43:03.787 [281472711500000] DEBUG - Perfect cache hit, we don't need to start [com.plexapp.agents.fanarttv] yet.
Mar 24, 2026 22:43:03.787 [281472711500000] DEBUG - Starting plug-in /usr/lib/plexmediaserver/Resources/Plug-ins-121068a07/LocalMedia.bundle.
Mar 24, 2026 22:43:03.787 [281472711500000] DEBUG - Perfect cache hit, we don't need to start [com.plexapp.agents.localmedia] yet.
Mar 24, 2026 22:43:03.788 [281472711500000] DEBUG - Starting plug-in /usr/lib/plexmediaserver/Resources/Plug-ins-121068a07/LyricFind.bundle.
Mar 24, 2026 22:43:03.788 [281472711500000] DEBUG - Perfect cache hit, we don't need to start [com.plexapp.agents.lyricfind] yet.
Mar 24, 2026 22:43:03.788 [281472711500000] DEBUG - Starting plug-in /usr/lib/plexmediaserver/Resources/Plug-ins-121068a07/Media-Flags.bundle.
Mar 24, 2026 22:43:03.788 [281472711500000] DEBUG - Starting plug-in /usr/lib/plexmediaserver/Resources/Plug-ins-121068a07/MoviePosterDB.bundle.
Mar 24, 2026 22:43:03.787 [281472709390560] DEBUG - Perfect cache hit, we don't need to start [com.plexapp.agents.htbackdrops] yet.
Mar 24, 2026 22:43:03.788 [281472709390560] DEBUG - Starting plug-in /usr/lib/plexmediaserver/Resources/Plug-ins-121068a07/Musicbrainz.bundle.
Mar 24, 2026 22:43:03.793 [281472711500000] DEBUG - Perfect cache hit, we don't need to start [com.plexapp.agents.movieposterdb] yet.
Mar 24, 2026 22:43:03.793 [281472711500000] DEBUG - Starting plug-in /usr/lib/plexmediaserver/Resources/Plug-ins-121068a07/PersonalMedia.bundle.
Mar 24, 2026 22:43:03.793 [281472707281120] DEBUG - Perfect cache hit, we don't need to start [com.plexapp.agents.lastfm] yet.
Mar 24, 2026 22:43:03.793 [281472707281120] DEBUG - Starting plug-in /usr/lib/plexmediaserver/Resources/Plug-ins-121068a07/PlexMovie.bundle.
Mar 24, 2026 22:43:03.795 [281472711500000] DEBUG - Perfect cache hit, we don't need to start [com.plexapp.agents.none] yet.
Mar 24, 2026 22:43:03.795 [281472711500000] DEBUG - Starting plug-in /usr/lib/plexmediaserver/Resources/Plug-ins-121068a07/PlexThemeMusic.bundle.
Mar 24, 2026 22:43:03.795 [281472709390560] DEBUG - Perfect cache hit, we don't need to start [org.musicbrainz.agents.music] yet.
Mar 24, 2026 22:43:03.795 [281472711500000] DEBUG - Perfect cache hit, we don't need to start [com.plexapp.agents.plexthememusic] yet.
Mar 24, 2026 22:43:03.796 [281472709390560] DEBUG - Starting plug-in /usr/lib/plexmediaserver/Resources/Plug-ins-121068a07/Scanners.bundle.
Mar 24, 2026 22:43:03.796 [281472709390560] DEBUG - Starting plug-in /usr/lib/plexmediaserver/Resources/Plug-ins-121068a07/TheMovieDB.bundle.
Mar 24, 2026 22:43:03.797 [281472709390560] DEBUG - Perfect cache hit, we don't need to start [com.plexapp.agents.themoviedb] yet.
Mar 24, 2026 22:43:03.797 [281472709390560] DEBUG - Starting plug-in /usr/lib/plexmediaserver/Resources/Plug-ins-121068a07/TheTVDBv4.bundle.
Mar 24, 2026 22:43:03.797 [281472707281120] DEBUG - Perfect cache hit, we don't need to start [com.plexapp.agents.imdb] yet.
Mar 24, 2026 22:43:03.797 [281472707281120] DEBUG - Starting plug-in /usr/lib/plexmediaserver/Resources/Plug-ins-121068a07/WebClient.bundle.
Mar 24, 2026 22:43:03.798 [281472709390560] DEBUG - Perfect cache hit, we don't need to start [com.plexapp.agents.thetvdb] yet.
Mar 24, 2026 22:43:03.799 [281472755798240] DEBUG - Starting scheduled updates, every 3600 seconds
Mar 24, 2026 22:43:03.800 [281472755798240] INFO - LibraryUpdateManager path watching is disabled
Mar 24, 2026 22:43:03.800 [281472755798240] DEBUG - Done waiting for all plug-ins to start.
Mar 24, 2026 22:43:03.799 [281472694624480] DEBUG - Downloading document http://127.0.0.1:32400/:/plugins/com.plexapp.agents.imdb/prefs
Mar 24, 2026 22:43:03.800 [281472755798240] DEBUG - PluginRepository::setStartState: 3, complete
Mar 24, 2026 22:43:03.800 [281472694624480] DEBUG - Translator: Found locale af
Mar 24, 2026 22:43:03.801 [281472694624480] DEBUG - Translator: Found locale ar
Mar 24, 2026 22:43:03.801 [281472694624480] DEBUG - Translator: Found locale cs_CZ
Mar 24, 2026 22:43:03.801 [281472694624480] DEBUG - Translator: Found locale da
Mar 24, 2026 22:43:03.801 [281472694624480] DEBUG - Translator: Found locale de
Mar 24, 2026 22:43:03.801 [281472694624480] DEBUG - Translator: Found locale en
Mar 24, 2026 22:43:03.801 [281472694624480] DEBUG - Translator: Found locale es
Mar 24, 2026 22:43:03.801 [281472694624480] DEBUG - Translator: Found locale et_EE
Mar 24, 2026 22:43:03.801 [281472694624480] DEBUG - Translator: Found locale fi
Mar 24, 2026 22:43:03.801 [281472694624480] DEBUG - Translator: Found locale fr
Mar 24, 2026 22:43:03.801 [281472694624480] DEBUG - Translator: Found locale he
Mar 24, 2026 22:43:03.801 [281472694624480] DEBUG - Translator: Found locale hr_HR
Mar 24, 2026 22:43:03.802 [281472694624480] DEBUG - Translator: Found locale hu
Mar 24, 2026 22:43:03.803 [281472694624480] DEBUG - Translator: Found locale hu_HU
Mar 24, 2026 22:43:03.803 [281472694624480] DEBUG - Translator: Found locale it
Mar 24, 2026 22:43:03.803 [281472694624480] DEBUG - Translator: Found locale ja_JP
Mar 24, 2026 22:43:03.803 [281472694624480] DEBUG - Translator: Found locale ko
Mar 24, 2026 22:43:03.803 [281472694624480] DEBUG - Translator: Found locale lt
Mar 24, 2026 22:43:03.803 [281472694624480] DEBUG - Translator: Found locale nl
Mar 24, 2026 22:43:03.803 [281472694624480] DEBUG - Translator: Found locale nl_BE
Mar 24, 2026 22:43:03.803 [281472694624480] DEBUG - Translator: Found locale no
Mar 24, 2026 22:43:03.803 [281472694624480] DEBUG - Translator: Found locale pl
Mar 24, 2026 22:43:03.803 [281472694624480] DEBUG - Translator: Found locale pt
Mar 24, 2026 22:43:03.803 [281472694624480] DEBUG - Translator: Found locale pt_BR
Mar 24, 2026 22:43:03.803 [281472694624480] DEBUG - Translator: Found locale ro
Mar 24, 2026 22:43:03.803 [281472694624480] DEBUG - Translator: Found locale ru
Mar 24, 2026 22:43:03.803 [281472694624480] DEBUG - Translator: Found locale sk
Mar 24, 2026 22:43:03.803 [281472694624480] DEBUG - Translator: Found locale sl
Mar 24, 2026 22:43:03.803 [281472694624480] DEBUG - Translator: Found locale sr
Mar 24, 2026 22:43:03.803 [281472694624480] DEBUG - Translator: Found locale sv
Mar 24, 2026 22:43:03.803 [281472694624480] DEBUG - Translator: Found locale uk
Mar 24, 2026 22:43:03.803 [281472694624480] DEBUG - Translator: Found locale zh_CN
Mar 24, 2026 22:43:03.809 [281472694624480] DEBUG - [Req#a] Starting file watcher for com.plexapp.agents.imdb
Mar 24, 2026 22:43:03.809 [281472694624480] DEBUG - [Req#a] Plugin: setting environment variable: 'PYTHONHOME=/usr/lib/plexmediaserver/Resources/Python'
Mar 24, 2026 22:43:03.809 [281472694624480] DEBUG - [Req#a] Plugin: setting environment variable: 'PYTHONPATH=/usr/lib/plexmediaserver/Resources/Python/python27.zip:/usr/lib/plexmediaserver/Resources/Python/lib/python2.7/site-packages'
Mar 24, 2026 22:43:03.810 [281472694624480] DEBUG - [Req#a] Spawned plug-in com.plexapp.agents.imdb with PID 312
Mar 24, 2026 22:43:03.810 [281472694624480] DEBUG - [Req#a] [com.plexapp.agents.imdb] Sending command: GET /:/prefixes
Mar 24, 2026 22:43:03.928 [281472726266080] DEBUG - PublicAddressManager: Obtaining public address and mapping port.
Mar 24, 2026 22:43:04.109 [281472760017120] DEBUG - [HttpClient/HCl#6] HTTP/1.1 (0.3s) 200 response from GET https://plex.tv/api/v2/user?includeSubscriptions=1&includeProviders=1 (reused)
Mar 24, 2026 22:43:04.111 [281472751579360] DEBUG - MyPlex: username is oscaarp, login is oscaarpelagio@gmail.com, home is 0, no pin
Mar 24, 2026 22:43:04.114 [281472741032160] DEBUG - [HCl#a] HTTP requesting GET https://plex.tv/api/v2/geoip
Mar 24, 2026 22:43:04.234 [281472760017120] DEBUG - [HttpClient/HCl#5] HTTP/1.1 (0.5s) 200 response from GET https://v4.plex.tv/pms/:/ip
Mar 24, 2026 22:43:04.234 [281472760017120] DEBUG - [HttpClient/HCl#7] HTTP/1.1 (0.5s) 200 response from GET https://plex.tv/api/v2/user/privacy?X-Plex-Token=xxxxxxxxxxxxxxxxxxxx
Mar 24, 2026 22:43:04.234 [281472796709088] DEBUG - PublicAddressManager: Got public IP from v4.plex.tv: 79.117.226.16
Mar 24, 2026 22:43:04.243 [281472760017120] DEBUG - [HttpClient/HCl#a] HTTP/1.1 (0.1s) 200 response from GET https://plex.tv/api/v2/geoip (reused)
Mar 24, 2026 22:43:04.244 [281472719937760] DEBUG - [HCl#c] HTTP requesting GET https://plex.tv/api/v2/server/webhooks?X-Plex-Token=xxxxxxxxxxxxxxxxxxxx
Mar 24, 2026 22:43:04.245 [281472741032160] DEBUG - [HCl#d] HTTP requesting GET https://plex.tv/api/v2/user/privacy?X-Plex-Token=xxxxxxxxxxxxxxxxxxxx
Mar 24, 2026 22:43:04.245 [281472789070048] DEBUG - [EventSourceClient/pubsub/172.104.245.240:443] Resolving 172.104.245.240 port 443
Mar 24, 2026 22:43:04.245 [281472789070048] DEBUG - [EventSourceClient/pubsub/172.104.245.240:443] Resolved 172.104.245.240 to 172.104.245.240:443
Mar 24, 2026 22:43:04.368 [281472760017120] DEBUG - [HttpClient/HCl#8] HTTP/1.1 (0.6s) 200 response from GET https://plex.tv/api/v2/release_channels?X-Plex-Token=xxxxxxxxxxxxxxxxxxxx
Mar 24, 2026 22:43:04.370 [281472747360480] DEBUG - Request: [127.0.0.1:34478 (Loopback)] GET /system/messaging/clear_events/com.plexapp.agents.imdb (4 live) #9 GZIP Signed-in Token (oscaarp)
Mar 24, 2026 22:43:04.371 [281472747360480] DEBUG - [Req#9] [com.plexapp.system] Sending command over HTTP (GET): /system/messaging/clear_events/com.plexapp.agents.imdb
Mar 24, 2026 22:43:04.371 [281472747360480] DEBUG - [Req#9/HCl#e] HTTP requesting GET http://127.0.0.1:38351/system/messaging/clear_events/com.plexapp.agents.imdb
Mar 24, 2026 22:43:04.377 [281472760017120] DEBUG - [HttpClient/HCl#d] HTTP/1.1 (0.1s) 200 response from GET https://plex.tv/api/v2/user/privacy?X-Plex-Token=xxxxxxxxxxxxxxxxxxxx (reused)
Mar 24, 2026 22:43:04.377 [281472760017120] DEBUG - [HttpClient/HCl#e] HTTP/1.1 (0.0s) 200 response from GET http://127.0.0.1:38351/system/messaging/clear_events/com.plexapp.agents.imdb (reused)
Mar 24, 2026 22:43:04.379 [281472747360480] DEBUG - [Req#9] [com.plexapp.system] HTTP reply status 200, with 0 bytes of content.
Mar 24, 2026 22:43:04.379 [281472786960608] DEBUG - Completed: [127.0.0.1:34478] 200 GET /system/messaging/clear_events/com.plexapp.agents.imdb (4 live) #9 GZIP 8ms 280 bytes
Mar 24, 2026 22:43:04.379 [281472741032160] DEBUG - [HCl#f] HTTP requesting GET https://plex.tv/api/v2/release_channels?X-Plex-Token=xxxxxxxxxxxxxxxxxxxx
Mar 24, 2026 22:43:04.386 [281472760017120] DEBUG - [HttpClient/HCl#c] HTTP/1.1 (0.1s) 200 response from GET https://plex.tv/api/v2/server/webhooks?X-Plex-Token=xxxxxxxxxxxxxxxxxxxx (reused)
Mar 24, 2026 22:43:04.423 [281472745251040] DEBUG - Request: [127.0.0.1:34492 (Loopback)] GET /:/plugins/com.plexapp.system/resourceHashes (5 live) #d GZIP Signed-in Token (oscaarp)
Mar 24, 2026 22:43:04.423 [281472745251040] DEBUG - [Req#d] [com.plexapp.system] Sending command over HTTP (GET): /:/plugins/com.plexapp.system/resourceHashes
Mar 24, 2026 22:43:04.423 [281472745251040] DEBUG - [Req#d/HCl#10] HTTP requesting GET http://127.0.0.1:38351/:/plugins/com.plexapp.system/resourceHashes
Mar 24, 2026 22:43:04.434 [281472705171680] DEBUG - [JobRunner] Job running: /usr/lib/plexmediaserver/CrashUploader "--directory=/config/Library/Application Support/Plex Media Server/Crash Reports/1.43.0.10492-121068a07" --version=1.43.0.10492-121068a07 --platform=Linux --platformVersion=6.17.8-orbstack-00308-g8f9c941121b1 --serverUuid=0b7ef4be55a6ce2cbd71deb676303551923b4830 --userId=oscaarpelagio@gmail.com --sentryUrl=https://o17675.ingest.sentry.io/api/1233455/ --sentryKey=xxxxxxxxxxxxxxxxxxxxxxxxxxxxxxxx --vendor=Docker --model=aarch64 "--device=Docker Container (LinuxServer.io)"
Mar 24, 2026 22:43:04.435 [281472705171680] DEBUG - [JobRunner] Jobs: Starting child process with pid 329
Mar 24, 2026 22:43:04.444 [281472789070048] DEBUG - [EventSourceClient/pubsub/172.104.245.240:443] Connected in 199 ms.
Mar 24, 2026 22:43:04.444 [281472789070048] DEBUG - [EventSourceClient/pubsub/172.104.245.240:443] Wrote data, reading reply.
Mar 24, 2026 22:43:04.446 [281472799301856] DEBUG - Jobs: '/usr/lib/plexmediaserver/CrashUploader' exit code for process 329 is 0 (success)
Mar 24, 2026 22:43:04.449 [281472760017120] DEBUG - [HttpClient/HCl#10] HTTP/1.1 (0.0s) 404 response from GET http://127.0.0.1:38351/:/plugins/com.plexapp.system/resourceHashes
Mar 24, 2026 22:43:04.450 [281472745251040] DEBUG - [Req#d] [com.plexapp.system] HTTP reply status 404, with 0 bytes of content.
Mar 24, 2026 22:43:04.451 [281472789070048] DEBUG - Completed: [127.0.0.1:34492] 404 GET /:/plugins/com.plexapp.system/resourceHashes (5 live) #d GZIP 27ms 261 bytes
Mar 24, 2026 22:43:04.457 [281472747360480] DEBUG - Request: [127.0.0.1:34504 (Loopback)] GET /:/plugins/com.plexapp.system/messaging/function/X0J1bmRsZVNlcnZpY2U6QWxsU2VydmljZXM_/Y2VyZWFsMQoxCmxpc3QKMApyMAo_/Y2VyZWFsMQoxCmRpY3QKMApyMAo_ (6 live) #e GZIP Signed-in Token (oscaarp)
Mar 24, 2026 22:43:04.457 [281472745251040] DEBUG - Request: [127.0.0.1:34512 (Loopback)] GET / (6 live) #10 GZIP Signed-in Token (oscaarp)
Mar 24, 2026 22:43:04.458 [281472747360480] DEBUG - [Req#e] [com.plexapp.system] Sending command over HTTP (GET): /:/plugins/com.plexapp.system/messaging/function/X0J1bmRsZVNlcnZpY2U6QWxsU2VydmljZXM_/Y2VyZWFsMQoxCmxpc3QKMApyMAo_/Y2VyZWFsMQoxCmRpY3QKMApyMAo_
Mar 24, 2026 22:43:04.458 [281472747360480] DEBUG - [Req#e/HCl#11] HTTP requesting GET http://127.0.0.1:38351/:/plugins/com.plexapp.system/messaging/function/X0J1bmRsZVNlcnZpY2U6QWxsU2VydmljZXM_/Y2VyZWFsMQoxCmxpc3QKMApyMAo_/Y2VyZWFsMQoxCmRpY3QKMApyMAo_
Mar 24, 2026 22:43:04.460 [281472789070048] DEBUG - Completed: [127.0.0.1:34512] 200 GET / (6 live) #10 GZIP 2ms 4107 bytes
Mar 24, 2026 22:43:04.462 [281472760017120] DEBUG - [HttpClient/HCl#11] HTTP/1.1 (0.0s) 200 response from GET http://127.0.0.1:38351/:/plugins/com.plexapp.system/messaging/function/X0J1bmRsZVNlcnZpY2U6QWxsU2VydmljZXM_/Y2VyZWFsMQoxCmxpc3QKMApyMAo_/Y2VyZWFsMQoxCmRpY3QKMApyMAo_
Mar 24, 2026 22:43:04.462 [281472747360480] DEBUG - [Req#e] [com.plexapp.system] HTTP reply status 200, with 516 bytes of content.
Mar 24, 2026 22:43:04.462 [281472789070048] DEBUG - Completed: [127.0.0.1:34504] 200 GET /:/plugins/com.plexapp.system/messaging/function/X0J1bmRsZVNlcnZpY2U6QWxsU2VydmljZXM_/Y2VyZWFsMQoxCmxpc3QKMApyMAo_/Y2VyZWFsMQoxCmRpY3QKMApyMAo_ (5 live) #e GZIP 4ms 746 bytes
Mar 24, 2026 22:43:04.511 [281472760017120] DEBUG - [HttpClient/HCl#f] HTTP/1.1 (0.1s) 200 response from GET https://plex.tv/api/v2/release_channels?X-Plex-Token=xxxxxxxxxxxxxxxxxxxx (reused)
Mar 24, 2026 22:43:04.512 [281472741032160] DEBUG - [HCl#12] HTTP requesting GET https://plex.tv/api/v2/features?X-Plex-Token=xxxxxxxxxxxxxxxxxxxx
Mar 24, 2026 22:43:04.599 [281472760017120] DEBUG - [HttpClient/HCl#9] HTTP/1.1 (0.8s) 200 response from GET https://plex.tv/api/v2/features?X-Plex-Token=xxxxxxxxxxxxxxxxxxxx
Mar 24, 2026 22:43:04.601 [281472715718880] DEBUG - [HCl#13] HTTP requesting GET https://plex.tv/api/v2/server/users/features
Mar 24, 2026 22:43:04.710 [281472760017120] DEBUG - [HttpClient/HCl#12] HTTP/1.1 (0.2s) 200 response from GET https://plex.tv/api/v2/features?X-Plex-Token=xxxxxxxxxxxxxxxxxxxx (reused)
Mar 24, 2026 22:43:04.711 [281472741032160] DEBUG - [HCl#14] HTTP requesting GET https://plex.tv/api/v2/server/users/features
Mar 24, 2026 22:43:04.712 [281472745251040] DEBUG - Request: [127.0.0.1:34528 (Loopback)] GET /:/plugins/com.plexapp.system/messaging/function/X0FnZW50U2VydmljZTpVcGRhdGVJbmZv/Y2VyZWFsMQoxCmxpc3QKMApyMAo_/Y2VyZWFsMQo3CmRpY3QKbGlzdApkaWN0Cmxpc3QKbGlzdApsaXN0Cmxpc3QKMgpzMjMKY29tLnBsZXhhcHAuYWdlbnRzLmltZGJzMTAKaWRlbnRpZmllcnIxCnMxMAphZ2VudF9pbmZvMQpyMgoxMApyMwpzMTEKbWVkaWFfdHlwZXNyNApzMTIKYWNjZXB0c19mcm9tbnMxNApmYWxsYmFja19hZ2VudHI1CnMxNApjb250cmlidXRlc190b3I2CnM5Cmxhbmd1YWdlc2IxczIwCnBlcnNpc3Rfc3RvcmVkX2ZpbGVzaTAKczcKdmVyc2lvbmIxczE2CnByaW1hcnlfcHJvdmlkZXJiMXM1CnByZWZzczE5ClBsZXggTW92aWUgKExlZ2FjeSlzNApuYW1lMQpzNQpNb3ZpZTEKczI5CmNvbS5wbGV4YXBwLmFnZW50cy5sb2NhbG1lZGlhMQpzMjkKY29tLnBsZXhhcHAuYWdlbnRzLnRoZW1vdmllZGIzMwpzMgplbnMyCnN2czIKZnJzMgplc3MyCm5sczIKZGVzMgppdHMyCmRhczIKYXJzMgpjYXMyCnpoczIKY3NzMgpldHMyCmZpczIKZWxzMgpoZXMyCmhpczIKaHVzMgppZHMyCmphczIKa29zMgpsdnMyCm5vczIKZmFzMgpwbHMyCnB0czIKcm9zMgpydXMyCnNrczIKdGhzMgp0cnMyCnVrczIKdmlyMAo_ (5 live) #11 GZIP Signed-in Token (oscaarp)
Mar 24, 2026 22:43:04.712 [281472745251040] DEBUG - [Req#11] [com.plexapp.system] Sending command over HTTP (GET): /:/plugins/com.plexapp.system/messaging/function/X0FnZW50U2VydmljZTpVcGRhdGVJbmZv/Y2VyZWFsMQoxCmxpc3QKMApyMAo_/Y2VyZWFsMQo3CmRpY3QKbGlzdApkaWN0Cmxpc3QKbGlzdApsaXN0Cmxpc3QKMgpzMjMKY29tLnBsZXhhcHAuYWdlbnRzLmltZGJzMTAKaWRlbnRpZmllcnIxCnMxMAphZ2VudF9pbmZvMQpyMgoxMApyMwpzMTEKbWVkaWFfdHlwZXNyNApzMTIKYWNjZXB0c19mcm9tbnMxNApmYWxsYmFja19hZ2VudHI1CnMxNApjb250cmlidXRlc190b3I2CnM5Cmxhbmd1YWdlc2IxczIwCnBlcnNpc3Rfc3RvcmVkX2ZpbGVzaTAKczcKdmVyc2lvbmIxczE2CnByaW1hcnlfcHJvdmlkZXJiMXM1CnByZWZzczE5ClBsZXggTW92aWUgKExlZ2FjeSlzNApuYW1lMQpzNQpNb3ZpZTEKczI5CmNvbS5wbGV4YXBwLmFnZW50cy5sb2NhbG1lZGlhMQpzMjkKY29tLnBsZXhhcHAuYWdlbnRzLnRoZW1vdmllZGIzMwpzMgplbnMyCnN2czIKZnJzMgplc3MyCm5sczIKZGVzMgppdHMyCmRhczIKYXJzMgpjYXMyCnpoczIKY3NzMgpldHMyCmZpczIKZWxzMgpoZXMyCmhpczIKaHVzMgppZHMyCmphczIKa29zMgpsdnMyCm5vczIKZmFzMgpwbHMyCnB0czIKcm9zMgpydXMyCnNrczIKdGhzMgp0cnMyCnVrczIKdmlyMAo_
Mar 24, 2026 22:43:04.712 [281472745251040] DEBUG - [Req#11/HCl#15] HTTP requesting GET http://127.0.0.1:38351/:/plugins/com.plexapp.system/messaging/function/X0FnZW50U2VydmljZTpVcGRhdGVJbmZv/Y2VyZWFsMQoxCmxpc3QKMApyMAo_/Y2VyZWFsMQo3CmRpY3QKbGlzdApkaWN0Cmxpc3QKbGlzdApsaXN0Cmxpc3QKMgpzMjMKY29tLnBsZXhhcHAuYWdlbnRzLmltZGJzMTAKaWRlbnRpZmllcnIxCnMxMAphZ2VudF9pbmZvMQpyMgoxMApyMwpzMTEKbWVkaWFfdHlwZXNyNApzMTIKYWNjZXB0c19mcm9tbnMxNApmYWxsYmFja19hZ2VudHI1CnMxNApjb250cmlidXRlc190b3I2CnM5Cmxhbmd1YWdlc2IxczIwCnBlcnNpc3Rfc3RvcmVkX2ZpbGVzaTAKczcKdmVyc2lvbmIxczE2CnByaW1hcnlfcHJvdmlkZXJiMXM1CnByZWZzczE5ClBsZXggTW92aWUgKExlZ2FjeSlzNApuYW1lMQpzNQpNb3ZpZTEKczI5CmNvbS5wbGV4YXBwLmFnZW50cy5sb2NhbG1lZGlhMQpzMjkKY29tLnBsZXhhcHAuYWdlbnRzLnRoZW1vdmllZGIzMwpzMgplbnMyCnN2czIKZnJzMgplc3MyCm5sczIKZGVzMgppdHMyCmRhczIKYXJzMgpjYXMyCnpoczIKY3NzMgpldHMyCmZpczIKZWxzMgpoZXMyCmhpczIKaHVzMgppZHMyCmphczIKa29zMgpsdnMyCm5vczIKZmFzMgpwbHMyCnB0czIKcm9zMgpydXMyCnNrczIKdGhzMgp0cnMyCnVrczIKdmlyMAo_
Mar 24, 2026 22:43:04.714 [281472760017120] DEBUG - [HttpClient/HCl#15] HTTP/1.1 (0.0s) 200 response from GET http://127.0.0.1:38351/:/plugins/com.plexapp.system/messaging/function/X0FnZW50U2VydmljZTpVcGRhdGVJbmZv/Y2VyZWFsMQoxCmxpc3QKMApyMAo_/Y2VyZWFsMQo3CmRpY3QKbGlzdApkaWN0Cmxpc3QKbGlzdApsaXN0Cmxpc3QKMgpzMjMKY29tLnBsZXhhcHAuYWdlbnRzLmltZGJzMTAKaWRlbnRpZmllcnIxCnMxMAphZ2VudF9pbmZvMQpyMgoxMApyMwpzMTEKbWVkaWFfdHlwZXNyNApzMTIKYWNjZXB0c19mcm9tbnMxNApmYWxsYmFja19hZ2VudHI1CnMxNApjb250cmlidXRlc190b3I2CnM5Cmxhbmd1YWdlc2IxczIwCnBlcnNpc3Rfc3RvcmVkX2ZpbGVzaTAKczcKdmVyc2lvbmIxczE2CnByaW1hcnlfcHJvdmlkZXJiMXM1CnByZWZzczE5ClBsZXggTW92aWUgKExlZ2FjeSlzNApuYW1lMQpzNQpNb3ZpZTEKczI5CmNvbS5wbGV4YXBwLmFnZW50cy5sb2NhbG1lZGlhMQpzMjkKY29tLnBsZXhhcHAuYWdlbnRzLnRoZW1vdmllZGIzMwpzMgplbnMyCnN2czIKZnJzMgplc3MyCm5sczIKZGVzMgppdHMyCmRhczIKYXJzMgpjYXMyCnpoczIKY3NzMgpldHMyCmZpczIKZWxzMgpoZXMyCmhpczIKaHVzMgppZHMyCmphczIKa29zMgpsdnMyCm5vczIKZmFzMgpwbHMyCnB0czIKcm9zMgpydXMyCnNrczIKdGhzMgp0cnMyCnVrczIKdmlyMAo_
Mar 24, 2026 22:43:04.714 [281472745251040] DEBUG - [Req#11] [com.plexapp.system] HTTP reply status 200, with 16 bytes of content.
Mar 24, 2026 22:43:04.714 [281472789070048] DEBUG - Completed: [127.0.0.1:34528] 200 GET /:/plugins/com.plexapp.system/messaging/function/X0FnZW50U2VydmljZTpVcGRhdGVJbmZv/Y2VyZWFsMQoxCmxpc3QKMApyMAo_/Y2VyZWFsMQo3CmRpY3QKbGlzdApkaWN0Cmxpc3QKbGlzdApsaXN0Cmxpc3QKMgpzMjMKY29tLnBsZXhhcHAuYWdlbnRzLmltZGJzMTAKaWRlbnRpZmllcnIxCnMxMAphZ2VudF9pbmZvMQpyMgoxMApyMwpzMTEKbWVkaWFfdHlwZXNyNApzMTIKYWNjZXB0c19mcm9tbnMxNApmYWxsYmFja19hZ2VudHI1CnMxNApjb250cmlidXRlc190b3I2CnM5Cmxhbmd1YWdlc2IxczIwCnBlcnNpc3Rfc3RvcmVkX2ZpbGVzaTAKczcKdmVyc2lvbmIxczE2CnByaW1hcnlfcHJvdmlkZXJiMXM1CnByZWZzczE5ClBsZXggTW92aWUgKExlZ2FjeSlzNApuYW1lMQpzNQpNb3ZpZTEKczI5CmNvbS5wbGV4YXBwLmFnZW50cy5sb2NhbG1lZGlhMQpzMjkKY29tLnBsZXhhcHAuYWdlbnRzLnRoZW1vdmllZGIzMwpzMgplbnMyCnN2czIKZnJzMgplc3MyCm5sczIKZGVzMgppdHMyCmRhczIKYXJzMgpjYXMyCnpoczIKY3NzMgpldHMyCmZpczIKZWxzMgpoZXMyCmhpczIKaHVzMgppZHMyCmphczIKa29zMgpsdnMyCm5vczIKZmFzMgpwbHMyCnB0czIKcm9zMgpydXMyCnNrczIKdGhzMgp0cnMyCnVrczIKdmlyMAo_ (5 live) #11 GZIP 2ms 415 bytes
Mar 24, 2026 22:43:04.716 [281472694624480] DEBUG - [Req#a] Reading 148 bytes in the body, code is 200
Mar 24, 2026 22:43:04.716 [281472694624480] DEBUG - [Req#a] [com.plexapp.agents.imdb] Plug-in running on port 35027.
Mar 24, 2026 22:43:04.716 [281472694624480] DEBUG - [Req#a] Read configuration for [com.plexapp.agents.imdb], had 0 prefixes
Mar 24, 2026 22:43:04.716 [281472694624480] DEBUG - [Req#a] [com.plexapp.agents.imdb] Sending command over HTTP (GET): /:/plugins/com.plexapp.agents.imdb/prefs
Mar 24, 2026 22:43:04.716 [281472694624480] DEBUG - [Req#a/HCl#16] HTTP requesting GET http://127.0.0.1:35027/:/plugins/com.plexapp.agents.imdb/prefs
Mar 24, 2026 22:43:04.724 [281472760017120] DEBUG - [HttpClient/HCl#16] HTTP/1.1 (0.0s) 200 response from GET http://127.0.0.1:35027/:/plugins/com.plexapp.agents.imdb/prefs
Mar 24, 2026 22:43:04.724 [281472694624480] DEBUG - [Req#a] [com.plexapp.agents.imdb] HTTP reply status 200, with 2224 bytes of content.
Mar 24, 2026 22:43:04.724 [281472694624480] DEBUG - Caching document http://127.0.0.1:32400/:/plugins/com.plexapp.agents.imdb/prefs as df1874319c00e676b80934ef09914f498f0abf90
Mar 24, 2026 22:43:04.724 [281472694624480] DEBUG - IVA: Downloading trailer lists.
Mar 24, 2026 22:43:04.739 [281472760017120] DEBUG - [HttpClient/HCl#13] HTTP/1.1 (0.1s) 200 response from GET https://plex.tv/api/v2/server/users/features (reused)
Mar 24, 2026 22:43:04.792 [281472694624480] DEBUG - IVA: Downloaded 47 trailers for source 1.
Mar 24, 2026 22:43:04.888 [281472789070048] DEBUG - [EventSourceClient/pubsub/172.104.245.240:443] Read HTTP reply header.
Mar 24, 2026 22:43:04.888 [281472789070048] DEBUG - [EventSourceClient/pubsub/172.104.245.240:443] MyPlex: We appear to have regained Internet connectivity.
Mar 24, 2026 22:43:04.889 [281472760017120] DEBUG - [HttpClient/HCl#14] HTTP/1.1 (0.2s) 200 response from GET https://plex.tv/api/v2/server/users/features (reused)
Mar 24, 2026 22:43:04.891 [281472789070048] DEBUG - [EventSourceClient/pubsub/172.104.245.240:443] PublicAddressManager: Obtaining public address and mapping port.
Mar 24, 2026 22:43:04.895 [281472789070048] DEBUG - [EventSourceClient/pubsub/172.104.245.240:443] MyPlex: async reachability check - current mapped state: 'Not Mapped'.
Mar 24, 2026 22:43:04.895 [281472789070048] WARN - [EventSourceClient/pubsub/172.104.245.240:443] MyPlex: attempted a reachability check but we're not yet mapped.
Mar 24, 2026 22:43:04.895 [281472789070048] DEBUG - [EventSourceClient/pubsub/172.104.245.240:443] Successfully connected to 172.104.245.240.
Mar 24, 2026 22:43:04.896 [281472694624480] DEBUG - IVA: Downloaded 28 trailers for source 2.
Mar 24, 2026 22:43:04.897 [281472741032160] DEBUG - CERT: Certificate will not expire soon; we'll check again in a week.
Mar 24, 2026 22:43:04.897 [281472690405600] DEBUG - MyPlex: sendMapping resetting state - previous mapping state: 'Not Mapped'.
Mar 24, 2026 22:43:04.897 [281472690405600] DEBUG - MyPlex: mapping state set to 'Unknown'.
Mar 24, 2026 22:43:04.897 [281472741032160] DEBUG - MyPlex: Updating device connections (from timer: 0)
Mar 24, 2026 22:43:04.897 [281472741032160] DEBUG - [HCl#19] HTTP requesting PUT https://plex.tv/devices/0b7ef4be55a6ce2cbd71deb676303551923b4830?Connection[][uri]=http://192.168.1.129:32400&Connection[][uri]=http://192.168.147.5:32400&httpsEnabled=1&httpsRequired=0&dnsRebindingProtection=0&X-Plex-Token=xxxxxxxxxxxxxxxxxxxx
Mar 24, 2026 22:43:04.897 [281472690405600] DEBUG - MyPlex: Sending Server Info to myPlex (user=oscaarpelagio@gmail.com, ip=, port=0)
Mar 24, 2026 22:43:04.897 [281472690405600] DEBUG - [HCl#1a] HTTP requesting POST https://plex.tv/servers.xml?auth_token=xxxxxxxxxxxxxxxxxxxx
Mar 24, 2026 22:43:05.052 [281472760017120] DEBUG - [HttpClient/HCl#1a] HTTP/1.1 (0.2s) 422 response from POST https://plex.tv/servers.xml?auth_token=xxxxxxxxxxxxxxxxxxxx (reused)
Mar 24, 2026 22:43:05.052 [281472690405600] DEBUG - MyPlex: Published Mapping State response was 422
Mar 24, 2026 22:43:05.052 [281472690405600] DEBUG - MyPlex: Got response for 0b7ef4be55a6ce2cbd71deb676303551923b4830 ~ registered :0
Mar 24, 2026 22:43:05.052 [281472690405600] DEBUG - MyPlex: updating mapped state - current state: 'Not Mapped'
Mar 24, 2026 22:43:05.052 [281472690405600] DEBUG - MyPlex: mapping state set to 'Not Mapped'.
Mar 24, 2026 22:43:05.056 [281472760017120] DEBUG - [HttpClient/HCl#19] HTTP/1.1 (0.2s) 200 response from PUT https://plex.tv/devices/0b7ef4be55a6ce2cbd71deb676303551923b4830?Connection[][uri]=http://192.168.1.129:32400&Connection[][uri]=http://192.168.147.5:32400&httpsEnabled=1&httpsRequired=0&dnsRebindingProtection=0&X-Plex-Token=xxxxxxxxxxxxxxxxxxxx (reused)
Mar 24, 2026 22:43:07.244 [281472715718880] DEBUG - [MediaProviderManager] Refreshing media providers
Mar 24, 2026 22:43:07.246 [281472715718880] DEBUG - [MediaProviderManager/Response::fetch/HCl#1d] HTTP requesting GET https://plex.tv/media/providers
Mar 24, 2026 22:43:07.377 [281472760017120] DEBUG - [HttpClient/HCl#1d] HTTP/1.1 (0.1s) 200 response from GET https://plex.tv/media/providers (reused)
Mar 24, 2026 22:43:07.377 [281472715718880] DEBUG - [MediaProviderManager] discovered cloud provider (Movies & Shows)
Mar 24, 2026 22:43:07.377 [281472715718880] DEBUG - [MediaProviderManager] discovered cloud provider (Metadata)
Mar 24, 2026 22:43:07.377 [281472715718880] DEBUG - [MediaProviderManager] loading cloud provider details (Metadata) (alive: 0)
Mar 24, 2026 22:43:07.378 [281472698843360] DEBUG - [MediaProviderManager/HCl#20] HTTP requesting GET https://vod.provider.plex.tv?includePreferences=1
Mar 24, 2026 22:43:07.536 [281472715718880] DEBUG - [MediaProviderManager] loading cloud provider details (Movies & Shows) (alive: 0)
Mar 24, 2026 22:43:07.536 [281472715718880] DEBUG - [MediaProviderManager/HCl#21] HTTP requesting GET https://vod.provider.plex.tv?includePreferences=1
Mar 24, 2026 22:43:07.542 [281472760017120] DEBUG - [HttpClient/HCl#20] HTTP/2.0 (0.2s) 200 response from GET https://vod.provider.plex.tv?includePreferences=1
Mar 24, 2026 22:43:07.558 [281472760017120] DEBUG - [HttpClient/HCl#21] HTTP/2.0 (0.0s) 200 response from GET https://vod.provider.plex.tv?includePreferences=1 (reused)
Mar 24, 2026 22:43:07.559 [281472715718880] DEBUG - [MediaProviderManager] we had 0 cloud providers online, we now have 2
Mar 24, 2026 22:43:07.559 [281472715718880] DEBUG - [MediaProviderManager] cloud provider (Metadata) is online and available
Mar 24, 2026 22:43:07.559 [281472715718880] DEBUG - [MediaProviderManager] cloud provider (Movies & Shows) is online and available
Mar 24, 2026 22:43:07.560 [281472715718880] DEBUG - [MediaProviderManager/MetadataAgentManager] Found media provider for agent provider 'tv.plex.agents.movie' with source URI 'provider://tv.plex.provider.metadata'
Mar 24, 2026 22:43:07.560 [281472715718880] DEBUG - [MediaProviderManager/MetadataAgentManager] Found media provider for agent provider 'tv.plex.agents.series' with source URI 'provider://tv.plex.provider.metadata'
Mar 24, 2026 22:43:07.560 [281472715718880] DEBUG - [MediaProviderManager/MetadataAgentManager] Found media provider for agent provider 'tv.plex.agents.music' with source URI 'provider://tv.plex.provider.metadata'
Mar 24, 2026 22:43:07.560 [281472715718880] DEBUG - [MediaProviderManager/MetadataAgentManager] Found media provider for agent provider 'org.musicbrainz.agents.music' with source URI 'provider://tv.plex.provider.metadata'
Mar 24, 2026 22:43:07.560 [281472715718880] DEBUG - [MediaProviderManager] Media provider refresh complete
Mar 24, 2026 22:43:08.768 [281472734703840] DEBUG - [NSB] NetworkServiceBrowser: SERVER arrived: 127.0.0.1 (film-dealers)
Mar 24, 2026 22:43:08.768 [281472734703840] DEBUG - [NSB] Notifying the system bundle an update to server /system/notify/serverUpdated?host=127.0.0.1
Mar 24, 2026 22:43:08.768 [281472734703840] DEBUG - [NSB] [com.plexapp.system] Sending command over HTTP (GET): /system/notify/serverUpdated?host=127.0.0.1
Mar 24, 2026 22:43:08.768 [281472734703840] DEBUG - [NSB/HCl#22] HTTP requesting GET http://127.0.0.1:38351/system/notify/serverUpdated?host=127.0.0.1
Mar 24, 2026 22:43:08.801 [281472747360480] DEBUG - Request: [127.0.0.1:34530 (Loopback)] GET /servers (3 live) #14 GZIP Signed-in Token (oscaarp)
Mar 24, 2026 22:43:08.806 [281472789070048] DEBUG - Completed: [127.0.0.1:34530] 200 GET /servers (3 live) #14 GZIP 4ms 495 bytes
Mar 24, 2026 22:43:08.815 [281472760017120] DEBUG - [HttpClient/HCl#22] HTTP/1.1 (0.0s) 200 response from GET http://127.0.0.1:38351/system/notify/serverUpdated?host=127.0.0.1
Mar 24, 2026 22:43:08.815 [281472734703840] DEBUG - [NSB] [com.plexapp.system] HTTP reply status 200, with 0 bytes of content.
Mar 24, 2026 22:43:09.250 [281472705171680] DEBUG - [PubsubServerManager/process/HCl#23] HTTP requesting GET https://plex.tv/services/pubsub/servers
Mar 24, 2026 22:43:09.381 [281472760017120] DEBUG - [HttpClient/HCl#23] HTTP/1.1 (0.1s) 200 response from GET https://plex.tv/services/pubsub/servers (reused)
Mar 24, 2026 22:43:10.217 [281472705171680] DEBUG - [PubsubServerManager/process] Time to connect to 172.104.132.7 was 108 ms.
Mar 24, 2026 22:43:10.217 [281472705171680] DEBUG - [PubsubServerManager/process] Time to connect to 172.104.245.240 was 195 ms.
Mar 24, 2026 22:43:10.217 [281472705171680] DEBUG - [PubsubServerManager/process] Time to connect to pubsub00.pop.lhr.plex.bz was 196 ms.
Mar 24, 2026 22:43:10.217 [281472705171680] DEBUG - [PubsubServerManager/process] Time to connect to 172.104.218.101 was 324 ms.
Mar 24, 2026 22:43:10.217 [281472705171680] DEBUG - [PubsubServerManager/process] Time to connect to 45.79.211.188 was 443 ms.
Mar 24, 2026 22:43:10.217 [281472705171680] DEBUG - [PubsubServerManager/process] Time to connect to 172.105.29.107 was 443 ms.
Mar 24, 2026 22:43:10.217 [281472705171680] DEBUG - [PubsubServerManager/process] Time to connect to 45.33.125.156 was 496 ms.
Mar 24, 2026 22:43:10.217 [281472705171680] DEBUG - [PubsubServerManager/process] Time to connect to 45.33.110.53 was 558 ms.
Mar 24, 2026 22:43:10.217 [281472705171680] DEBUG - [PubsubServerManager/process] Time to connect to 139.162.120.52 was 779 ms.
Mar 24, 2026 22:43:10.217 [281472705171680] DEBUG - [PubsubServerManager/process] Time to connect to 172.104.173.210 was 805 ms.
Mar 24, 2026 22:43:10.220 [281472705171680] DEBUG - [PubsubServerManager/process] Updating best ping time for 172.104.245.240 to 195 ms.
Mar 24, 2026 22:43:12.558 [281472715718880] DEBUG - DVR:Device: Discovering and refreshing all devices.
Mar 24, 2026 22:43:12.558 [281472715718880] DEBUG - Grabber: HDHomerun discovered 0 compatible devices.
Mar 24, 2026 22:43:12.559 [281472715718880] DEBUG - [HCl#24] HTTP requesting POST http://127.0.0.1:32600/devices/discover
Mar 24, 2026 22:43:13.770 [281472730484960] DEBUG - Grabber: Cleaning up orphaned grabs.
Mar 24, 2026 22:43:13.771 [281472730484960] DEBUG - Grabber: Cleaned up 0 decrepit directories in 0.0 sec.
Mar 24, 2026 22:43:13.774 [281472730484960] DEBUG - Activity: registered new activity 6c3b2c29-54f8-4bb1-93c5-61ed172a361d - "Processing subscriptions"
Mar 24, 2026 22:43:13.774 [281472730484960] DEBUG - Subscription: Scheduling subscriptions.
Mar 24, 2026 22:43:13.774 [281472730484960] DEBUG - Subscription: Initialized 0 schedulers.
Mar 24, 2026 22:43:13.774 [281472730484960] DEBUG - Subscription: Starting with 0 grabs, scheduled 0 active ones preemptively.
Mar 24, 2026 22:43:13.774 [281472730484960] DEBUG - Subscription: Scheduled all subscriptions in 0 ms.
Mar 24, 2026 22:43:13.775 [281472730484960] DEBUG - Activity: Ended activity 6c3b2c29-54f8-4bb1-93c5-61ed172a361d.
Mar 24, 2026 22:43:13.775 [281472730484960] DEBUG - Subscription: There are 0 active grabs at the end.
Mar 24, 2026 22:43:13.775 [281472730484960] DEBUG - Activity: Ended activity 49098d7c-c9ac-43ca-b0d4-27532721250b.
Mar 24, 2026 22:43:13.775 [281472730484960] DEBUG - Subscription: Refreshed all content in 5 ms.
Mar 24, 2026 22:43:14.249 [281472717828320] DEBUG - [HCl#25] HTTP requesting GET https://plex.tv/api/resources.xml?includeHttps=1&includeRelay=1&auth_token=xxxxxxxxxxxxxxxxxxxx
Mar 24, 2026 22:43:14.545 [281472760017120] DEBUG - [HttpClient/HCl#25] HTTP/1.1 (0.3s) 200 response from GET https://plex.tv/api/resources.xml?includeHttps=1&includeRelay=1&auth_token=xxxxxxxxxxxxxxxxxxxx (reused)
Mar 24, 2026 22:43:14.547 [281472717828320] DEBUG - Media Server: Tested all servers in 0.0 seconds.
Mar 24, 2026 22:43:15.066 [281472760017120] DEBUG - [HttpClient/HCl#24] HTTP/1.1 (2.5s) 200 response from POST http://127.0.0.1:32600/devices/discover
Mar 24, 2026 22:43:15.775 [281472749469920] DEBUG - NAT: UPnP, didn't find usable IGD.
Mar 24, 2026 22:43:15.776 [281472749469920] DEBUG - NAT: PMP, attempting mapping.
Mar 24, 2026 22:43:16.029 [281472749469920] WARN - NAT: PMP, got an error: Not Supported by gateway.
Mar 24, 2026 22:43:16.029 [281472749469920] DEBUG - NAT: UPnP, attempting port mapping.
Mar 24, 2026 22:43:16.255 [281472796709088] DEBUG - NAT: UPnP, getPublicIP didn't find usable IGD.
Mar 24, 2026 22:43:16.507 [281472796709088] WARN - NAT: PMP, got an error: Not Supported by gateway.
Mar 24, 2026 22:43:16.510 [281472796709088] DEBUG - MyPlex: sendMapping resetting state - previous mapping state: 'Not Mapped'.
Mar 24, 2026 22:43:16.510 [281472796709088] DEBUG - MyPlex: mapping state set to 'Unknown'.
Mar 24, 2026 22:43:16.515 [281472796709088] DEBUG - MyPlex: Sending Server Info to myPlex (user=oscaarpelagio@gmail.com, ip=79.117.226.16, port=0)
Mar 24, 2026 22:43:16.515 [281472796709088] DEBUG - [HCl#26] HTTP requesting POST https://plex.tv/servers.xml?auth_token=xxxxxxxxxxxxxxxxxxxx
Mar 24, 2026 22:43:16.673 [281472760017120] DEBUG - [HttpClient/HCl#26] HTTP/1.1 (0.2s) 422 response from POST https://plex.tv/servers.xml?auth_token=xxxxxxxxxxxxxxxxxxxx (reused)
Mar 24, 2026 22:43:16.674 [281472796709088] DEBUG - MyPlex: Published Mapping State response was 422
Mar 24, 2026 22:43:16.674 [281472796709088] DEBUG - MyPlex: Got response for 0b7ef4be55a6ce2cbd71deb676303551923b4830 ~ registered :0
Mar 24, 2026 22:43:16.674 [281472796709088] DEBUG - MyPlex: updating mapped state - current state: 'Not Mapped'
Mar 24, 2026 22:43:16.674 [281472796709088] DEBUG - MyPlex: mapping state set to 'Not Mapped'.
Mar 24, 2026 22:43:16.675 [281472796709088] DEBUG - MyPlex: Updating device connections (from timer: 0)
Mar 24, 2026 22:43:16.675 [281472796709088] DEBUG - [HCl#27] HTTP requesting PUT https://plex.tv/devices/0b7ef4be55a6ce2cbd71deb676303551923b4830?Connection[][uri]=http://192.168.1.129:32400&Connection[][uri]=http://192.168.147.5:32400&httpsEnabled=1&httpsRequired=0&dnsRebindingProtection=0&natLoopbackSupported=0&X-Plex-Token=xxxxxxxxxxxxxxxxxxxx
Mar 24, 2026 22:43:16.822 [281472760017120] DEBUG - [HttpClient/HCl#27] HTTP/1.1 (0.1s) 200 response from PUT https://plex.tv/devices/0b7ef4be55a6ce2cbd71deb676303551923b4830?Connection[][uri]=http://192.168.1.129:32400&Connection[][uri]=http://192.168.147.5:32400&httpsEnabled=1&httpsRequired=0&dnsRebindingProtection=0&natLoopbackSupported=0&X-Plex-Token=xxxxxxxxxxxxxxxxxxxx (reused)
Mar 24, 2026 22:43:28.059 [281472749469920] DEBUG - NAT: UPnP, didn't find usable IGD.
Mar 24, 2026 22:43:28.059 [281472749469920] DEBUG - PublicAddressManager: Mapping failed.
Mar 24, 2026 22:43:28.065 [281472749469920] DEBUG - MyPlex: mapping state set to 'Mapped - Not Published'.
Mar 24, 2026 22:43:28.065 [281472749469920] DEBUG - MyPlex: sendMapping resetting state - previous mapping state: 'Mapped - Not Published'.
Mar 24, 2026 22:43:28.065 [281472749469920] DEBUG - MyPlex: mapping state set to 'Unknown'.
Mar 24, 2026 22:43:28.068 [281472749469920] DEBUG - MyPlex: Sending Server Info to myPlex (user=oscaarpelagio@gmail.com, ip=79.117.226.16, port=0)
Mar 24, 2026 22:43:28.068 [281472749469920] DEBUG - [HCl#28] HTTP requesting POST https://plex.tv/servers.xml?auth_token=xxxxxxxxxxxxxxxxxxxx
Mar 24, 2026 22:43:28.476 [281472760017120] DEBUG - [HttpClient/HCl#28] HTTP/1.1 (0.4s) 422 response from POST https://plex.tv/servers.xml?auth_token=xxxxxxxxxxxxxxxxxxxx
Mar 24, 2026 22:43:28.476 [281472749469920] DEBUG - MyPlex: Published Mapping State response was 422
Mar 24, 2026 22:43:28.476 [281472749469920] DEBUG - MyPlex: Got response for 0b7ef4be55a6ce2cbd71deb676303551923b4830 ~ registered :0
Mar 24, 2026 22:43:28.476 [281472749469920] DEBUG - MyPlex: updating mapped state - current state: 'Mapped - Not Published'
Mar 24, 2026 22:43:28.476 [281472749469920] DEBUG - MyPlex: mapping state set to 'Mapped - Publishing'.
Mar 24, 2026 22:43:28.476 [281472749469920] DEBUG - MyPlex: async reachability check - current mapped state: 'Mapped - Publishing'.
Mar 24, 2026 22:43:28.476 [281472749469920] DEBUG - MyPlex: Requesting reachability check.
Mar 24, 2026 22:43:28.476 [281472749469920] DEBUG - [HCl#29] HTTP requesting PUT https://plex.tv/api/servers/0b7ef4be55a6ce2cbd71deb676303551923b4830/connectivity?X-Plex-Token=xxxxxxxxxxxxxxxxxxxx&asyncIdentifier=8c9eeb9a-4fa7-4c81-a461-b26a9a56950f
Mar 24, 2026 22:43:28.705 [281472760017120] DEBUG - [HttpClient/HCl#29] HTTP/1.1 (0.2s) 200 response from PUT https://plex.tv/api/servers/0b7ef4be55a6ce2cbd71deb676303551923b4830/connectivity?X-Plex-Token=xxxxxxxxxxxxxxxxxxxx&asyncIdentifier=8c9eeb9a-4fa7-4c81-a461-b26a9a56950f (reused)
Mar 24, 2026 22:43:28.708 [281472749469920] DEBUG - MyPlex: Last published value didn't change, we're done.
Mar 24, 2026 22:43:28.759 [281472786960608] DEBUG - [EventSourceClient/pubsub/172.104.245.240:443] EventSource: Got event [data] '<Message address="" port="0" asyncIdentifier="8c9eeb9a-4fa7-4c81-a461-b26a9a56950f" connectivity="0" command="notifyConnectivity"/>'
Mar 24, 2026 22:43:28.760 [281472786960608] DEBUG - [EventSourceClient/pubsub/172.104.245.240:443] PubSub: Got notified of reachability for async identifier 8c9eeb9a-4fa7-4c81-a461-b26a9a56950f: 0 for :0 (responded in 54 ms)
Mar 24, 2026 22:43:28.760 [281472786960608] DEBUG - [EventSourceClient/pubsub/172.104.245.240:443] MyPlex: reachability check - current mapping state: 'Mapped - Publishing'.
Mar 24, 2026 22:43:28.760 [281472786960608] DEBUG - [EventSourceClient/pubsub/172.104.245.240:443] MyPlex: mapping state set to 'Mapped - Not Published (Not Reachable)'.
Mar 24, 2026 22:43:32.536 [281472732594400] DEBUG - [HCl#2a] HTTP requesting GET https://plex.tv/api/v2/shared_sources/owned?machineIdentifier=0b7ef4be55a6ce2cbd71deb676303551923b4830
Mar 24, 2026 22:43:32.669 [281472760017120] DEBUG - [HttpClient/HCl#2a] HTTP/1.1 (0.1s) 200 response from GET https://plex.tv/api/v2/shared_sources/owned?machineIdentifier=0b7ef4be55a6ce2cbd71deb676303551923b4830 (reused)
Mar 24, 2026 22:43:32.670 [281472732594400] DEBUG - [HCl#2b] HTTP requesting GET https://plex.tv/api/v2/server/access_tokens?auth_token=xxxxxxxxxxxxxxxxxxxx
Mar 24, 2026 22:43:32.816 [281472760017120] DEBUG - [HttpClient/HCl#2b] HTTP/1.1 (0.1s) 200 response from GET https://plex.tv/api/v2/server/access_tokens?auth_token=xxxxxxxxxxxxxxxxxxxx (reused)
Mar 24, 2026 22:43:32.821 [281472732594400] DEBUG - MyPlex: updating with 8 access tokens
Mar 24, 2026 22:43:32.822 [281472732594400] DEBUG - [HCl#2c] HTTP requesting GET https://plex.tv/api/v2/server/users?auth_token=xxxxxxxxxxxxxxxxxxxx
Mar 24, 2026 22:43:32.954 [281472760017120] DEBUG - [HttpClient/HCl#2c] HTTP/1.1 (0.1s) 200 response from GET https://plex.tv/api/v2/server/users?auth_token=xxxxxxxxxxxxxxxxxxxx (reused)
Mar 24, 2026 22:43:32.964 [281472796709088] DEBUG - [HCl#2d] HTTP requesting GET https://plex.tv/api/v2/server/users/subscriptions?auth_token=xxxxxxxxxxxxxxxxxxxx
Mar 24, 2026 22:43:33.093 [281472760017120] DEBUG - [HttpClient/HCl#2d] HTTP/1.1 (0.1s) 200 response from GET https://plex.tv/api/v2/server/users/subscriptions?auth_token=xxxxxxxxxxxxxxxxxxxx (reused)
Mar 24, 2026 22:43:33.094 [281472796709088] DEBUG - MyPlex: using cached data for request for https://plex.tv/api/v2/server/users/services?auth_token=xxxxxxxxxxxxxxxxxxxx
Mar 24, 2026 22:43:35.826 [281472694624480] DEBUG - [MediaProviderManager] Refreshing media providers
Mar 24, 2026 22:43:35.828 [281472694624480] DEBUG - [MediaProviderManager/Response::fetch/HCl#2e] HTTP requesting GET https://plex.tv/media/providers
Mar 24, 2026 22:43:35.976 [281472760017120] DEBUG - [HttpClient/HCl#2e] HTTP/1.1 (0.1s) 200 response from GET https://plex.tv/media/providers (reused)
Mar 24, 2026 22:43:35.977 [281472694624480] DEBUG - [MediaProviderManager] discovered cloud provider (Movies & Shows)
Mar 24, 2026 22:43:35.978 [281472694624480] DEBUG - [MediaProviderManager] discovered cloud provider (Metadata)
Mar 24, 2026 22:43:35.978 [281472694624480] DEBUG - [MediaProviderManager] loading cloud provider details (Metadata) (alive: 1)
Mar 24, 2026 22:43:35.978 [281472694624480] DEBUG - [MediaProviderManager] loading cloud provider details (Movies & Shows) (alive: 1)
Mar 24, 2026 22:43:35.978 [281472694624480] DEBUG - [MediaProviderManager] we had 2 cloud providers online, we now have 2
Mar 24, 2026 22:43:35.978 [281472694624480] DEBUG - [MediaProviderManager] cloud provider (Metadata) is online and available
Mar 24, 2026 22:43:35.978 [281472694624480] DEBUG - [MediaProviderManager] cloud provider (Movies & Shows) is online and available
Mar 24, 2026 22:43:35.978 [281472694624480] DEBUG - [MediaProviderManager] Media provider refresh complete
Mar 24, 2026 22:45:02.439 [281472796709088] DEBUG - BPQ: [Starting] -> [Processing]
Mar 24, 2026 22:45:02.446 [281472796709088] DEBUG - BPQ: generating queue items from 0 generator(s)
Mar 24, 2026 22:45:02.446 [281472796709088] DEBUG - BPQ: generated 0 item(s) for queue
Mar 24, 2026 22:45:02.447 [281472796709088] DEBUG - BPQ: [Processing] -> [Idle]
Mar 24, 2026 22:45:03.754 [281472747360480] DEBUG - Request: [127.0.0.1:56664 (Loopback)] GET /servers (1 live) #1f GZIP Signed-in Token (oscaarp)
Mar 24, 2026 22:45:03.767 [281472786960608] DEBUG - Completed: [127.0.0.1:56664] 200 GET /servers (2 live) #1f GZIP 13ms 495 bytes
Mar 24, 2026 22:45:03.775 [281472747360480] DEBUG - Request: [127.0.0.1:56670 (Loopback)] GET / (2 live) #2e GZIP Signed-in Token (oscaarp)
Mar 24, 2026 22:45:03.800 [281472789070048] DEBUG - Completed: [127.0.0.1:56670] 200 GET / (2 live) #2e GZIP 24ms 4105 bytes
Mar 24, 2026 22:45:03.802 [281472747360480] DEBUG - Request: [127.0.0.1:56672 (Loopback)] GET /library/sections (2 live) #30 GZIP Signed-in Token (oscaarp)
Mar 24, 2026 22:45:03.804 [281472789070048] DEBUG - Completed: [127.0.0.1:56672] 200 GET /library/sections (2 live) #30 GZIP 1ms 632 bytes
Mar 24, 2026 22:45:03.805 [281472747360480] DEBUG - Request: [127.0.0.1:56686 (Loopback)] GET /channels/all (3 live) #32 GZIP Signed-in Token (oscaarp)
Mar 24, 2026 22:45:03.805 [281472786960608] DEBUG - Completed: [127.0.0.1:56686] 200 GET /channels/all (3 live) #32 GZIP 0ms 387 bytes
Mar 24, 2026 22:45:03.807 [281472747360480] DEBUG - Request: [127.0.0.1:56700 (Loopback)] GET /library/sections (3 live) #33 GZIP Signed-in Token (oscaarp)
Mar 24, 2026 22:45:03.807 [281472789070048] DEBUG - Completed: [127.0.0.1:56700] 200 GET /library/sections (3 live) #33 GZIP 0ms 632 bytes
Mar 24, 2026 22:45:03.808 [281472747360480] DEBUG - Request: [127.0.0.1:56712 (Loopback)] GET /channels/all (3 live) #35 GZIP Signed-in Token (oscaarp)
Mar 24, 2026 22:45:03.808 [281472786960608] DEBUG - Completed: [127.0.0.1:56712] 200 GET /channels/all (3 live) #35 GZIP 0ms 387 bytes
Mar 24, 2026 22:49:29.260 [281472749469920] DEBUG - [ViewStateSync] Starting
Mar 24, 2026 22:49:29.260 [281472749469920] DEBUG - [ViewStateSync] Fetching user tokens
Mar 24, 2026 22:49:29.272 [281472749469920] DEBUG - [ViewStateSync/HCl#2f] HTTP requesting GET https://plex.tv/api/v2/server/users/services?auth_token=xxxxxxxxxxxxxxxxxxxx
Mar 24, 2026 22:49:29.891 [281472760017120] DEBUG - [HttpClient/HCl#2f] HTTP/1.1 (0.6s) 200 response from GET https://plex.tv/api/v2/server/users/services?auth_token=xxxxxxxxxxxxxxxxxxxx
Mar 24, 2026 22:49:29.923 [281472796709088] DEBUG - [ViewStateSync] No user tokens found; stopping
Mar 24, 2026 23:05:22.174 [281472799301856] DEBUG - Shutting down with signal 15 (Terminated)
Mar 24, 2026 23:05:22.174 [281472799301856] DEBUG - Ordered to stop server.
Mar 24, 2026 23:05:22.178 [281472799301856] DEBUG - [JobRunner] Job running: /usr/lib/plexmediaserver/CrashUploader --sessionStatus=exited --sessionStart=1774388582 --sessionDuration=1340 --version=1.43.0.10492-121068a07 --userId=oscaarpelagio@gmail.com --sentryUrl=https://o17675.ingest.sentry.io/api/1233455/ --sentryKey=xxxxxxxxxxxxxxxxxxxxxxxxxxxxxxxx
Mar 24, 2026 23:05:22.180 [281472799301856] DEBUG - [JobRunner] Jobs: Starting child process with pid 383
Mar 24, 2026 23:05:22.186 [281472899575840] DEBUG - Stopping server...
Mar 24, 2026 23:05:22.186 [281472899575840] DEBUG - HttpServer: Stopping server.
Mar 24, 2026 23:05:22.188 [281472749469920] DEBUG - TranscodeJobManager: [Running] onServerShutdown
Mar 24, 2026 23:05:22.188 [281472749469920] DEBUG - TranscodeJobManager: [Running] -> [Shutdown]
Mar 24, 2026 23:05:22.194 [281472796709088] DEBUG - MetadataItemClusterRequestHandler: a shutdown event has been received
Mar 24, 2026 23:05:22.194 [281472899575840] DEBUG - Server stopped.
Mar 24, 2026 23:05:22.194 [281472899575840] DEBUG - NetworkService: Stopping advertisement.
Mar 24, 2026 23:05:22.198 [281472899575840] DEBUG - Killing plug-ins.
Mar 24, 2026 23:05:22.216 [281472899575840] DEBUG - [com.plexapp.agents.imdb] Killing.
Mar 24, 2026 23:05:22.218 [281472799301856] WARN - JobManager: Could not find job for handle 312
Mar 24, 2026 23:05:22.219 [281472899575840] DEBUG - [com.plexapp.system] Killing.
Mar 24, 2026 23:05:22.220 [281472799301856] WARN - JobManager: Could not find job for handle 213
Mar 24, 2026 23:05:22.222 [281472899575840] DEBUG - ChildProcessMonitor: Waiting for Plex Tuner Service to exit.
Mar 24, 2026 23:05:22.222 [281472899575840] DEBUG - [JobRunner] Signalling job ID 288 with 2
Mar 24, 2026 23:05:22.298 [281472799301856] DEBUG - Jobs: '/usr/lib/plexmediaserver/Plex Tuner Service' exit code for process 288 is 0 (success)
Mar 24, 2026 23:05:22.298 [281472728375520] DEBUG - [ChildProcessMonitor] Plex Tuner Service exited.
Mar 24, 2026 23:05:22.306 [281472899575840] DEBUG - Database: Shutting down.
Mar 24, 2026 23:05:22.325 [281472899575840] DEBUG - Database: Shutting down.
