Mar 25, 2026 12:25:09.357 [0xffffba3fab08] INFO - Plex Tuner Service v1.43.0.10492-121068a07 - Docker Docker Container (LinuxServer.io) aarch64 - build: 
Mar 25, 2026 12:25:09.358 [0xffffba3fab08] INFO - Linux version: 6.12.65-linuxkit (#1 SMP Thu Jan 15 14:58:53 UTC 2026), language: en-US
Mar 25, 2026 12:25:09.359 [0xffffba3fab08] INFO - Processor Unknown architecture
Mar 25, 2026 12:25:09.359 [0xffffba3fab08] INFO - /usr/lib/plexmediaserver/Plex Tuner Service /usr/lib/plexmediaserver/Resources/Tuner/Private /usr/lib/plexmediaserver/Resources/Tuner/Shared 1.43.0.10492-121068a07 32600
Mar 25, 2026 12:25:09.347 [0xffffbc36f890] INFO - [I] broker_t::start...
Mar 25, 2026 12:25:09.355 [0xffffbc36f890] INFO - [I] device_manager_t::init.
Mar 25, 2026 12:25:09.355 [0xffffbc36f890] INFO - [I] device_manager_t::init. Initialize provider manager
Mar 25, 2026 12:25:09.355 [0xffffbc36f890] INFO - [I] device_manager_t::init. Initialize all device auxes
Mar 25, 2026 12:25:09.355 [0xffffbc36f890] INFO - [I] dvb_device_factory_t::get_aux_list
Mar 25, 2026 12:25:09.355 [0xffffbc36f890] INFO - [I] tvbutler_aux_t::init
Mar 25, 2026 12:25:09.357 [0xffffbc36f890] INFO - [I] web_server_t::start. Starting web server on port 32600
Mar 25, 2026 12:25:18.015 [0xffffb9f8fb08] INFO - [I] web_service_t::process_device_discovery
Mar 25, 2026 12:25:18.015 [0xffffb9f8fb08] INFO - [I] device_reactor_t::get_device_list ()
Mar 25, 2026 12:25:20.036 [0xffffb9f8fb08] INFO - [I] SAT2IP - discover_satip_servers(): no servers found
Mar 25, 2026 12:25:20.446 [0xffffb9f8fb08] INFO - [I] v4l::DeviceGetList_impl. getting v4l device list
Mar 25, 2026 12:25:20.447 [0xffffb9f8fb08] INFO - [I] onetv_factory::DeviceGetListEx >>
Mar 25, 2026 12:25:20.448 [0xffffb9f8fb08] WARN - [W] onetv_factory::DeviceGetListEx. libusb_init returned an error -99
Mar 25, 2026 12:29:28.582 [0xffffbc36f890] INFO - Received SIGINT: Interrupt from keyboard.
Mar 25, 2026 12:29:28.608 [0xffffbc36f890] INFO - [I] device_manager_t::term
Mar 25, 2026 12:29:28.608 [0xffffbc36f890] INFO - [I] device_manager_t::term. Stop all devices
Mar 25, 2026 12:29:28.608 [0xffffbc36f890] INFO - [I] device_manager_t::term. Shut down all device auxes
